Archive member included to satisfy reference by file (symbol)

/opt/devkitpro/devkitARM/bin/../lib/gcc/arm-none-eabi/14.2.0/thumb/libgcc.a(_call_via_rX.o)
                              mm_main_gba.o (_call_via_r1)
/opt/devkitpro/devkitARM/bin/../lib/gcc/arm-none-eabi/14.2.0/thumb/libgcc.a(_sync_none.o)
                              (__sync_synchronize_none)

Discarded input sections

 .text          0x00000000        0x0 /opt/devkitpro/devkitARM/bin/../lib/gcc/arm-none-eabi/14.2.0/../../../../arm-none-eabi/lib/thumb/gba_crt0.o
 .data          0x00000000        0x0 /opt/devkitpro/devkitARM/bin/../lib/gcc/arm-none-eabi/14.2.0/../../../../arm-none-eabi/lib/thumb/gba_crt0.o
 .bss           0x00000000        0x0 /opt/devkitpro/devkitARM/bin/../lib/gcc/arm-none-eabi/14.2.0/../../../../arm-none-eabi/lib/thumb/gba_crt0.o
 .text          0x00000000        0x0 /opt/devkitpro/devkitARM/bin/../lib/gcc/arm-none-eabi/14.2.0/thumb/crti.o
 .data          0x00000000        0x0 /opt/devkitpro/devkitARM/bin/../lib/gcc/arm-none-eabi/14.2.0/thumb/crti.o
 .bss           0x00000000        0x0 /opt/devkitpro/devkitARM/bin/../lib/gcc/arm-none-eabi/14.2.0/thumb/crti.o
 .text          0x00000000        0x0 /opt/devkitpro/devkitARM/bin/../lib/gcc/arm-none-eabi/14.2.0/thumb/crtbegin.o
 .data          0x00000000        0x0 /opt/devkitpro/devkitARM/bin/../lib/gcc/arm-none-eabi/14.2.0/thumb/crtbegin.o
 .bss           0x00000000        0x0 /opt/devkitpro/devkitARM/bin/../lib/gcc/arm-none-eabi/14.2.0/thumb/crtbegin.o
 .rodata.all_implied_fbits
                0x00000000       0x24 /opt/devkitpro/devkitARM/bin/../lib/gcc/arm-none-eabi/14.2.0/thumb/crtbegin.o
 .text          0x00000000        0x0 _bn_audio_soundbank.bin.o
 .data          0x00000000        0x0 _bn_audio_soundbank.bin.o
 .bss           0x00000000        0x0 _bn_audio_soundbank.bin.o
 .text          0x00000000        0x0 big_font_bn_gfx.o
 .data          0x00000000        0x0 big_font_bn_gfx.o
 .bss           0x00000000        0x0 big_font_bn_gfx.o
 .text          0x00000000        0x0 boss_intro_bn_gfx.o
 .data          0x00000000        0x0 boss_intro_bn_gfx.o
 .bss           0x00000000        0x0 boss_intro_bn_gfx.o
 .text          0x00000000        0x0 brightness_bn_gfx.o
 .data          0x00000000        0x0 brightness_bn_gfx.o
 .bss           0x00000000        0x0 brightness_bn_gfx.o
 .text          0x00000000        0x0 butano_background_bn_gfx.o
 .data          0x00000000        0x0 butano_background_bn_gfx.o
 .bss           0x00000000        0x0 butano_background_bn_gfx.o
 .text          0x00000000        0x0 butano_big_silhouette_bn_gfx.o
 .data          0x00000000        0x0 butano_big_silhouette_bn_gfx.o
 .bss           0x00000000        0x0 butano_big_silhouette_bn_gfx.o
 .text          0x00000000        0x0 butano_big_sprite_bn_gfx.o
 .data          0x00000000        0x0 butano_big_sprite_bn_gfx.o
 .bss           0x00000000        0x0 butano_big_sprite_bn_gfx.o
 .text          0x00000000        0x0 butano_fire_bn_gfx.o
 .data          0x00000000        0x0 butano_fire_bn_gfx.o
 .bss           0x00000000        0x0 butano_fire_bn_gfx.o
 .text          0x00000000        0x0 butano_flash_palette_bn_gfx.o
 .data          0x00000000        0x0 butano_flash_palette_bn_gfx.o
 .bss           0x00000000        0x0 butano_flash_palette_bn_gfx.o
 .text          0x00000000        0x0 butano_font_bn_gfx.o
 .data          0x00000000        0x0 butano_font_bn_gfx.o
 .bss           0x00000000        0x0 butano_font_bn_gfx.o
 .text          0x00000000        0x0 butano_huge_bn_gfx.o
 .data          0x00000000        0x0 butano_huge_bn_gfx.o
 .bss           0x00000000        0x0 butano_huge_bn_gfx.o
 .text          0x00000000        0x0 clouds_bn_gfx.o
 .data          0x00000000        0x0 clouds_bn_gfx.o
 .bss           0x00000000        0x0 clouds_bn_gfx.o
 .text          0x00000000        0x0 enemy_bullets_bn_gfx.o
 .data          0x00000000        0x0 enemy_bullets_bn_gfx.o
 .bss           0x00000000        0x0 enemy_bullets_bn_gfx.o
 .text          0x00000000        0x0 enemy_explosion_bn_gfx.o
 .data          0x00000000        0x0 enemy_explosion_bn_gfx.o
 .bss           0x00000000        0x0 enemy_explosion_bn_gfx.o
 .text          0x00000000        0x0 experience_bar_bn_gfx.o
 .data          0x00000000        0x0 experience_bar_bn_gfx.o
 .bss           0x00000000        0x0 experience_bar_bn_gfx.o
 .text          0x00000000        0x0 experience_frame_back_bn_gfx.o
 .data          0x00000000        0x0 experience_frame_back_bn_gfx.o
 .bss           0x00000000        0x0 experience_frame_back_bn_gfx.o
 .text          0x00000000        0x0 experience_frame_front_bn_gfx.o
 .data          0x00000000        0x0 experience_frame_front_bn_gfx.o
 .bss           0x00000000        0x0 experience_frame_front_bn_gfx.o
 .text          0x00000000        0x0 fighter_font_bn_gfx.o
 .data          0x00000000        0x0 fighter_font_bn_gfx.o
[...]
Memory Configuration

Name             Origin             Length             Attributes
rom              0x08000000         0x02000000
iwram            0x03000000         0x00008000
ewram            0x02000000         0x00040000
*default*        0x00000000         0xffffffff

Linker script and memory map

                0x00000000                        __sync_synchronize = __sync_synchronize_none
                0x08000000                        __text_start = ORIGIN (rom)
                0x02040000                        __eheap_end = (ORIGIN (ewram) + LENGTH (ewram))
                0x03000000                        __iwram_start = ORIGIN (iwram)
                0x03008000                        __iwram_top = (ORIGIN (iwram) + LENGTH (iwram))
                0x03007fa0                        __sp_irq = (__iwram_top - 0x60)
                0x03007f00                        __sp_usr = (__sp_irq - 0xa0)
                0x03007ff8                        __irq_flags = 0x3007ff8
                0x08000000                        . = __text_start

.crt0           0x08000000      0x210
 *(.crt0)
 .crt0          0x08000000      0x210 /opt/devkitpro/devkitARM/bin/../lib/gcc/arm-none-eabi/14.2.0/../../../../arm-none-eabi/lib/thumb/gba_crt0.o
                0x08000000                _start
                0x080000c4                __boot_method
                0x080000c5                __slave_number
                0x080000e0                start_vector
                0x08000210                        . = ALIGN (0x4)

.init           0x08000210        0xc
 *(SORT_NONE(.init))
 .init          0x08000210        0x4 /opt/devkitpro/devkitARM/bin/../lib/gcc/arm-none-eabi/14.2.0/thumb/crti.o
                0x08000210                _init
 .init          0x08000214        0x8 /opt/devkitpro/devkitARM/bin/../lib/gcc/arm-none-eabi/14.2.0/thumb/crtn.o

.plt            0x0800021c        0x0
 *(.plt)
                0x0800021c                        . = ALIGN (0x4)

.text           0x08000220    0x3e4f8
 *(EXCLUDE_FILE(*.iwram*) .text*)
 .text.__do_global_dtors_aux
                0x08000220       0x2c /opt/devkitpro/devkitARM/bin/../lib/gcc/arm-none-eabi/14.2.0/thumb/crtbegin.o
 .text.frame_dummy
                0x0800024c       0x24 /opt/devkitpro/devkitARM/bin/../lib/gcc/arm-none-eabi/14.2.0/thumb/crtbegin.o
 .text          0x08000270     0x8df4 /tmp/ccwxil6c.ltrans0.ltrans.o
                0x08000270                bf::game::tank_boss::_position() const
                0x08000298                bf::game::wizard_boss::_position() const
                0x080002ac                bf::game::gigabat_boss::_position() const
                0x080002bc                bf::game::boss::_throw_bomb() const
                0x08000628                bn::sprite_builder::~sprite_builder()
                0x08000628                bn::sprite_builder::~sprite_builder() [clone .lto_priv.0]
                0x080006b8                bn::optional<bn::camera_ptr>::operator=(bn::camera_ptr const&)
                0x0800073c                bn::random::update()
                0x0800075c                bn::fixed_rect_t<12>::intersects(bn::fixed_rect_t<12> const&) const
                0x080007b8                bf::game::direction_vector(bn::fixed_t<12>, bn::fixed_t<12>, bn::fixed_t<12>)
                0x0800083c                void _bn::assert::show_args<char [38]>(char const*, char const*, char const*, int, char const (&) [38])
                0x0800083c                void _bn::assert::show_args<char [42]>(char const*, char const*, char const*, int, char const (&) [42])
                0x0800083c                void _bn::assert::show_args<char [32]>(char const*, char const*, char const*, int, char const (&) [32])
                0x0800083c                void _bn::assert::show_args<char [16]>(char const*, char const*, char const*, int, char const (&) [16])
                0x0800083c                void _bn::assert::show_args<char [66]>(char const*, char const*, char const*, int, char const (&) [66])
                0x0800083c                void _bn::assert::show_args<char [53]>(char const*, char const*, char const*, int, char const (&) [53])
                0x0800083c                void _bn::assert::show_args<char [33]>(char const*, char const*, char const*, int, char const (&) [33])
                0x0800083c                void _bn::assert::show_args<char [17]>(char const*, char const*, char const*, int, char const (&) [17])
                0x0800083c                void _bn::assert::show_args<char [20]>(char const*, char const*, char const*, int, char const (&) [20])
                0x0800083c                void _bn::assert::show_args<char [23]>(char const*, char const*, char const*, int, char const (&) [23])
                0x0800083c                void _bn::assert::show_args<char [63]>(char const*, char const*, char const*, int, char const (&) [63])
                0x0800083c                void _bn::assert::show_args<char [37]>(char const*, char const*, char const*, int, char const (&) [37])
                0x0800083c                void _bn::assert::show_args<char [21]>(char const*, char const*, char const*, int, char const (&) [21])
                0x0800083c                void _bn::assert::show_args<char [25]>(char const*, char const*, char const*, int, char const (&) [25])
                0x0800083c                void _bn::assert::show_args<char [22]>(char const*, char const*, char const*, int, char const (&) [22])
                0x0800083c                void _bn::assert::show_args<char [27]>(char const*, char const*, char const*, int, char const (&) [27])
                0x0800083c                void _bn::assert::show_args<char [14]>(char const*, char const*, char const*, int, char const (&) [14])
                0x0800083c                void _bn::assert::show_args<char [24]>(char const*, char const*, char const*, int, char const (&) [24])
                0x0800083c                void _bn::assert::show_args<char [35]>(char const*, char const*, char const*, int, char const (&) [35])
                0x0800083c                void _bn::assert::show_args<char [55]>(char const*, char const*, char const*, int, char const (&) [55])
                0x0800083c                void _bn::assert::show_args<char [19]>(char const*, char const*, char const*, int, char const (&) [19])
                0x0800083c                void _bn::assert::show_args<char [26]>(char const*, char const*, char const*, int, char const (&) [26])
                0x0800083c                void _bn::assert::show_args<char [13]>(char const*, char const*, char const*, int, char const (&) [13])
                0x0800083c                void _bn::assert::show_args<char [18]>(char const*, char const*, char const*, int, char const (&) [18])
                0x0800083c                void _bn::assert::show_args<char [46]>(char const*, char const*, char const*, int, char const (&) [46])
                0x0800083c                void _bn::assert::show_args<char [31]>(char const*, char const*, char const*, int, char const (&) [31])
                0x0800083c                void _bn::assert::show_args<char [34]>(char const*, char const*, char const*, int, char const (&) [34])
                0x0800083c                void _bn::assert::show_args<char [15]>(char const*, char const*, char const*, int, char const (&) [15])
                0x0800083c                void _bn::assert::show_args<char [54]>(char const*, char const*, char const*, int, char const (&) [54])
                0x0800083c                void _bn::assert::show_args<char [30]>(char const*, char const*, char const*, int, char const (&) [30])
                0x0800087c                bn::iforward_list<bf::game::enemy>::value_node_type& bn::ipool<bn::iforward_list<bf::game::enemy>::value_node_type>::create<bf::game::enemy_event const&, bn::sprite_palette_ptr&, signed char&, bn::camera_ptr const&>(bf::game::enemy_event const&, bn::sprite_palette_ptr&, signed char&, bn::camera_ptr const&) [clone .part.0] [clone .lto_priv.0]
                0x0800087c                bn::iforward_list<bf::game::enemy_bullets::bullet_type>::value_node_type& bn::ipool<bn::iforward_list<bf::game::enemy_bullets::bullet_type>::value_node_type>::create<bf::game::enemy_bullets::bullet_type>(bf::game::enemy_bullets::bullet_type&&) [clone .part.0] [clone .lto_priv.0]
                0x080008a0                bf::game::boss::play_music() const
                0x08000a88                bn::ideque<bn::sprite_animate_action<7> >::push_back(bn::sprite_animate_action<7>&&)
                0x08000b50                bn::to_value_template_action<bn::sprite_ptr, bn::fixed_point_t<12>, bn::sprite_position_manager>::update()
                0x08000bb4                void bn::ostringstream::append<12>(bn::fixed_t<12>)
                0x08000c50                void _bn::assert::show_args<char [22], bn::fixed_t<12> >(char const*, char const*, char const*, int, char const (&) [22], bn::fixed_t<12> const&)
                0x08000c50                void _bn::assert::show_args<char [29], bn::fixed_t<12> >(char const*, char const*, char const*, int, char const (&) [29], bn::fixed_t<12> const&)
                0x08000c50                void _bn::assert::show_args<char [20], bn::fixed_t<12> >(char const*, char const*, char const*, int, char const (&) [20], bn::fixed_t<12> const&)
                0x08000c50                void _bn::assert::show_args<char [18], bn::fixed_t<12> >(char const*, char const*, char const*, int, char const (&) [18], bn::fixed_t<12> const&)
                0x08000c50                void _bn::assert::show_args<char [27], bn::fixed_t<12> >(char const*, char const*, char const*, int, char const (&) [27], bn::fixed_t<12> const&)
                0x08000c50                void _bn::assert::show_args<char [31], bn::fixed_t<12> >(char const*, char const*, char const*, int, char const (&) [31], bn::fixed_t<12> const&)
                0x08000c50                void _bn::assert::show_args<char [19], bn::fixed_t<12> >(char const*, char const*, char const*, int, char const (&) [19], bn::fixed_t<12> const&)
                0x08000c50                void _bn::assert::show_args<char [35], bn::fixed_t<12> >(char const*, char const*, char const*, int, char const (&) [35], bn::fixed_t<12> const&)
                0x08000c50                void _bn::assert::show_args<char [21], bn::fixed_t<12> >(char const*, char const*, char const*, int, char const (&) [21], bn::fixed_t<12> const&)
                0x08000c50                void _bn::assert::show_args<char [16], bn::fixed_t<12> >(char const*, char const*, char const*, int, char const (&) [16], bn::fixed_t<12> const&)
                0x08000c50                void _bn::assert::show_args<char [25], bn::fixed_t<12> >(char const*, char const*, char const*, int, char const (&) [25], bn::fixed_t<12> const&)
                0x08000c50                void _bn::assert::show_args<char [33], bn::fixed_t<12> >(char const*, char const*, char const*, int, char const (&) [33], bn::fixed_t<12> const&)
                0x08000c50                void _bn::assert::show_args<char [38], bn::fixed_t<12> >(char const*, char const*, char const*, int, char const (&) [38], bn::fixed_t<12> const&)
                0x08000c50                void _bn::assert::show_args<char [26], bn::fixed_t<12> >(char const*, char const*, char const*, int, char const (&) [26], bn::fixed_t<12> const&)
                0x08000c50                void _bn::assert::show_args<char [23], bn::fixed_t<12> >(char const*, char const*, char const*, int, char const (&) [23], bn::fixed_t<12> const&)
                0x08000c50                void _bn::assert::show_args<char [32], bn::fixed_t<12> >(char const*, char const*, char const*, int, char const (&) [32], bn::fixed_t<12> const&)
                0x08000c50                void _bn::assert::show_args<char [17], bn::fixed_t<12> >(char const*, char const*, char const*, int, char const (&) [17], bn::fixed_t<12> const&)
                0x08000edc                bn::ivector<signed char>::push_back(signed char&&) [clone .part.0] [clone .lto_priv.0]
                0x08000edc                bn::ivector<bn::sprite_third_attributes_hbe_ptr>::push_back(bn::sprite_third_attributes_hbe_ptr&&) [clone .part.0] [clone .lto_priv.0]
                0x08000edc                bn::ivector<bn::sprite_ptr>::push_back(bn::sprite_ptr&&) [clone .part.0] [clone .lto_priv.0]
                0x08000edc                bn::ivector<unsigned short>::push_back(unsigned short&&) [clone .part.0] [clone .lto_priv.0]
                0x08000f04                bn::ivector<bn::sprite_ptr>::push_back(bn::sprite_ptr&&)
                0x08000f4c                bn::fixed_rect_t<12>& bn::ivector<bn::fixed_rect_t<12> >::emplace_back<bn::fixed_point_t<12>&, bn::fixed_size_t<12> >(bn::fixed_point_t<12>&, bn::fixed_size_t<12>&&) [clone .part.0] [clone .lto_priv.0]
                0x08000f4c                bn::sprite_vertical_scale_to_action& bn::ivector<bn::sprite_vertical_scale_to_action>::emplace_back<bn::sprite_ptr&, int, bn::fixed_t<12> >(bn::sprite_ptr&, int&&, bn::fixed_t<12>&&) [clone .part.0] [clone .lto_priv.0]
                0x08000f4c                bn::sprite_vertical_scale_to_action& bn::ivector<bn::sprite_vertical_scale_to_action>::emplace_back<bn::sprite_ptr, int, int>(bn::sprite_ptr&&, int&&, int&&) [clone .part.0] [clone .lto_priv.0]
                0x08000f74                bf::game::butano_boss::_update_rects()
                0x080011bc                bn::optional<bf::game::explosion>::operator->() [clone .part.0] [clone .lto_priv.1] [clone .lto_priv.0]
                0x080011bc                bn::optional<bn::sprite_cached_animate_action<2> >::operator->() [clone .part.0] [clone .lto_priv.0]
                0x080011bc                bn::optional<bn::sprite_scale_to_action>::operator->() [clone .part.0] [clone .lto_priv.0]
                0x080011bc                bn::optional<bn::sprite_palette_ptr>::operator->() [clone .part.0] [clone .lto_priv.0]
                0x080011bc                bn::optional<bf::game::explosion>::operator->() [clone .part.0] [clone .lto_priv.3] [clone .lto_priv.0]
                0x080011bc                bn::optional<bf::game::explosion>::operator->() [clone .part.0] [clone .lto_priv.0] [clone .lto_priv.0]
                0x080011bc                bn::optional<bn::bg_palette_ptr>::operator->() [clone .part.0] [clone .lto_priv.0]
                0x080011bc                bn::optional<bn::regular_bg_move_by_action>::operator->() [clone .part.0] [clone .lto_priv.1] [clone .lto_priv.0]
                0x080011bc                bn::optional<bn::sprite_visible_toggle_action>::operator->() [clone .part.0] [clone .lto_priv.0]
                0x080011bc                bn::optional<bn::sprite_ptr>::operator->() [clone .part.0] [clone .lto_priv.0] [clone .lto_priv.0]
                0x080011bc                bn::optional<bf::game::object>::operator->() [clone .part.0] [clone .lto_priv.0]
                0x080011bc                bn::optional<bn::sprite_animate_action<7> >::operator->() [clone .part.0] [clone .lto_priv.0]
                0x080011bc                bn::optional<bn::sprite_horizontal_scale_to_action>::operator->() [clone .part.0] [clone .lto_priv.0]
                0x080011bc                bn::optional<bn::rect_window_move_bottom_to_action>::operator->() [clone .part.0] [clone .lto_priv.0]
                0x080011bc                bn::optional<bn::blending_transparency_alpha_to_action>::operator->() [clone .part.0] [clone .lto_priv.4] [clone .lto_priv.0]
                0x080011bc                bn::optional<bn::blending_intensity_alpha_to_action>::operator->() [clone .part.0] [clone .lto_priv.1] [clone .lto_priv.0]
                0x080011bc                bn::optional<bn::blending_intensity_alpha_to_action>::operator->() [clone .part.0] [clone .lto_priv.0] [clone .lto_priv.0]
                0x080011bc                bn::optional<bn::blending_transparency_alpha_to_action>::operator->() [clone .part.0] [clone .lto_priv.3] [clone .lto_priv.0]
                0x080011bc                bn::optional<bn::music_volume_to_action>::operator->() [clone .part.0] [clone .lto_priv.4] [clone .lto_priv.0]
                0x080011bc                bn::optional<bn::sprite_move_to_action>::operator->() [clone .part.0] [clone .lto_priv.0] [clone .lto_priv.0]
                0x080011bc                bn::optional<bn::rect_window_move_bottom_by_action>::operator->() [clone .part.0] [clone .lto_priv.1] [clone .lto_priv.0]
                0x080011bc                bn::optional<bf::game::explosion>::operator->() [clone .part.0] [clone .lto_priv.2] [clone .lto_priv.0]
                0x080011bc                bn::optional<bn::sprite_move_to_action>::operator->() [clone .part.0] [clone .lto_priv.1] [clone .lto_priv.0]
                0x080011bc                bn::optional<bn::sprite_tiles_ptr>::operator->() [clone .part.0] [clone .lto_priv.0]
                0x080011bc                bn::optional<bn::rect_window_move_top_to_action>::operator->() [clone .part.0] [clone .lto_priv.0]
                0x080011bc                bn::optional<bn::rect_window_boundaries_hbe_ptr>::operator->() [clone .part.0] [clone .lto_priv.1] [clone .lto_priv.0]
                0x080011bc                bn::optional<bn::blending_transparency_alpha_to_action>::operator->() [clone .part.0] [clone .lto_priv.5] [clone .lto_priv.0]
                0x080011bc                bn::optional<bn::sprite_palette_fade_to_action>::operator->() [clone .part.0] [clone .lto_priv.0]
                0x080011bc                bn::optional<bn::sprite_vertical_scale_to_action>::operator->() [clone .part.0] [clone .lto_priv.0]
                0x080011bc                bn::optional<bf::game::explosion>::operator->() [clone .part.0] [clone .lto_priv.4] [clone .lto_priv.0]
                0x080011bc                bn::optional<bn::regular_bg_move_by_action>::operator->() [clone .part.0] [clone .lto_priv.0] [clone .lto_priv.0]
                0x080011bc                bn::optional<bn::music_volume_to_action>::operator->() [clone .part.0] [clone .lto_priv.2] [clone .lto_priv.0]
                0x080011bc                bn::optional<bn::sprite_ptr>::operator->() [clone .part.0] [clone .lto_priv.1] [clone .lto_priv.0]
                0x080011bc                bn::optional<bn::sprite_position_hbe_ptr>::operator->() [clone .part.0] [clone .lto_priv.0]
                0x080011bc                bn::optional<bn::music_volume_to_action>::operator->() [clone .part.0] [clone .lto_priv.3] [clone .lto_priv.0]
                0x080011bc                bn::optional<bn::sprite_affine_mat_rotate_by_action>::operator->() [clone .part.0] [clone .lto_priv.0]
                0x080011bc                bn::optional<bn::sprite_rotate_by_action>::operator->() [clone .part.0] [clone .lto_priv.0] [clone .lto_priv.0]
                0x080011bc                bn::optional<bn::sprite_rotate_by_action>::operator->() [clone .part.0] [clone .lto_priv.1] [clone .lto_priv.0]
                0x080011bc                bn::optional<bn::rect_window_move_top_by_action>::operator->() [clone .part.0] [clone .lto_priv.1] [clone .lto_priv.0]
                0x080011e4                void _bn::assert::show_args<char [18], int>(char const*, char const*, char const*, int, char const (&) [18], int const&)
                0x080011e4                void _bn::assert::show_args<char [27], int>(char const*, char const*, char const*, int, char const (&) [27], int const&)
                0x080011e4                void _bn::assert::show_args<char [24], int>(char const*, char const*, char const*, int, char const (&) [24], int const&)
                0x080011e4                void _bn::assert::show_args<char [17], int>(char const*, char const*, char const*, int, char const (&) [17], int const&)
                0x080011e4                void _bn::assert::show_args<char [15], int>(char const*, char const*, char const*, int, char const (&) [15], int const&)
                0x080011e4                void _bn::assert::show_args<char [23], int>(char const*, char const*, char const*, int, char const (&) [23], int const&)
                0x080011e4                void _bn::assert::show_args<char [22], int>(char const*, char const*, char const*, int, char const (&) [22], int const&)
                0x080011e4                void _bn::assert::show_args<char [33], int>(char const*, char const*, char const*, int, char const (&) [33], int const&)
                0x080011e4                void _bn::assert::show_args<char [14], int>(char const*, char const*, char const*, int, char const (&) [14], int const&)
                0x080011e4                void _bn::assert::show_args<char [21], int>(char const*, char const*, char const*, int, char const (&) [21], int const&)
                0x080011e4                void _bn::assert::show_args<char [39], int>(char const*, char const*, char const*, int, char const (&) [39], int const&)
                0x080011e4                void _bn::assert::show_args<char [25], int>(char const*, char const*, char const*, int, char const (&) [25], int const&)
                0x080011e4                void _bn::assert::show_args<char [28], int>(char const*, char const*, char const*, int, char const (&) [28], int const&)
                0x080011e4                void _bn::assert::show_args<char [16], int>(char const*, char const*, char const*, int, char const (&) [16], int const&)
                0x080011e4                void _bn::assert::show_args<char [20], int>(char const*, char const*, char const*, int, char const (&) [20], int const&)
                0x080011e4                void _bn::assert::show_args<char [26], int>(char const*, char const*, char const*, int, char const (&) [26], int const&)
                0x080011e4                void _bn::assert::show_args<char [47], int>(char const*, char const*, char const*, int, char const (&) [47], int const&)
                0x08001234                bf::circle_generator::generate(bn::span<std::pair<bn::fixed_t<12>, bn::fixed_t<12> > >) const
                0x080013a0                bf::wave_generator::generate(bn::span<bn::fixed_t<12> >) const
                0x08001b38                bf::game::background::show_hero_dying()
                0x08001c68                void _bn::assert::show_args<char [23], int, char [4], int>(char const*, char const*, char const*, int, char const (&) [23], int const&, char const (&) [4], int const&)
                0x08001c68                void _bn::assert::show_args<char [32], int, char [4], int>(char const*, char const*, char const*, int, char const (&) [32], int const&, char const (&) [4], int const&)
                0x08001c68                void _bn::assert::show_args<char [39], int, char [4], int>(char const*, char const*, char const*, int, char const (&) [39], int const&, char const (&) [4], int const&)
                0x08001c68                void _bn::assert::show_args<char [27], int, char [4], int>(char const*, char const*, char const*, int, char const (&) [27], int const&, char const (&) [4], int const&)
                0x08001c68                void _bn::assert::show_args<char [58], int, char [4], int>(char const*, char const*, char const*, int, char const (&) [58], int const&, char const (&) [4], int const&)
                0x08001c68                void _bn::assert::show_args<char [14], int, char [4], int>(char const*, char const*, char const*, int, char const (&) [14], int const&, char const (&) [4], int const&)
                0x08001c68                void _bn::assert::show_args<char [20], int, char [4], int>(char const*, char const*, char const*, int, char const (&) [20], int const&, char const (&) [4], int const&)
                0x08001c68                void _bn::assert::show_args<char [37], int, char [4], int>(char const*, char const*, char const*, int, char const (&) [37], int const&, char const (&) [4], int const&)
                0x08001c68                void _bn::assert::show_args<char [33], int, char [4], int>(char const*, char const*, char const*, int, char const (&) [33], int const&, char const (&) [4], int const&)
                0x08001c68                void _bn::assert::show_args<char [46], int, char [4], int>(char const*, char const*, char const*, int, char const (&) [46], int const&, char const (&) [4], int const&)
                0x08001c68                void _bn::assert::show_args<char [29], int, char [4], int>(char const*, char const*, char const*, int, char const (&) [29], int const&, char const (&) [4], int const&)
                0x08001c68                void _bn::assert::show_args<char [22], int, char [4], int>(char const*, char const*, char const*, int, char const (&) [22], int const&, char const (&) [4], int const&)
                0x08001c68                void _bn::assert::show_args<char [17], int, char [4], int>(char const*, char const*, char const*, int, char const (&) [17], int const&, char const (&) [4], int const&)
                0x08001c68                void _bn::assert::show_args<char [16], int, char [4], int>(char const*, char const*, char const*, int, char const (&) [16], int const&, char const (&) [4], int const&)
                0x08001c68                void _bn::assert::show_args<char [25], int, char [4], int>(char const*, char const*, char const*, int, char const (&) [25], int const&, char const (&) [4], int const&)
                0x08001c68                void _bn::assert::show_args<char [19], int, char [4], int>(char const*, char const*, char const*, int, char const (&) [19], int const&, char const (&) [4], int const&)
                0x08001ccc                bf::game::(anonymous namespace)::_create_sprite(int, int, bn::sprite_affine_mat_ptr const&) [clone .lto_priv.0]
                0x08001de4                bf::butano_background::_set_visible() [clone .part.0]
                0x08001fb0                bf::butano_background::put_under_all()
                0x08002024                bn::ivector<bn::sprite_ptr>::operator[](int)
                0x08002128                bf::game::butano_boss::_update_sprites()
                0x080028a0                bf::butano_background::show(bn::fixed_point_t<12> const&, bn::camera_ptr const&)
                0x08002f24                _ZN2bn7ivectorINS_10sprite_ptrEE5clearEvQnt27is_trivially_destructible_vIT_E.lto_priv.0
 .text          0x08009064     0x600c /tmp/ccwxil6c.ltrans1.ltrans.o
                0x080090c8                bn::by_value_template_action<bn::sprite_ptr, bn::fixed_point_t<12>, bn::sprite_position_manager>::update()
                0x08009140                bn::cyclic_by_value_template_action<bn::sprite_ptr, bn::fixed_t<12>, bn::sprite_rotation_manager>::update()
                0x08009220                bn::ideque<bn::sprite_animate_action<5> >::push_back(bn::sprite_animate_action<5>&&)
                0x080092ec                bn::to_value_template_action<bn::sprite_ptr, bn::fixed_t<12>, bn::sprite_vertical_scale_manager>::update()
                0x080093f4                bn::optional<bn::sprite_affine_mat_ptr>::operator*() [clone .part.0] [clone .lto_priv.0]
                0x080093f4                bn::optional<bn::sprite_palette_ptr>::operator*() [clone .part.0] [clone .lto_priv.0]
                0x080093f4                bn::optional<bn::fixed_t<12> >::operator*() [clone .part.0] [clone .lto_priv.0]
                0x080094e0                bf::game::enemy_bullets::clear()
                0x080095c8                bf::game::explosion::update()
                0x08009694                bf::game::(anonymous namespace)::_create_mini_explosion(bn::fixed_t<12>, bn::fixed_t<12>, bn::camera_ptr const&) [clone .lto_priv.1] [clone .lto_priv.0]
                0x08009694                bf::game::(anonymous namespace)::_create_mini_explosion(bn::fixed_t<12>, bn::fixed_t<12>, bn::camera_ptr const&) [clone .lto_priv.0] [clone .lto_priv.0]
                0x08009c48                bf::game::enemy_bullets::add_bullet(bn::fixed_point_t<12> const&, bn::fixed_point_t<12> const&, bf::game::enemy_bullet_event const&, bn::camera_ptr const&)
                0x0800a2e4                bf::game::enemies::update(bf::game::hero_bomb const&, bf::game::intro const&, bn::camera_ptr const&, bf::game::hero&, bf::game::enemy_bullets&, bf::game::objects&, bf::game::boss_intro&, bf::game::scoreboard&, bf::game::background&, bf::game::rumble_manager&) [clone .part.0]
                0x0800c120                bn::loop_value_template_action<bn::sprite_palette_ptr, bn::fixed_t<12>, bn::sprite_palette_fade_manager>::update()
                0x0800c1ec                bf::game::gigabat_boss::_update_sprites(bn::fixed_point_t<12> const&, bool)
                0x0800d380                bf::game::enemy::_add_damage(bn::fixed_point_t<12> const&, bn::fixed_t<12>, int, bn::camera_ptr const&)
                0x0800e498                bf::game::hero_bomb::update(bf::game::intro const&, bf::game::boss_intro const&, bn::camera_ptr const&, bf::game::hero&, bf::game::enemies&, bf::game::enemy_bullets&, bf::game::background&, bf::game::rumble_manager&)
 .text          0x0800f070     0x7414 /tmp/ccwxil6c.ltrans2.ltrans.o
                0x0800f1dc                bf::game::object::update()
                0x0800f278                bf::game::scoreboard::set_visible(bool)
                0x0800f50c                bf::game::tank_boss::_update_cannon_sprite(bn::fixed_t<12>, bn::fixed_point_t<12> const&)
                0x0800f740                bf::game::tank_boss::_update_base_sprites(bn::fixed_t<12>)
                0x0800f944                bf::game::tank_boss::_update_footprint_sprites(bn::fixed_t<12>)
                0x08010700                bf::game::objects::spawn_hero_bomb_without_sound(bn::fixed_point_t<12> const&, bn::camera_ptr const&) [clone .part.0]
                0x08010acc                bf::game::tank_boss::_update_jelly_sprite(bn::fixed_t<12>, bn::fixed_point_t<12> const&)
                0x080120f4                bf::game::intro::update(bf::butano_background const&)
                0x08013e5c                bf::game::objects::spawn_hero_weapon_without_sound(bn::fixed_point_t<12> const&, int, bn::camera_ptr const&) [clone .part.0]
                0x08014154                bf::game::hero::update(bf::game::hero_bomb const&, bf::game::enemies const&, bf::game::enemy_bullets&, bf::game::objects&, bf::game::background&, bf::butano_background&, bn::camera_ptr&, bf::game::rumble_manager&)
 .text          0x08016484     0x6c04 /tmp/ccwxil6c.ltrans3.ltrans.o
                0x080164e8                bn::unique_ptr<bf::scene, bn::default_delete<bf::scene> >::reset()
                0x08016504                bf::status::add_experience(int)
                0x08016564                bf::game::wizard_boss::_update_sprites(bn::fixed_point_t<12> const&)
                0x08016a9c                bn::istring::_append(char const*, int)
                0x08016b08                bf::(anonymous namespace)::_write_sram(bf::status&) [clone .lto_priv.0]
                0x08016c7c                bn::ivector<bf::how_to_play::entry_type>::push_back(bf::how_to_play::entry_type&&)
                0x08016d34                bf::(anonymous namespace)::_enable_blending(bn::ivector<bn::sprite_ptr>&) [clone .lto_priv.0]
                0x08016dd8                bf::how_to_play::entry_type::setup(int, int)
                0x08016ec0                bf::game::(anonymous namespace)::_add_wizard_sprite(bn::camera_ptr const&, bn::ivector<bn::sprite_ptr>&) [clone .lto_priv.0]
                0x08019120                bf::how_to_play::entry_type::~entry_type() [clone .lto_priv.0]
 .text          0x0801d088     0x6714 /tmp/ccwxil6c.ltrans4.ltrans.o
                0x0801d548                bn::audio_manager::(anonymous namespace)::static_data::~static_data() [clone .lto_priv.0]
                0x0801d548                bn::audio_manager::(anonymous namespace)::static_data::~static_data() [clone .lto_priv.0]
                0x0801d54c                bn::bg_blocks_manager::decrease_usages(int)
                0x0801d5f4                bn::bg_blocks_manager::(anonymous namespace)::static_data::~static_data() [clone .lto_priv.0]
                0x0801d5f4                bn::bg_blocks_manager::(anonymous namespace)::static_data::~static_data() [clone .lto_priv.0]
                0x0801d654                bn::camera_ptr::position() const
                0x0801d668                bn::bgs_manager::fill_hblank_effect_regular_positions(int, bn::fixed_t<12> const*, unsigned short*)
                0x0801d708                bn::bgs_manager::(anonymous namespace)::static_data::~static_data() [clone .lto_priv.0]
                0x0801d708                bn::bgs_manager::(anonymous namespace)::static_data::~static_data() [clone .lto_priv.0]
                0x0801d738                bn::audio_manager::stop_music()
                0x0801d79c                bn::core::(anonymous namespace)::stop(bool) [clone .lto_priv.0]
                0x0801da6c                bn::audio_manager::play_sound(int, bn::sound_item)
                0x0801db2c                bn::sound_item::play() const
                0x0801e80c                bn::bgs_manager::(anonymous namespace)::_insert_item(bn::bgs_manager::(anonymous namespace)::item_type&) [clone .lto_priv.0]
                0x0801f848                bn::optional<bn::affine_bg_map_ptr>::operator*() const [clone .part.0] [clone .lto_priv.0]
                0x0801f848                bn::optional<bn::regular_bg_tiles_ptr>::operator*() const [clone .part.0] [clone .lto_priv.0]
                0x0801f848                bn::optional<bn::affine_bg_tiles_ptr>::operator*() const [clone .part.0] [clone .lto_priv.0]
                0x0801f870                bn::bgs_manager::create(bn::regular_bg_builder&&)
                0x080236d4                bn::music::set_volume(bn::fixed_t<12>)
 .text.startup  0x0802379c     0x23dc /tmp/ccwxil6c.ltrans4.ltrans.o
                0x0802379c                main
 .text          0x08025b78     0x7254 /tmp/ccwxil6c.ltrans5.ltrans.o
                0x08025f14                _bn::assert::show(char const*, char const*, char const*, int)
                0x08025f44                _bn::assert::show(char const*, char const*, char const*, int, bn::istring_base const&)
                0x08025f5c                bn::display_manager::(anonymous namespace)::_update_rect_windows_hw_boundaries(int) [clone .lto_priv.0]
                0x08025fe0                bn::rect_window::set_top(bn::fixed_t<12>)
                0x08026044                bn::rect_window::set_boundaries(bn::fixed_point_t<12> const&, bn::fixed_point_t<12> const&)
                0x0802611c                bn::rect_window::set_bottom(bn::fixed_t<12>)
                0x08026180                bn::rect_window::set_camera(bn::camera_ptr const&)
                0x08026210                bn::display_manager::(anonymous namespace)::static_data::~static_data() [clone .lto_priv.0]
                0x08026210                bn::display_manager::(anonymous namespace)::static_data::~static_data() [clone .lto_priv.0]
                0x0802625c                bn::rumble::set_enabled(bool)
                0x0802629c                bn::hdma_manager::commit(bool)
                0x080263bc                operator new(unsigned int)
                0x080263ec                operator new[](unsigned int)
                0x0802641c                operator new(unsigned int, std::nothrow_t const&)
                0x0802644c                operator new[](unsigned int, std::nothrow_t const&)
                0x0802647c                operator delete(void*)
                0x08026488                operator delete[](void*)
                0x08026494                operator delete(void*, unsigned int)
                0x080264a0                operator delete[](void*, unsigned int)
                0x080264ac                operator delete(void*, std::nothrow_t const&)
                0x080264b8                operator delete[](void*, std::nothrow_t const&)
                0x080264c4                bn::sprite_palette_ptr::sprite_palette_ptr(bn::sprite_palette_ptr const&)
                0x080264c4                bn::sprite_palette_ptr::sprite_palette_ptr(bn::sprite_palette_ptr const&)
                0x080264e0                bn::palettes_bank::find_bpp_4(bn::span<bn::color const> const&, unsigned short)
                0x080265fc                bn::palettes_bank::update()
                0x08026730                bn::palettes_bank::_on_global_effect_updated(bool)
                0x080267b0                bn::palettes_manager::(anonymous namespace)::static_data::~static_data() [clone .lto_priv.0]
                0x080267b0                bn::palettes_manager::(anonymous namespace)::static_data::~static_data() [clone .lto_priv.0]
                0x080267b4                bn::sprite_affine_mats_manager::(anonymous namespace)::_update_flipped_identity(int) [clone .lto_priv.0]
                0x08026870                bool bn::sprite_affine_mats_manager::(anonymous namespace)::_sprite_double_size<32, 16>(int, int, int, int, int) [clone .lto_priv.0]
                0x080268f4                bool bn::sprite_affine_mats_manager::(anonymous namespace)::_sprite_double_size<16, 32>(int, int, int, int, int) [clone .lto_priv.0]
                0x08026978                bn::sprite_affine_mats_manager::(anonymous namespace)::static_data::~static_data() [clone .lto_priv.0]
                0x08026978                bn::sprite_affine_mats_manager::(anonymous namespace)::static_data::~static_data() [clone .lto_priv.0]
                0x080269b4                bn::sprite_ptr::set_y(bn::fixed_t<12>)
                0x080269fc                bn::sprite_ptr::set_visible(bool)
                0x08026a60                bn::sprites_manager::(anonymous namespace)::_always_update_indexes_to_commit(bn::sprites_manager_item const&) [clone .lto_priv.0]
                0x08026aa8                bn::sprite_ptr::set_vertical_flip(bool)
                0x08026b70                bn::sprites_manager::set_vertical_flip(void*, bool)
                0x08026d0c                bn::sprites_manager::(anonymous namespace)::_update_item_dimensions(bn::sprites_manager_item&) [clone .lto_priv.0]
                0x08026de4                bn::sprites_manager::set_horizontal_flip(void*, bool)
                0x08026eac                bn::sprites_manager::set_double_size_mode(void*, bn::sprite_double_size_mode) [clone .part.0]
                0x08026f20                bn::sprite_text_generator::generate(bn::fixed_t<12>, bn::fixed_t<12>, bn::string_view const&, bn::ivector<bn::sprite_ptr>&) const
                0x08026f60                bn::sprite_affine_mats_manager::decrease_usages(int)
                0x08026fd8                bn::memory_manager::(anonymous namespace)::static_data::~static_data() [clone .lto_priv.0]
                0x08026fd8                bn::memory_manager::(anonymous namespace)::static_data::~static_data() [clone .lto_priv.0]
                0x08027010                bn::sprite_affine_mats_manager::(anonymous namespace)::_new_item_index() [clone .lto_priv.0]
                0x080270b4                bn::sprite_affine_mat_ptr::create()
                0x08027164                bn::sprite_affine_mat_ptr::create(bn::affine_mat_attributes const&)
                0x08027270                bn::sprites_manager::(anonymous namespace)::_assign_affine_mat(bool, bn::sprites_manager_item&, bn::sprite_affine_mat_ptr&&) [clone .lto_priv.0]
                0x080273b8                bn::sprites_manager::set_new_affine_mat(void*, bn::affine_mat_attributes&)
                0x0802752c                bn::sprite_ptr::set_blending_enabled(bool)
                0x080275c8                bn::sprites_manager::create(bn::fixed_point_t<12> const&, bn::sprite_shape_size const&, bn::sprite_tiles_ptr&&, bn::sprite_palette_ptr&&)
                0x08027798                bn::sprites_manager::(anonymous namespace)::static_data::~static_data() [clone .lto_priv.0]
                0x08027798                bn::sprites_manager::(anonymous namespace)::static_data::~static_data() [clone .lto_priv.0]
                0x080277fc                bn::sprites_manager::(anonymous namespace)::_remove_affine_mat(bn::sprites_manager_item&) [clone .lto_priv.0]
                0x08027910                bn::hblank_effects_manager::create(void const*, int, int, bn::hblank_effects_manager::handler_type)
                0x08027964                bn::sprite_builder::sprite_builder(bn::sprite_item const&, int)
                0x08027964                bn::sprite_builder::sprite_builder(bn::sprite_item const&, int)
                0x080279f8                bn::keypad_manager::update()
                0x08027aa0                bn::hblank_effects_manager::(anonymous namespace)::_is_uint32(bn::hblank_effects_manager::handler_type) [clone .lto_priv.0]
                0x08027b04                bn::hblank_effects_manager::(anonymous namespace)::item_type::cleanup() [clone .lto_priv.0]
                0x08027c4c                bn::hblank_effects_manager::decrease_usages(int) [clone .part.0]
                0x08027da0                bn::hbe_ptr::~hbe_ptr()
                0x08027dd4                bn::sprite_affine_mat_attributes_hbe_ptr::create(bn::sprite_affine_mat_ptr const&, bn::span<bn::affine_mat_attributes const> const&)
                0x08027fd0                bn::hblank_effects_manager::(anonymous namespace)::_update_visible_item_index(int) [clone .lto_priv.0]
                0x08028084                bn::hblank_effects_manager::(anonymous namespace)::item_type::check_update() [clone .lto_priv.0]
                0x0802a390                bn::sprites_manager::set_tiles(void*, bn::sprite_tiles_ptr const&)
                0x0802a5d0                bn::isprite_cached_animate_action::update()
                0x0802a678                bn::sprites_manager::set_tiles(void*, bn::sprite_tiles_ptr&&)
                0x0802a894                bn::palettes_bank::_erase_bpp_4_indexes_map_index(unsigned short)
                0x0802aa74                bn::palettes_bank::decrease_usages(int)
                0x0802aaf8                bn::sprite_palette_ptr::~sprite_palette_ptr()
                0x0802aaf8                bn::sprite_palette_ptr::~sprite_palette_ptr()
                0x0802ab18                bn::sprite_ptr::~sprite_ptr()
                0x0802ab18                bn::sprite_ptr::~sprite_ptr()
                0x0802ad04                bn::sprite_ptr::set_palette(bn::sprite_palette_ptr const&)
                0x0802adec                bn::sprite_ptr::set_tiles(bn::sprite_tiles_item const&, int)
                0x0802aef8                bn::isprite_animate_action::update()
                0x0802afb0                bn::palettes_bank::log_status() const
                0x0802b380                bn::(anonymous namespace)::_setup_builder(bn::sprite_text_generator const&, bn::sprite_builder&) [clone .lto_priv.0]
                0x0802b4ac                bn::(anonymous namespace)::_graphics_index(char, bn::utf8_characters_map_ref const&, char const*, int&) [clone .part.0] [clone .lto_priv.0]
                0x0802b650                bn::sprite_text_generator::width(bn::string_view const&) const
                0x0802b860                bn::bg_palette_ptr::create(bn::bg_palette_item const&)
                0x0802b99c                bn::sprite_palette_item::decompress(bn::span<bn::color>) const
                0x0802bb04                bn::sprite_palette_ptr::find(bn::sprite_palette_item const&)
                0x0802bbf8                bn::sprite_palette_ptr::create(bn::sprite_palette_item const&)
                0x0802bc3c                bn::sprites_manager::create(bn::sprite_builder&&)
                0x0802c1c4                bn::sprite_ptr::create(bn::sprite_builder const&)
                0x0802c334                bn::tile* bn::(anonymous namespace)::_build_sprite_assert<(bn::sprite_size)1>(bn::sprite_text_generator const&, bn::sprite_palette_ptr const&, bn::fixed_point_t<12> const&, bn::ivector<bn::sprite_ptr>&) [clone .lto_priv.0]
                0x0802c520                bn::tile* bn::(anonymous namespace)::_build_sprite_assert<(bn::sprite_size)2>(bn::sprite_text_generator const&, bn::sprite_palette_ptr const&, bn::fixed_point_t<12> const&, bn::ivector<bn::sprite_ptr>&) [clone .lto_priv.0]
                0x0802c70c                bn::sprite_palette_ptr::set_colors(bn::sprite_palette_item const&) [clone .part.0]
                0x0802c748                bn::blending::set_transparency_alpha(bn::fixed_t<12>)
                0x0802c7dc                bn::blending::set_intensity_alpha(bn::fixed_t<12>)
                0x0802c870                bn::bgs_mosaic::set_stretch(bn::fixed_t<12>)
                0x0802c8e0                bn::palettes_bank::set_fade_intensity(int, bn::fixed_t<12>)
                0x0802c950                bn::palettes_bank::set_fade_intensity(bn::fixed_t<12>)
                0x0802c9b0                bn::palettes_bank::set_brightness(bn::fixed_t<12>)
                0x0802ca14                bn::palettes_bank::set_contrast(bn::fixed_t<12>)
                0x0802ca78                bn::sprite_affine_mats_manager::set_rotation_angle(int, bn::fixed_t<12>)
                0x0802cbbc                bn::sprite_affine_mats_manager::set_scale(int, bn::fixed_t<12>)
                0x0802cd08                bn::sprite_ptr::set_scale(bn::fixed_t<12>)
 .text          0x0802cdcc     0x5e04 /tmp/ccwxil6c.ltrans6.ltrans.o
                0x0802cdcc                bn::hw::link::(anonymous namespace)::_resetStateCallback() [clone .lto_priv.0]
                0x0802d6d0                bn::ostringstream::ostringstream(bn::istring_base&)
                0x0802d6d0                bn::ostringstream::ostringstream(bn::istring_base&)
                0x0802d6d8                bn::hw::link::disable()
                0x0802d75c                bn::lc::LinkConnection::stop() [clone .constprop.0]
                0x0802d788                bn::hw::palettes::hue_shift(bn::color const*, int, int, bn::color*)
                0x0802d8d4                VgmStop()
                0x0802d994                clr_grayscale
                0x0802da08                gbt_refresh_pattern_ptr.lto_priv.0
                0x0802da8c                gbt_run_startup_commands.part.0.lto_priv.0
                0x0802db20                bn::hw::audio::(anonymous namespace)::_commit() [clone .lto_priv.0]
                0x0802e280                bn::hw::audio::(anonymous namespace)::_vblank_handler() [clone .lto_priv.0]
                0x0802e2f8                bn::best_fit_allocator::free(void*) [clone .constprop.0]
                0x0802e414                bn::bg_blocks_manager::(anonymous namespace)::items_list::insert_after(int, bn::bg_blocks_manager::(anonymous namespace)::item_type const&) [clone .constprop.0]
                0x0802e6d0                bn::hw::bgs::commit_data::commit_data() [clone .constprop.0] [clone .isra.0]
                0x0802e72c                bn::bg_blocks_manager::(anonymous namespace)::items_list::items_list() [clone .constprop.0] [clone .isra.0]
                0x0802e778                bn::sprite_affine_mats_manager::(anonymous namespace)::static_data::static_data() [clone .constprop.0] [clone .isra.0]
                0x0802e81c                bn::sprite_tiles_manager::(anonymous namespace)::static_data::static_data() [clone .constprop.0] [clone .isra.0]
                0x0802e948                bn::display_manager::(anonymous namespace)::static_data::static_data() [clone .constprop.0] [clone .isra.0]
                0x0802e9d8                bn::hdma_manager::(anonymous namespace)::static_data::static_data() [clone .constprop.0] [clone .isra.0]
                0x0802ea0c                bn::hblank_effects_manager::(anonymous namespace)::static_external_data::static_external_data() [clone .constprop.0] [clone .isra.0]
                0x0802eae4                bn::core::(anonymous namespace)::static_data::static_data() [clone .constprop.0] [clone .isra.0]
                0x0802eb4c                bn::sprite_tiles_manager::vram(int)
                0x0802eb98                bn::best_fit_allocator::alloc(int) [clone .constprop.0]
                0x0802ecfc                malloc
                0x0802ed08                bn::sprite_tiles_manager::(anonymous namespace)::_hw_commit(bn::tile const*, bn::compression_type, int, int) [clone .lto_priv.0]
                0x0802eda0                bn::ostringstream::append(void const*)
                0x0802ef94                bn::sprite_tiles_manager::(anonymous namespace)::_insert_to_commit_item(int, bn::sprite_tiles_manager::(anonymous namespace)::item_type&) [clone .part.0] [clone .lto_priv.0]
                0x0802f000                bn::hw::link::_timer_intr()
                0x0802f0f4                bn::hw::link::_serial_intr()
                0x0802f390                bn::sprite_tiles_manager::(anonymous namespace)::_erase_to_commit_item(int, bn::sprite_tiles_manager::(anonymous namespace)::item_type&) [clone .part.0] [clone .lto_priv.0]
                0x0802f434                bn::sprite_tiles_manager::decrease_usages(int)
                0x0802f570                bn::iunordered_map<unsigned int, bn::audio_manager::sound_data_type, bn::identity_hasher, bn::equal_to<unsigned int> >::operator()(unsigned int, unsigned int const&) [clone .constprop.0]
                0x0802f6a8                bn::sprite_tiles_manager::(anonymous namespace)::_erase_items_map_item(bn::tile const*) [clone .lto_priv.0]
                0x0802f8c8                bn::sprite_tiles_manager::update()
                0x0802fa78                bn::sprite_tiles_manager::(anonymous namespace)::_insert_items_map_item(bn::tile const*, int) [clone .lto_priv.0]
                0x0802ff58                bn::istring::append(char const*, int) [clone .isra.0]
                0x08030008                bn::ostringstream::append(char const*)
                0x080300ac                bn::ostringstream::append(int)
                0x08030220                bn::hw::show::error(bn::system_font const&, bn::string_view const&, bn::string_view const&, bn::string_view const&, int, bn::string_view const&, bn::string_view const&) [clone .constprop.0]
                0x080305a8                bn::hw::text::parse(unsigned int, bn::array<char, 32>&)
                0x08030648                bn::ostringstream::append(unsigned int)
                0x080306f8                bn::ostringstream::_append_fraction(unsigned int, int)
                0x0803080c                bn::istring::append(char const*) [clone .isra.0]
                0x08030e38                void _bn::assert::show_args<char [16], int, char [4], signed char>(char const*, char const*, char const*, int, char const (&) [16], int const&, char const (&) [4], signed char const&) [clone .constprop.0]
                0x08030ea8                void _bn::assert::show_args<char [14], bn::fixed_t<12>, char [4], bn::fixed_t<12> >(char const*, char const*, char const*, int, char const (&) [14], bn::fixed_t<12> const&, char const (&) [4], bn::fixed_t<12> const&) [clone .constprop.0]
                0x08030f0c                void _bn::assert::show_args<char [35], unsigned int>(char const*, char const*, char const*, int, char const (&) [35], unsigned int const&) [clone .constprop.0]
                0x08030fbc                bn::sprite_tiles_manager::allocate(int, bn::bpp_mode) [clone .constprop.0]
                0x08031114                void _bn::assert::show_args<char [20], char, char [9], bn::string_view, char [2]>(char const*, char const*, char const*, int, char const (&) [20], char const&, char const (&) [9], bn::string_view const&, char const (&) [2]) [clone .constprop.0]
                0x08031298                bn::sprite_tiles_manager::(anonymous namespace)::_find_impl(bn::tile const*, bn::compression_type, int) [clone .lto_priv.0]
                0x0803156c                bn::sprite_tiles_manager::create(bn::span<bn::tile const> const&, bn::compression_type) [clone .isra.0]
                0x080315b8                bn::sprite_tiles_ptr::create(bn::sprite_tiles_item const&)
                0x08031634                void _bn::assert::show_args<char [27], unsigned char>(char const*, char const*, char const*, int, char const (&) [27], unsigned char const&) [clone .constprop.0]
                0x0803168c                void _bn::assert::show_args<char [52], unsigned short>(char const*, char const*, char const*, int, char const (&) [52], unsigned short const&) [clone .constprop.0]
                0x080316e0                void _bn::assert::show_args<char [20], int, char [4], unsigned short>(char const*, char const*, char const*, int, char const (&) [20], int const&, char const (&) [4], unsigned short const&) [clone .constprop.0]
                0x08031748                bn::sprite_tiles_ptr::create(bn::sprite_tiles_item const&, int)
                0x080317f8                void _bn::assert::show_args<char [32], char [15], unsigned short const*, char [16], int, char [17], int, char [34], bn::string_view>(char const*, char const*, char const*, int, char const (&) [32], char const (&) [15], unsigned short const* const&, char const (&) [16], int const&, char const (&) [17], int const&, char const (&) [34], bn::string_view const&) [clone .constprop.0]
                0x080318f8                bn::palettes_bank::create_bpp_4(bn::span<bn::color const> const&, unsigned short, bool) [clone .constprop.0]
                0x08031a28                void _bn::assert::show_args<char [30], char [13], unsigned short const*, char [14], int, char [15], int, char [17], int, char [34], bn::string_view>(char const*, char const*, char const*, int, char const (&) [30], char const (&) [13], unsigned short const* const&, char const (&) [14], int const&, char const (&) [15], int const&, char const (&) [17], int const&, char const (&) [34], bn::string_view const&) [clone .constprop.0]
                0x08031adc                bn::igeneric_pool_base::_allocate()
                0x08031b24                bn::hw::audio::(anonymous namespace)::_add_sound_to_queue(int, unsigned short) [clone .lto_priv.0]
                0x08031bf0                bn::sorted_sprites::sorter::insert(bn::sprites_manager_item&) [clone .constprop.0]
                0x08031df8                bn::hw::link::(anonymous namespace)::_sendDataCallback() [clone .lto_priv.0]
                0x08031edc                bn::hw::link::(anonymous namespace)::_receiveResponseCallback(bn::lc::LinkResponse const&) [clone .lto_priv.0]
                0x08032038                bn::ivector<bn::bgs_manager::(anonymous namespace)::item_type*>::size_type bn::erase<bn::bgs_manager::(anonymous namespace)::item_type*>(bn::ivector<bn::bgs_manager::(anonymous namespace)::item_type*>&, bn::bgs_manager::(anonymous namespace)::item_type* const&) [clone .constprop.0] [clone .isra.0]
                0x08032174                bn::hw::audio::(anonymous namespace)::_erase_sound_from_queue(unsigned short) [clone .lto_priv.0]
                0x0803220c                bn::hw::audio::(anonymous namespace)::_check_sounds_queue() [clone .part.0] [clone .lto_priv.0]
                0x080322ac                bn::audio_manager::play_music(bn::music_item, bn::fixed_t<12>, bool) [clone .constprop.0]
                0x0803234c                bn::hw::audio::(anonymous namespace)::static_data::~static_data() [clone .lto_priv.0]
                0x0803234c                bn::hw::audio::(anonymous namespace)::static_data::~static_data() [clone .lto_priv.0]
                0x08032350                bn::palettes_bank::set_colors(int, bn::span<bn::color const> const&) [clone .constprop.0]
                0x08032460                bn::palettes_bank::create_bpp_8(bn::span<bn::color const> const&, bn::compression_type, bool) [clone .constprop.0]
                0x08032668                bn::(anonymous namespace)::_create_impl(bn::sprite_palette_item const&, bool) [clone .constprop.0]
                0x080326e0                bn::(anonymous namespace)::_create_impl(bn::bg_palette_item const&, bool) [clone .constprop.0]
                0x08032770                bn::hblank_effects_manager::(anonymous namespace)::_create(void const*, int, bn::hblank_effects_manager::handler_type, bool) [clone .constprop.0]
                0x08032a30                bn::palettes_bank::set_grayscale_intensity(int, bn::fixed_t<12>) [clone .constprop.0]
                0x08032ab0                bn::sprite_builder::set_vertical_scale(bn::fixed_t<12>) [clone .constprop.0] [clone .isra.0]
 .text          0x08032bd0     0x96f0 /tmp/ccwxil6c.ltrans7.ltrans.o
                0x08032bd0                bn::camera_ptr::~camera_ptr() [clone .isra.0]
                0x08032bfc                bn::sprite_ptr::set_horizontal_flip(bool) [clone .isra.0]
                0x08032cc4                bn::sprite_ptr::set_position(bn::fixed_point_t<12> const&) [clone .isra.0]
                0x08032d3c                bn::sprite_builder::set_horizontal_flip(bool) [clone .isra.0]
                0x08032dd0                bn::sprite_affine_mats_manager::(anonymous namespace)::item_type::sprite_double_size(int, bn::sprite_shape_size const&) const [clone .isra.0]
                0x08032f7c                bn::sprite_affine_mats_manager::sprite_double_size(int, bn::sprite_shape_size const&) [clone .isra.0]
                0x08032fc8                bn::bg_palette_ptr::~bg_palette_ptr() [clone .isra.0]
                0x08032fe0                bn::palettes_bank::palettes_bank() [clone .isra.0]
                0x080330b4                bf::game::(anonymous namespace)::_set_visible(bool, bn::ivector<bn::sprite_ptr>&) [clone .isra.0]
                0x08033154                bn::sprite_affine_mat_ptr::~sprite_affine_mat_ptr() [clone .isra.0]
                0x080331cc                bn::sprite_affine_mat_attributes_hbe_ptr::~sprite_affine_mat_attributes_hbe_ptr() [clone .isra.0]
                0x08033284                bn::iunordered_map<unsigned short, short, bn::identity_hasher, bn::equal_to<unsigned short> >::insert_or_assign_hash(unsigned int, std::pair<unsigned short const, short>&&) [clone .isra.0]
                0x08033394                bn::palettes_bank::colors_hash(bn::span<bn::color const> const&) [clone .isra.0]
                0x080333d8                bn::regular_bg_ptr::~regular_bg_ptr() [clone .isra.0]
                0x080334c4                bn::string_view::string_view(char const*) [clone .isra.0]
                0x08033504                bn::regular_bg_ptr::palette() const [clone .isra.0]
                0x08033558                bf::intro::intro(bn::sprite_text_generator&, bf::butano_background&) [clone .isra.0]
                0x080338f0                bn::isprite_cached_animate_action::_assign_graphics_indexes(bn::sprite_tiles_item const&, bn::span<unsigned short const> const&) [clone .isra.0]
                0x08033a30                bn::sprite_shape_size::height() const [clone .isra.0]
                0x08033b00                bn::sprite_shape_size::width() const [clone .isra.0]
                0x08033bcc                bn::sprite_text_generator::sprite_text_generator(bn::sprite_font const&) [clone .isra.0]
                0x08033c84                bn::sprite_shape_size::tiles_count(bn::bpp_mode) const [clone .isra.0]
                0x08033dd4                bf::status::status() [clone .isra.0]
                0x08033ea0                bn::isprite_animate_action::_assign_graphics_indexes(bn::span<unsigned short const> const&) [clone .isra.0]
                0x08033f20                bn::sprite_builder::sprite_builder(bn::sprite_shape_size const&, bn::sprite_tiles_ptr, bn::sprite_palette_ptr) [clone .isra.0]
                0x08034184                bn::sprite_ptr::set_vertical_scale(bn::fixed_t<12>) [clone .isra.0]
                0x080342fc                bn::sprite_builder::set_scale(bn::fixed_t<12>) [clone .isra.0]
                0x08034404                bn::sprite_builder::set_horizontal_scale(bn::fixed_t<12>) [clone .isra.0]
                0x080345c4                bn::sprite_ptr::set_horizontal_scale(bn::fixed_t<12>) [clone .isra.0]
                0x0803473c                bn::sprite_ptr::set_rotation_angle(bn::fixed_t<12>) [clone .isra.0]
                0x080347f0                bn::sprite_palette_ptr::set_fade_intensity(bn::fixed_t<12>) [clone .isra.0]
                0x08034864                bool bn::(anonymous namespace)::_generate<false>(bn::sprite_text_generator const&, bn::fixed_point_t<12> const&, bn::string_view const&, bn::utf8_characters_map_ref const&, int, int, bool, bn::ivector<bn::sprite_ptr>&) [clone .isra.0]
                0x0803598c                bf::how_to_play::entry_type::entry_type(bf::how_to_play::entry_type&&) [clone .isra.0]
                0x08035c60                bf::how_to_play::how_to_play(bf::scene_type, bf::status&, bn::sprite_text_generator&, bf::butano_background&) [clone .isra.0]
                0x08036ab4                bf::game::wizard_boss::wizard_boss(bn::fixed_point_t<12> const&, bn::sprite_palette_ptr const&, bn::camera_ptr const&) [clone .isra.0]
                0x08037954                bn::sprite_move_to_action& bn::optional<bn::sprite_move_to_action>::emplace<bn::sprite_ptr&, int const&, bn::fixed_t<12>, bn::fixed_t<12> >(bn::sprite_ptr&, int const&, bn::fixed_t<12>&&, bn::fixed_t<12>&&) [clone .isra.0]
                0x08037a10                bf::game::tank_boss::tank_boss(bn::fixed_point_t<12> const&, bn::sprite_palette_ptr const&, bn::camera_ptr const&) [clone .isra.0]
                0x08038eac                bf::game::object_message::object_message(bn::fixed_point_t<12> const&, int, bn::camera_ptr const&) [clone .isra.0]
                0x08039078                bf::game::gigabat_boss::gigabat_boss(bn::fixed_point_t<12> const&, bn::sprite_palette_ptr const&, bn::camera_ptr const&) [clone .isra.0]
                0x08039a54                bf::game::explosion::explosion(bn::sprite_item const&, bn::fixed_point_t<12> const&, int, int, bool, bn::camera_ptr const&) [clone .isra.0]
                0x0803a4c4                bf::game::game::game(bf::status&, bn::sprite_text_generator&, bf::butano_background&) [clone .isra.0]
 .text.startup  0x0803c2c0      0x318 /tmp/ccwxil6c.ltrans7.ltrans.o
 .text.__libc_init_array
                0x0803c5d8       0x50 bn_hw_common.bn_noflto.o
                0x0803c5d8                __libc_init_array
 .text.__aeabi_atexit
                0x0803c628        0x4 bn_hw_common.bn_noflto.o
                0x0803c628                __aeabi_atexit
 .text.__cxa_pure_virtual
                0x0803c62c       0x24 bn_hw_common.bn_noflto.o
                0x0803c62c                __cxa_pure_virtual
 .text._ZN3_bn6assert9show_argsIA40_cEEvPKcS4_S4_iRKT_
                0x0803c650       0x48 bn_hw_common.bn_noflto.o
                0x0803c650                void _bn::assert::show_args<char [40]>(char const*, char const*, char const*, int, char const (&) [40])
 .text.__aeabi_idiv0
                0x0803c698       0x24 bn_hw_common.bn_noflto.o
                0x0803c698                __aeabi_idiv0
 .text._ZN2bn2hw4gpio4initEv
                0x0803c6bc        0x8 bn_hw_gpio.bn_noflto.o
                0x0803c6bc                bn::hw::gpio::init()
 .text._ZN2bn2hw4sram4initEv
                0x0803c6c4       0x18 bn_hw_sram.bn_noflto.o
                0x0803c6c4                bn::hw::sram::init()
 .text          0x0803c6dc       0x1c bn_hw_core.o
                0x0803c6dc                bn_hw_soft_reset
                0x0803c6f4                bn_hw_hard_reset
 .text.Stop     0x0803c6f8        0x4 tonc_bios.o
                0x0803c6f8                Stop
 .text.VBlankIntrWait
                0x0803c6fc        0x4 tonc_bios.o
                0x0803c6fc                VBlankIntrWait
 .text.memset16
                0x0803c700       0x3c tonc_memset.o
                0x0803c700                memset16
 .text          0x0803c73c      0x26c posprintf.o
                0x0803c740                posprintf
 .text          0x0803c9a8      0x314 mm_effect.o
                0x0803c9a8                mmResetEffects
                0x0803c9d4                mmEffect
                0x0803c9ea                mmEffectEx
                0x0803caea                mmEffectActive
                0x0803cb1e                mmEffectVolume
                0x0803cb3a                mmEffectPanning
                0x0803cb4e                mmEffectRate
                0x0803cb62                mmEffectCancel
                0x0803cb9c                mmEffectRelease
                0x0803cbc2                mmEffectScaleRate
                0x0803cbd6                mmSetEffectsVolume
                0x0803cbe4                mmEffectCancelAll
                0x0803cc24                mmUpdateEffects
 .text          0x0803ccbc       0x14 mm_main.o
                0x0803ccbc                mpp_call_r7
                0x0803ccbe                mpp_call_r1
                0x0803ccc0                mpp_call_r2
                0x0803ccc2                mpp_call_r3
                0x0803ccc4                mmSetEventHandler
 .text          0x0803ccd0     0x1570 mm_mas.o
                0x0803cd44                mmStart
                0x0803cd64                mmJingle
                0x0803cd6a                mmPlayModule
                0x0803ce34                mmPause
                0x0803ce50                mmResume
                0x0803ce60                mmActive
                0x0803ce66                mmActiveSub
                0x0803ce6c                mmSetModuleVolume
                0x0803ce7c                mmSetJingleVolume
                0x0803ceb8                mmGetPositionTick
                0x0803cebe                mmGetPositionRow
                0x0803cec4                mmGetPosition
                0x0803ceca                mmPosition
                0x0803cee4                mmSetModuleTempo
                0x0803cf16                mmSetModulePitch
                0x0803cf58                mmStop
                0x0803d01e                mppUpdateSub
                0x0803d17a                mpp_Process_VolumeCommand
                0x0803d3b2                mpp_Process_Effect
                0x0803db00                ST3_FREQTABLE
                0x0803df20                IT_PitchTable
 .text          0x0803e240      0x12c mm_main_gba.o
                0x0803e240                mmInit
                0x0803e294                mmSetVBlankHandler
                0x0803e29a                mmFrame
 .text          0x0803e36c      0x1e0 mm_mixer_gba.o
                0x0803e36c                mmMixerSetSource
                0x0803e380                mmMixerSetRead
                0x0803e38e                mmMixerSetFreq
                0x0803e39e                mmMixerMulFreq
                0x0803e3b2                mmMixerStopChannel
                0x0803e3c4                mmMixerChannelActive
                0x0803e3d6                mmMixerSetVolume
                0x0803e3e4                mmMixerSetPan
                0x0803e3f2                mmMixerInit
 .text          0x0803e54c       0x3c /opt/devkitpro/devkitARM/bin/../lib/gcc/arm-none-eabi/14.2.0/thumb/libgcc.a(_call_via_rX.o)
                0x0803e54c                _call_via_r0
                0x0803e550                _call_via_r1
                0x0803e554                _call_via_r2
                0x0803e558                _call_via_r3
                0x0803e55c                _call_via_r4
                0x0803e560                _call_via_r5
                0x0803e564                _call_via_r6
                0x0803e568                _call_via_r7
                0x0803e56c                _call_via_r8
                0x0803e570                _call_via_r9
                0x0803e574                _call_via_sl
                0x0803e578                _call_via_fp
                0x0803e57c                _call_via_ip
                0x0803e580                _call_via_sp
                0x0803e584                _call_via_lr
 .text.__stub   0x0803e588      0x130 linker stubs
 *(.gnu.linkonce.t.*)
 *(.text.*personality*)
 *(.gnu.warning)
 *(.glue_7t)
 .glue_7t       0x0803e718        0x0 linker stubs
 *(.glue_7)
 .glue_7        0x0803e718        0x0 linker stubs
 *(.vfp11_veneer)
 .vfp11_veneer  0x0803e718        0x0 linker stubs
                0x0803e718                        . = ALIGN (0x4)
                0x0803e718                        __text_end = .

.v4_bx          0x0803e718        0x0
 .v4_bx         0x0803e718        0x0 linker stubs

.iplt           0x0803e718        0x0
 .iplt          0x0803e718        0x0 /opt/devkitpro/devkitARM/bin/../lib/gcc/arm-none-eabi/14.2.0/../../../../arm-none-eabi/lib/thumb/gba_crt0.o

.fini           0x0803e718        0xc
 *(.fini)
 .fini          0x0803e718        0x4 /opt/devkitpro/devkitARM/bin/../lib/gcc/arm-none-eabi/14.2.0/thumb/crti.o
                0x0803e718                _fini
 .fini          0x0803e71c        0x8 /opt/devkitpro/devkitARM/bin/../lib/gcc/arm-none-eabi/14.2.0/thumb/crtn.o
                0x0803e724                        . = ALIGN (0x4)

.rodata         0x0803e724   0x308a70
 *(.rodata)
 .rodata        0x0803e724     0x1ba0 big_font_bn_gfx.o
                0x0803e724                big_font_bn_gfxTiles
                0x080402a4                big_font_bn_gfxPal
 .rodata        0x080402c4      0xe20 boss_intro_bn_gfx.o
                0x080402c4                boss_intro_bn_gfxTiles
                0x080410c4                boss_intro_bn_gfxPal
 .rodata        0x080410e4     0x1220 brightness_bn_gfx.o
                0x080410e4                brightness_bn_gfxTiles
                0x080422e4                brightness_bn_gfxPal
 .rodata        0x08042304      0xc60 butano_background_bn_gfx.o
                0x08042304                butano_background_bn_gfxTiles
                0x08042744                butano_background_bn_gfxMap
                0x08042f44                butano_background_bn_gfxPal
 .rodata        0x08042f64     0x1020 butano_big_silhouette_bn_gfx.o
                0x08042f64                butano_big_silhouette_bn_gfxTiles
                0x08043f64                butano_big_silhouette_bn_gfxPal
 .rodata        0x08043f84     0x20c0 butano_big_sprite_bn_gfx.o
                0x08043f84                butano_big_sprite_bn_gfxTiles
                0x08045f84                butano_big_sprite_bn_gfxPal
 .rodata        0x08046044      0x820 butano_fire_bn_gfx.o
                0x08046044                butano_fire_bn_gfxTiles
                0x08046844                butano_fire_bn_gfxPal
 .rodata        0x08046864      0x100 butano_flash_palette_bn_gfx.o
                0x08046864                butano_flash_palette_bn_gfxTiles
                0x080468a4                butano_flash_palette_bn_gfxPal
 .rodata        0x08046964      0xc20 butano_font_bn_gfx.o
                0x08046964                butano_font_bn_gfxTiles
                0x08047564                butano_font_bn_gfxPal
 .rodata        0x08047584     0xce20 butano_huge_bn_gfx.o
                0x08047584                butano_huge_bn_gfxTiles
                0x080531c4                butano_huge_bn_gfxMap
                0x080541c4                butano_huge_bn_gfxPal
 .rodata        0x080543a4     0x15e0 clouds_bn_gfx.o
                0x080543a4                clouds_bn_gfxTiles
                0x08055164                clouds_bn_gfxMap
                0x08055964                clouds_bn_gfxPal
 .rodata        0x08055984      0x120 enemy_bullets_bn_gfx.o
                0x08055984                enemy_bullets_bn_gfxTiles
                0x08055a84                enemy_bullets_bn_gfxPal
 .rodata        0x08055aa4    0x10020 enemy_explosion_bn_gfx.o
                0x08055aa4                enemy_explosion_bn_gfxTiles
                0x08065aa4                enemy_explosion_bn_gfxPal
 .rodata        0x08065ac4       0xa0 experience_bar_bn_gfx.o
                0x08065ac4                experience_bar_bn_gfxTiles
                0x08065b44                experience_bar_bn_gfxPal
 .rodata        0x08065b64       0xa0 experience_frame_back_bn_gfx.o
                0x08065b64                experience_frame_back_bn_gfxTiles
                0x08065be4                experience_frame_back_bn_gfxPal
 .rodata        0x08065c04      0x120 experience_frame_front_bn_gfx.o
                0x08065c04                experience_frame_front_bn_gfxTiles
                0x08065d04                experience_frame_front_bn_gfxPal
 .rodata        0x08065d24      0xe20 fighter_font_bn_gfx.o
                0x08065d24                fighter_font_bn_gfxTiles
                0x08066b24                fighter_font_bn_gfxPal
 .rodata        0x08066b44       0x40 flash_palette_bn_gfx.o
                0x08066b44                flash_palette_bn_gfxTiles
                0x08066b64                flash_palette_bn_gfxPal
 .rodata        0x08066b84      0x220 gem_bn_gfx.o
                0x08066b84                gem_bn_gfxTiles
                0x08066d84                gem_bn_gfxPal
 .rodata        0x08066da4     0xf020 gigabat_bn_gfx.o
                0x08066da4                gigabat_bn_gfxTiles
                0x08075da4                gigabat_bn_gfxPal
 .rodata        0x08075dc4      0x420 gigabat_shadow_bn_gfx.o
                0x08075dc4                gigabat_shadow_bn_gfxTiles
                0x080761c4                gigabat_shadow_bn_gfxPal
 .rodata        0x080761e4     0x1020 hero_body_flying_bn_gfx.o
                0x080761e4                hero_body_flying_bn_gfxTiles
                0x080771e4                hero_body_flying_bn_gfxPal
 .rodata        0x08077204     0x1020 hero_body_walking_bn_gfx.o
                0x08077204                hero_body_walking_bn_gfxTiles
                0x08078204                hero_body_walking_bn_gfxPal
 .rodata        0x08078224      0xa20 hero_bomb_bn_gfx.o
                0x08078224                hero_bomb_bn_gfxTiles
                0x08078424                hero_bomb_bn_gfxMap
                0x08078c24                hero_bomb_bn_gfxPal
 .rodata        0x08078c44       0xa0 hero_bomb_icon_bn_gfx.o
                0x08078c44                hero_bomb_icon_bn_gfxTiles
                0x08078cc4                hero_bomb_icon_bn_gfxPal
 .rodata        0x08078ce4      0x220 hero_bomb_mini_bn_gfx.o
                0x08078ce4                hero_bomb_mini_bn_gfxTiles
                0x08078ee4                hero_bomb_mini_bn_gfxPal
 .rodata        0x08078f04     0x1220 hero_bullets_bn_gfx.o
                0x08078f04                hero_bullets_bn_gfxTiles
                0x0807a104                hero_bullets_bn_gfxPal
 .rodata        0x0807a124     0xc020 hero_death_bn_gfx.o
                0x0807a124                hero_death_bn_gfxTiles
                0x08086124                hero_death_bn_gfxPal
 .rodata        0x08086144      0x220 hero_head_bn_gfx.o
                0x08086144                hero_head_bn_gfxTiles
                0x08086344                hero_head_bn_gfxPal
 .rodata        0x08086364      0x820 hero_shield_bn_gfx.o
                0x08086364                hero_shield_bn_gfxTiles
                0x08086b64                hero_shield_bn_gfxPal
 .rodata        0x08086b84      0x120 hero_weapon_big_2_bn_gfx.o
                0x08086b84                hero_weapon_big_2_bn_gfxTiles
                0x08086c84                hero_weapon_big_2_bn_gfxPal
 .rodata        0x08086ca4      0x420 hero_weapon_big_3_bn_gfx.o
                0x08086ca4                hero_weapon_big_3_bn_gfxTiles
                0x080870a4                hero_weapon_big_3_bn_gfxPal
 .rodata        0x080870c4      0x120 hero_weapon_big_4_bn_gfx.o
                0x080870c4                hero_weapon_big_4_bn_gfxTiles
                0x080871c4                hero_weapon_big_4_bn_gfxPal
 .rodata        0x080871e4      0x120 hero_weapon_big_5_bn_gfx.o
                0x080871e4                hero_weapon_big_5_bn_gfxTiles
                0x080872e4                hero_weapon_big_5_bn_gfxPal
 .rodata        0x08087304      0x120 hero_weapon_big_6_bn_gfx.o
                0x08087304                hero_weapon_big_6_bn_gfxTiles
                0x08087404                hero_weapon_big_6_bn_gfxPal
 .rodata        0x08087424      0x220 hero_weapon_big_7_bn_gfx.o
                0x08087424                hero_weapon_big_7_bn_gfxTiles
                0x08087624                hero_weapon_big_7_bn_gfxPal
 .rodata        0x08087644      0x420 hero_weapon_big_8_bn_gfx.o
                0x08087644                hero_weapon_big_8_bn_gfxTiles
                0x08087a44                hero_weapon_big_8_bn_gfxPal
 .rodata        0x08087a64      0x120 hero_weapon_big_9_bn_gfx.o
                0x08087a64                hero_weapon_big_9_bn_gfxTiles
                0x08087b64                hero_weapon_big_9_bn_gfxPal
 .rodata        0x08087b84      0x4a0 hero_weapons_bn_gfx.o
                0x08087b84                hero_weapons_bn_gfxTiles
                0x08088004                hero_weapons_bn_gfxPal
 .rodata        0x08088024      0xa20 mini_explosion_2_bn_gfx.o
                0x08088024                mini_explosion_2_bn_gfxTiles
                0x08088a24                mini_explosion_2_bn_gfxPal
 .rodata        0x08088a44      0xe20 mini_explosion_bn_gfx.o
                0x08088a44                mini_explosion_bn_gfxTiles
                0x08089844                mini_explosion_bn_gfxPal
 .rodata        0x08089864     0x1f00 mountain_clouds_bn_gfx.o
                0x08089864                mountain_clouds_bn_gfxTiles
                0x0808a744                mountain_clouds_bn_gfxMap
                0x0808b744                mountain_clouds_bn_gfxPal
 .rodata        0x0808b764      0xf20 object_messages_bn_gfx.o
                0x0808b764                object_messages_bn_gfxTiles
                0x0808c664                object_messages_bn_gfxPal
 .rodata        0x0808c684     0x1720 pause_bn_gfx.o
                0x0808c684                pause_bn_gfxTiles
                0x0808d584                pause_bn_gfxMap
                0x0808dd84                pause_bn_gfxPal
 .rodata        0x0808dda4      0xde0 small_font_bn_gfx.o
                0x0808dda4                small_font_bn_gfxTiles
                0x0808eb64                small_font_bn_gfxPal
 .rodata        0x0808eb84      0x420 stage_1_animals_bn_gfx.o
                0x0808eb84                stage_1_animals_bn_gfxTiles
                0x0808ef84                stage_1_animals_bn_gfxPal
 .rodata        0x0808efa4     0x8140 stage_1_bn_gfx.o
                0x0808efa4                stage_1_bn_gfxTiles
                0x08095024                stage_1_bn_gfxMap
                0x08097024                stage_1_bn_gfxPal
 .rodata        0x080970e4      0x420 stage_1_characters_1_bn_gfx.o
                0x080970e4                stage_1_characters_1_bn_gfxTiles
                0x080974e4                stage_1_characters_1_bn_gfxPal
 .rodata        0x08097504     0x1020 stage_1_characters_1_team_bn_gfx.o
                0x08097504                stage_1_characters_1_team_bn_gfxTiles
                0x08098504                stage_1_characters_1_team_bn_gfxPal
 .rodata        0x08098524      0x420 stage_1_characters_2_bn_gfx.o
                0x08098524                stage_1_characters_2_bn_gfxTiles
                0x08098924                stage_1_characters_2_bn_gfxPal
 .rodata        0x08098944       0x40 stage_1_intro_alt_bn_gfx.o
                0x08098944                stage_1_intro_alt_bn_gfxTiles
                0x08098964                stage_1_intro_alt_bn_gfxPal
 .rodata        0x08098984     0x1020 stage_1_intro_bn_gfx.o
                0x08098984                stage_1_intro_bn_gfxTiles
                0x08099984                stage_1_intro_bn_gfxPal
 .rodata        0x080999a4      0x220 stage_1_monsters_1_bn_gfx.o
                0x080999a4                stage_1_monsters_1_bn_gfxTiles
                0x08099ba4                stage_1_monsters_1_bn_gfxPal
 .rodata        0x08099bc4      0x220 stage_1_monsters_2_bn_gfx.o
                0x08099bc4                stage_1_monsters_2_bn_gfxTiles
                0x08099dc4                stage_1_monsters_2_bn_gfxPal
 .rodata        0x08099de4     0x5b00 stage_2_bn_gfx.o
                0x08099de4                stage_2_bn_gfxTiles
                0x0809d7a4                stage_2_bn_gfxMap
                0x0809f7a4                stage_2_bn_gfxPal
 .rodata        0x0809f8e4     0x1920 stage_2_characters_1_bn_gfx.o
                0x0809f8e4                stage_2_characters_1_bn_gfxTiles
                0x080a11e4                stage_2_characters_1_bn_gfxPal
 .rodata        0x080a1204     0x2020 stage_2_characters_2_bn_gfx.o
                0x080a1204                stage_2_characters_2_bn_gfxTiles
                0x080a3204                stage_2_characters_2_bn_gfxPal
 .rodata        0x080a3224       0x40 stage_2_intro_alt_bn_gfx.o
                0x080a3224                stage_2_intro_alt_bn_gfxTiles
                0x080a3244                stage_2_intro_alt_bn_gfxPal
 .rodata        0x080a3264     0x1020 stage_2_intro_bn_gfx.o
                0x080a3264                stage_2_intro_bn_gfxTiles
                0x080a4264                stage_2_intro_bn_gfxPal
 .rodata        0x080a4284     0x2020 stage_2_monsters_1_bn_gfx.o
                0x080a4284                stage_2_monsters_1_bn_gfxTiles
                0x080a6284                stage_2_monsters_1_bn_gfxPal
 .rodata        0x080a62a4     0x2020 stage_2_monsters_2_bn_gfx.o
                0x080a62a4                stage_2_monsters_2_bn_gfxTiles
                0x080a82a4                stage_2_monsters_2_bn_gfxPal
 .rodata        0x080a82c4     0x1020 stage_2_robot_bn_gfx.o
                0x080a82c4                stage_2_robot_bn_gfxTiles
                0x080a92c4                stage_2_robot_bn_gfxPal
 .rodata        0x080a92e4     0x1820 stage_3_blonde_bn_gfx.o
                0x080a92e4                stage_3_blonde_bn_gfxTiles
                0x080aaae4                stage_3_blonde_bn_gfxPal
 .rodata        0x080aab04     0x59a0 stage_3_bn_gfx.o
                0x080aab04                stage_3_bn_gfxTiles
                0x080ae424                stage_3_bn_gfxMap
                0x080b0424                stage_3_bn_gfxPal
 .rodata        0x080b04a4     0x8020 stage_3_characters_1_bn_gfx.o
                0x080b04a4                stage_3_characters_1_bn_gfxTiles
                0x080b84a4                stage_3_characters_1_bn_gfxPal
 .rodata        0x080b84c4     0x6020 stage_3_characters_2_bn_gfx.o
                0x080b84c4                stage_3_characters_2_bn_gfxTiles
                0x080be4c4                stage_3_characters_2_bn_gfxPal
 .rodata        0x080be4e4     0x1820 stage_3_dragon_man_bn_gfx.o
                0x080be4e4                stage_3_dragon_man_bn_gfxTiles
                0x080bfce4                stage_3_dragon_man_bn_gfxPal
 .rodata        0x080bfd04       0x40 stage_3_intro_alt_bn_gfx.o
                0x080bfd04                stage_3_intro_alt_bn_gfxTiles
                0x080bfd24                stage_3_intro_alt_bn_gfxPal
 .rodata        0x080bfd44     0x1020 stage_3_intro_bn_gfx.o
                0x080bfd44                stage_3_intro_bn_gfxTiles
                0x080c0d44                stage_3_intro_bn_gfxPal
 .rodata        0x080c0d64     0x4020 stage_3_monsters_1_bn_gfx.o
                0x080c0d64                stage_3_monsters_1_bn_gfxTiles
                0x080c4d64                stage_3_monsters_1_bn_gfxPal
 .rodata        0x080c4d84     0x3020 stage_3_monsters_2_bn_gfx.o
                0x080c4d84                stage_3_monsters_2_bn_gfxTiles
                0x080c7d84                stage_3_monsters_2_bn_gfxPal
 .rodata        0x080c7da4     0x3bc0 stage_4_bn_gfx.o
                0x080c7da4                stage_4_bn_gfxTiles
                0x080c98e4                stage_4_bn_gfxMap
                0x080cb8e4                stage_4_bn_gfxPal
 .rodata        0x080cb964      0x820 stage_4_brain_bn_gfx.o
                0x080cb964                stage_4_brain_bn_gfxTiles
                0x080cc164                stage_4_brain_bn_gfxPal
 .rodata        0x080cc184     0x1820 stage_4_enemies_1_bn_gfx.o
                0x080cc184                stage_4_enemies_1_bn_gfxTiles
                0x080cd984                stage_4_enemies_1_bn_gfxPal
 .rodata        0x080cd9a4     0x1020 stage_4_enemies_2_bn_gfx.o
                0x080cd9a4                stage_4_enemies_2_bn_gfxTiles
                0x080ce9a4                stage_4_enemies_2_bn_gfxPal
 .rodata        0x080ce9c4      0x820 stage_4_enemies_3_1_bn_gfx.o
                0x080ce9c4                stage_4_enemies_3_1_bn_gfxTiles
                0x080cf1c4                stage_4_enemies_3_1_bn_gfxPal
 .rodata        0x080cf1e4      0x220 stage_4_enemies_3_2_bn_gfx.o
                0x080cf1e4                stage_4_enemies_3_2_bn_gfxTiles
                0x080cf3e4                stage_4_enemies_3_2_bn_gfxPal
 .rodata        0x080cf404      0x620 stage_4_enemies_4_bn_gfx.o
                0x080cf404                stage_4_enemies_4_bn_gfxTiles
                0x080cfa04                stage_4_enemies_4_bn_gfxPal
 .rodata        0x080cfa24       0x40 stage_4_intro_alt_bn_gfx.o
                0x080cfa24                stage_4_intro_alt_bn_gfxTiles
                0x080cfa44                stage_4_intro_alt_bn_gfxPal
 .rodata        0x080cfa64     0x1020 stage_4_intro_bn_gfx.o
                0x080cfa64                stage_4_intro_bn_gfxTiles
                0x080d0a64                stage_4_intro_bn_gfxPal
 .rodata        0x080d0a84     0x1020 stage_4_meteors_big_bn_gfx.o
                0x080d0a84                stage_4_meteors_big_bn_gfxTiles
                0x080d1a84                stage_4_meteors_big_bn_gfxPal
 .rodata        0x080d1aa4      0x620 stage_4_meteors_small_bn_gfx.o
                0x080d1aa4                stage_4_meteors_small_bn_gfxTiles
                0x080d20a4                stage_4_meteors_small_bn_gfxPal
 .rodata        0x080d20c4      0x220 stage_4_octopus_bn_gfx.o
                0x080d20c4                stage_4_octopus_bn_gfxTiles
                0x080d22c4                stage_4_octopus_bn_gfxPal
 .rodata        0x080d22e4     0x2c00 stars_bn_gfx.o
                0x080d22e4                stars_bn_gfxTiles
                0x080d3ec4                stars_bn_gfxMap
                0x080d4ec4                stars_bn_gfxPal
 .rodata        0x080d4ee4     0x1220 tank_base_bn_gfx.o
                0x080d4ee4                tank_base_bn_gfxTiles
                0x080d60e4                tank_base_bn_gfxPal
 .rodata        0x080d6104      0x820 tank_cannon_bn_gfx.o
                0x080d6104                tank_cannon_bn_gfxTiles
                0x080d6904                tank_cannon_bn_gfxPal
 .rodata        0x080d6924      0xa20 tank_extras_bn_gfx.o
                0x080d6924                tank_extras_bn_gfxTiles
                0x080d7324                tank_extras_bn_gfxPal
 .rodata        0x080d7344      0x220 tank_jelly_bn_gfx.o
                0x080d7344                tank_jelly_bn_gfxTiles
                0x080d7544                tank_jelly_bn_gfxPal
 .rodata        0x080d7564     0x8020 wizard_aura_bn_gfx.o
                0x080d7564                wizard_aura_bn_gfxTiles
                0x080df564                wizard_aura_bn_gfxPal
 .rodata        0x080df584     0xe020 wizard_bn_gfx.o
                0x080df584                wizard_bn_gfxTiles
                0x080ed584                wizard_bn_gfxPal
 .rodata        0x080ed5a4     0x26c8 /tmp/ccwxil6c.ltrans0.ltrans.o
                0x080ed6b8                bn::sprite_items::butano_big_sprite
                0x080ed6d4                bn::sprite_items::butano_big_silhouette
                0x080ed6f8                vtable for bf::credits
                0x080ed70c                vtable for bf::ending
                0x080ed720                bn::sprite_items::mini_explosion
                0x080ed73c                bn::sound_items::explosion_3
                0x080ed740                bn::sound_items::explosion_1
                0x080ed760                bn::sound_items::explosion_2
                0x080ed764                bn::sound_items::flame_thrower
                0x080ed768                vtable for bf::game::butano_boss
                0x080ed798                vtable for bf::game::boss
                0x080ed7f8                bn::sound_items::power_up_1
                0x080ed7fc                bn::sprite_items::gem
                0x080ed818                bn::sound_items::cure
                0x080ed81c                bn::sprite_items::hero_bullets
                0x080ed838                bn::sprite_items::hero_bomb_icon
                0x080ed858                vtable for bf::game::game
                0x080ed86c                _ZN2bf4game12_GLOBAL__N_1L14_level8_eventsE.lto_priv.0
                0x080ed98c                _ZN2bf4game12_GLOBAL__N_1L14_level7_eventsE.lto_priv.0
                0x080eda94                _ZN2bf4game12_GLOBAL__N_1L14_level6_eventsE.lto_priv.0
                0x080edb84                _ZN2bf4game12_GLOBAL__N_1L14_level5_eventsE.lto_priv.0
                0x080edc44                _ZN2bf4game12_GLOBAL__N_1L14_level4_eventsE.lto_priv.0
                0x080edcd4                _ZN2bf4game12_GLOBAL__N_1L14_level3_eventsE.lto_priv.0
                0x080edd4c                _ZN2bf4game12_GLOBAL__N_1L14_level2_eventsE.lto_priv.0
                0x080eddac                _ZN2bf4game12_GLOBAL__N_1L14_level1_eventsE.lto_priv.0
                0x080eddd0                _ZN2bf4game12_GLOBAL__N_1L14_level0_eventsE.lto_priv.0
                0x080edddc                _ZN2bn12_GLOBAL__N_1L12sin_lut_implE.lto_priv.0
                0x080eede0                bn::sprite_items::stage_4_meteors_small
                0x080eedfc                bn::sprite_items::stage_4_meteors_big
                0x080eee18                bn::sprite_items::stage_4_enemies_4
                0x080eee34                bn::sprite_items::stage_4_enemies_3_2
                0x080eee50                bn::sprite_items::stage_4_enemies_3_1
                0x080eee6c                bn::sprite_items::stage_4_enemies_2
                0x080eee88                bn::sprite_items::stage_4_enemies_1
                0x080eeea4                bn::sprite_items::stage_4_brain
                0x080eeec0                bn::sprite_items::stage_3_dragon_man
                0x080eeedc                bn::sprite_items::stage_3_monsters_2
                0x080eeef8                bn::sprite_items::stage_3_monsters_1
                0x080eef14                bn::sprite_items::stage_3_characters_2
                0x080eef30                bn::sprite_items::stage_3_characters_1
                0x080eef4c                bn::sprite_items::stage_3_blonde
                0x080eef68                bn::sprite_items::stage_2_robot
                0x080eef84                bn::sprite_items::stage_2_monsters_2
                0x080eefa0                bn::sprite_items::stage_2_monsters_1
                0x080eefbc                bn::sprite_items::stage_2_characters_2
                0x080eefd8                bn::sprite_items::stage_2_characters_1
                0x080eeff4                bn::sprite_items::stage_1_characters_1_team
                0x080ef010                bn::sprite_items::stage_1_monsters_2
                0x080ef02c                bn::sprite_items::stage_1_monsters_1
                0x080ef048                bn::sprite_items::stage_1_characters_2
                0x080ef064                bn::sprite_items::stage_1_characters_1
                0x080ef080                bn::sprite_items::stage_1_animals
                0x080ef09c                _ZN2bf4game12_GLOBAL__N_1L7_levelsE.lto_priv.0
                0x080ef198                _ZN2bn6colorsL5blackE.lto_priv.0.lto_priv.0
                0x080ef198                _ZN2bn6colorsL5blackE.lto_priv.1.lto_priv.0
                0x080ef19c                _ZN2bn6colorsL5whiteE.lto_priv.0.lto_priv.0
                0x080ef19c                _ZN2bn6colorsL5whiteE.lto_priv.1.lto_priv.0
                0x080ef1a0                bn::sin_lut
                0x080ef64c                _ZN2bf12_GLOBAL__N_1L15blending_framesE.lto_priv.0
                0x080efc68                _ZN2bf12_GLOBAL__N_1L16show_hide_framesE.lto_priv.0
 .rodata        0x080efc6c     0x1d10 /tmp/ccwxil6c.ltrans1.ltrans.o
                0x080efd0c                vtable for bf::game::gigabat_boss
                0x080efd3c                bn::sprite_items::enemy_bullets
                0x080efd74                bn::sprite_items::gigabat
                0x080efd90                bn::sprite_items::enemy_explosion
                0x080efdac                bn::sprite_items::hero_death
                0x080efdf4                _ZN2bn6colorsL3redE.lto_priv.2.lto_priv.0
                0x080efdf4                _ZN2bn6colorsL3redE.lto_priv.0.lto_priv.0
                0x080efdf4                _ZN2bn6colorsL3redE.lto_priv.3.lto_priv.0
                0x080efdf8                _ZN2bf4game12_GLOBAL__N_1L21blending_transparencyE.lto_priv.0
 .rodata        0x080f197c     0x8ac8 /tmp/ccwxil6c.ltrans2.ltrans.o
                0x080f1d1c                bn::sprite_items::tank_extras
                0x080f1d38                bn::sprite_items::tank_jelly
                0x080f1d54                vtable for bf::game::tank_boss
                0x080f1ec0                bn::sprite_items::hero_weapons
                0x080f1f18                _ZN2bf4game7stage_112_GLOBAL__N_1L7stage_1E.lto_priv.0
                0x080f202c                bn::sprite_items::hero_weapon_big_2
                0x080f2064                _ZN2bf4game7stage_112_GLOBAL__N_1L18blacksmith_bulletsE.lto_priv.0
                0x080f20a4                _ZN2bf4game7stage_112_GLOBAL__N_1L24blacksmith_flipped_movesE.lto_priv.0
                0x080f20b0                _ZN2bf4game7stage_112_GLOBAL__N_1L11horse_movesE.lto_priv.0
                0x080f20bc                _ZN2bf4game7stage_112_GLOBAL__N_1L19jelly_flipped_movesE.lto_priv.0