Archive member included to satisfy reference by file (symbol)

/opt/devkitpro/devkitARM/bin/../lib/gcc/arm-none-eabi/14.2.0/thumb/libgcc.a(_call_via_rX.o)
                              mm_main_gba.o (_call_via_r1)
/opt/devkitpro/devkitARM/bin/../lib/gcc/arm-none-eabi/14.2.0/thumb/libgcc.a(_aeabi_ldivmod.o)
                              bn_hw_text.o (__aeabi_ldivmod)
/opt/devkitpro/devkitARM/bin/../lib/gcc/arm-none-eabi/14.2.0/thumb/libgcc.a(_aeabi_uldivmod.o)
                              bn_hw_text.o (__aeabi_uldivmod)
/opt/devkitpro/devkitARM/bin/../lib/gcc/arm-none-eabi/14.2.0/thumb/libgcc.a(_sync_none.o)
                              (__sync_synchronize_none)
/opt/devkitpro/devkitARM/bin/../lib/gcc/arm-none-eabi/14.2.0/thumb/libgcc.a(_udivmoddi4.o)
                              /opt/devkitpro/devkitARM/bin/../lib/gcc/arm-none-eabi/14.2.0/thumb/libgcc.a(_aeabi_ldivmod.o) (__udivmoddi4)

Discarded input sections

 .text          0x00000000        0x0 /opt/devkitpro/devkitARM/bin/../lib/gcc/arm-none-eabi/14.2.0/../../../../arm-none-eabi/lib/thumb/gba_crt0.o
 .data          0x00000000        0x0 /opt/devkitpro/devkitARM/bin/../lib/gcc/arm-none-eabi/14.2.0/../../../../arm-none-eabi/lib/thumb/gba_crt0.o
 .bss           0x00000000        0x0 /opt/devkitpro/devkitARM/bin/../lib/gcc/arm-none-eabi/14.2.0/../../../../arm-none-eabi/lib/thumb/gba_crt0.o
 .text          0x00000000        0x0 /opt/devkitpro/devkitARM/bin/../lib/gcc/arm-none-eabi/14.2.0/thumb/crti.o
 .data          0x00000000        0x0 /opt/devkitpro/devkitARM/bin/../lib/gcc/arm-none-eabi/14.2.0/thumb/crti.o
 .bss           0x00000000        0x0 /opt/devkitpro/devkitARM/bin/../lib/gcc/arm-none-eabi/14.2.0/thumb/crti.o
 .text          0x00000000        0x0 /opt/devkitpro/devkitARM/bin/../lib/gcc/arm-none-eabi/14.2.0/thumb/crtbegin.o
 .data          0x00000000        0x0 /opt/devkitpro/devkitARM/bin/../lib/gcc/arm-none-eabi/14.2.0/thumb/crtbegin.o
 .bss           0x00000000        0x0 /opt/devkitpro/devkitARM/bin/../lib/gcc/arm-none-eabi/14.2.0/thumb/crtbegin.o
 .rodata.all_implied_fbits
                0x00000000       0x24 /opt/devkitpro/devkitARM/bin/../lib/gcc/arm-none-eabi/14.2.0/thumb/crtbegin.o
 .text          0x00000000        0x0 _bn_audio_soundbank.bin.o
 .data          0x00000000        0x0 _bn_audio_soundbank.bin.o
 .bss           0x00000000        0x0 _bn_audio_soundbank.bin.o
 .text          0x00000000        0x0 blue_bg_bn_gfx.o
 .data          0x00000000        0x0 blue_bg_bn_gfx.o
 .bss           0x00000000        0x0 blue_bg_bn_gfx.o
 .text          0x00000000        0x0 blue_sprite_bn_gfx.o
 .data          0x00000000        0x0 blue_sprite_bn_gfx.o
 .bss           0x00000000        0x0 blue_sprite_bn_gfx.o
 .text          0x00000000        0x0 caveman_bn_gfx.o
 .data          0x00000000        0x0 caveman_bn_gfx.o
 .bss           0x00000000        0x0 caveman_bn_gfx.o
 .text          0x00000000        0x0 green_bg_bn_gfx.o
 .data          0x00000000        0x0 green_bg_bn_gfx.o
 .bss           0x00000000        0x0 green_bg_bn_gfx.o
 .text          0x00000000        0x0 green_sprite_bn_gfx.o
 .data          0x00000000        0x0 green_sprite_bn_gfx.o
 .bss           0x00000000        0x0 green_sprite_bn_gfx.o
 .text          0x00000000        0x0 ninja_bn_gfx.o
 .data          0x00000000        0x0 ninja_bn_gfx.o
 .bss           0x00000000        0x0 ninja_bn_gfx.o
 .text          0x00000000        0x0 red_bg_bn_gfx.o
 .data          0x00000000        0x0 red_bg_bn_gfx.o
 .bss           0x00000000        0x0 red_bg_bn_gfx.o
 .text          0x00000000        0x0 red_sprite_bn_gfx.o
 .data          0x00000000        0x0 red_sprite_bn_gfx.o
 .bss           0x00000000        0x0 red_sprite_bn_gfx.o
 .text          0x00000000        0x0 yellow_bg_bn_gfx.o
 .data          0x00000000        0x0 yellow_bg_bn_gfx.o
 .bss           0x00000000        0x0 yellow_bg_bn_gfx.o
 .text          0x00000000        0x0 yellow_sprite_bn_gfx.o
 .data          0x00000000        0x0 yellow_sprite_bn_gfx.o
 .bss           0x00000000        0x0 yellow_sprite_bn_gfx.o
 .text          0x00000000        0x0 common_fixed_8x16_font_bn_gfx.o
 .data          0x00000000        0x0 common_fixed_8x16_font_bn_gfx.o
 .bss           0x00000000        0x0 common_fixed_8x16_font_bn_gfx.o
 .rodata        0x00000000     0x1ba0 common_fixed_8x16_font_bn_gfx.o
 .text          0x00000000        0x0 common_fixed_8x8_font_bn_gfx.o
 .data          0x00000000        0x0 common_fixed_8x8_font_bn_gfx.o
 .bss           0x00000000        0x0 common_fixed_8x8_font_bn_gfx.o
 .rodata        0x00000000      0xde0 common_fixed_8x8_font_bn_gfx.o
 .text          0x00000000        0x0 common_variable_16x16_font_bn_gfx.o
 .data          0x00000000        0x0 common_variable_16x16_font_bn_gfx.o
 .bss           0x00000000        0x0 common_variable_16x16_font_bn_gfx.o
 .rodata        0x00000000     0x3720 common_variable_16x16_font_bn_gfx.o
[...]
Memory Configuration

Name             Origin             Length             Attributes
rom              0x08000000         0x02000000
iwram            0x03000000         0x00008000
ewram            0x02000000         0x00040000
*default*        0x00000000         0xffffffff

Linker script and memory map

                0x00000000                        __sync_synchronize = __sync_synchronize_none
                0x08000000                        __text_start = ORIGIN (rom)
                0x02040000                        __eheap_end = (ORIGIN (ewram) + LENGTH (ewram))
                0x03000000                        __iwram_start = ORIGIN (iwram)
                0x03008000                        __iwram_top = (ORIGIN (iwram) + LENGTH (iwram))
                0x03007fa0                        __sp_irq = (__iwram_top - 0x60)
                0x03007f00                        __sp_usr = (__sp_irq - 0xa0)
                0x03007ff8                        __irq_flags = 0x3007ff8
                0x08000000                        . = __text_start

.crt0           0x08000000      0x210
 *(.crt0)
 .crt0          0x08000000      0x210 /opt/devkitpro/devkitARM/bin/../lib/gcc/arm-none-eabi/14.2.0/../../../../arm-none-eabi/lib/thumb/gba_crt0.o
                0x08000000                _start
                0x080000c4                __boot_method
                0x080000c5                __slave_number
                0x080000e0                start_vector
                0x08000210                        . = ALIGN (0x4)

.init           0x08000210        0xc
 *(SORT_NONE(.init))
 .init          0x08000210        0x4 /opt/devkitpro/devkitARM/bin/../lib/gcc/arm-none-eabi/14.2.0/thumb/crti.o
                0x08000210                _init
 .init          0x08000214        0x8 /opt/devkitpro/devkitARM/bin/../lib/gcc/arm-none-eabi/14.2.0/thumb/crtn.o

.plt            0x0800021c        0x0
 *(.plt)
                0x0800021c                        . = ALIGN (0x4)

.text           0x08000220    0x1d940
 *(EXCLUDE_FILE(*.iwram*) .text*)
 .text.__do_global_dtors_aux
                0x08000220       0x2c /opt/devkitpro/devkitARM/bin/../lib/gcc/arm-none-eabi/14.2.0/thumb/crtbegin.o
 .text.frame_dummy
                0x0800024c       0x24 /opt/devkitpro/devkitARM/bin/../lib/gcc/arm-none-eabi/14.2.0/thumb/crtbegin.o
 .text._ZN12_GLOBAL__N_130sprites_position_actions_sceneERN2bn21sprite_text_generatorE
                0x08000270      0x1a4 main.o
 .text._ZN12_GLOBAL__N_122sprites_position_sceneERN2bn21sprite_text_generatorE
                0x08000414      0x14c main.o
 .text._ZN12_GLOBAL__N_123sprites_animation_sceneERN2bn21sprite_text_generatorE
                0x08000560      0x140 main.o
 .text._ZN3_bn6assert9show_argsIA15_ciEEvPKcS4_S4_iRKT_RKT0_
                0x080006a0       0x54 main.o
                0x080006a0                void _bn::assert::show_args<char [15], int>(char const*, char const*, char const*, int, char const (&) [15], int const&)
 .text._ZN3_bn6assert9show_argsIA39_ciEEvPKcS4_S4_iRKT_RKT0_
                0x080006f4       0x54 main.o
                0x080006f4                void _bn::assert::show_args<char [39], int>(char const*, char const*, char const*, int, char const (&) [39], int const&)
 .text._ZN2bn13ostringstream6appendILi12EEEvNS_7fixed_tIXT_EEE
                0x08000748       0xa0 main.o
                0x08000748                void bn::ostringstream::append<12>(bn::fixed_t<12>)
 .text._ZN12_GLOBAL__N_126sprites_position_hbe_sceneERN2bn21sprite_text_generatorE
                0x080007e8      0x1a4 main.o
 .text._ZN3_bn6assert9show_argsIA15_cEEvPKcS4_S4_iRKT_
                0x0800098c       0x48 main.o
                0x0800098c                void _bn::assert::show_args<char [15]>(char const*, char const*, char const*, int, char const (&) [15])
 .text._ZN12_GLOBAL__N_143sprites_regular_second_attributes_hbe_sceneERN2bn21sprite_text_generatorE
                0x080009d4      0x1a8 main.o
 .text._ZN12_GLOBAL__N_142sprites_affine_second_attributes_hbe_sceneERN2bn21sprite_text_generatorE
                0x08000b7c      0x258 main.o
 .text._ZN12_GLOBAL__N_134sprites_third_attributes_hbe_sceneERN2bn21sprite_text_generatorE
                0x08000dd4      0x2bc main.o
 .text._ZN12_GLOBAL__N_134sprites_first_attributes_hbe_sceneERN2bn21sprite_text_generatorE
                0x08001090      0x220 main.o
 .text.startup.main
                0x080012b0     0x2740 main.o
                0x080012b0                main
 .text._ZN6common4info15_update_spritesEv
                0x080039f0       0x9c common_info.o
                0x080039f0                common::info::_update_sprites()
 .text._ZN6common4info6updateEv
                0x08003a8c       0x30 common_info.o
                0x08003a8c                common::info::update()
 .text._ZN3_bn6assert9show_argsIA16_ciEEvPKcS4_S4_iRKT_RKT0_
                0x08003abc       0x54 common_info.o
                0x08003abc                void _bn::assert::show_args<char [16], int>(char const*, char const*, char const*, int, char const (&) [16], int const&)
 .text._ZN6common4infoC2ERKN2bn11string_viewERKNS1_4spanIS3_EERNS1_21sprite_text_generatorE
                0x08003b10      0x150 common_info.o
                0x08003b10                common::info::info(bn::string_view const&, bn::span<bn::string_view const> const&, bn::sprite_text_generator&)
                0x08003b10                common::info::info(bn::string_view const&, bn::span<bn::string_view const> const&, bn::sprite_text_generator&)
 .text._ZN2bn13ostringstream11append_argsIiJA4_ciEEEvRKT_DpRKT0_.isra.0
                0x08003c60       0x24 bn_affine_bg_animate_actions.o
 .text._ZN3_bn6assert9show_argsIJA16_ciA4_ciEEEvPKcS5_S5_iDpRKT_
                0x08003c84       0x58 bn_affine_bg_animate_actions.o
                0x08003c84                void _bn::assert::show_args<char [16], int, char [4], int>(char const*, char const*, char const*, int, char const (&) [16], int const&, char const (&) [4], int const&)
 .text._ZN3_bn6assert9show_argsIJA23_ciA4_ciEEEvPKcS5_S5_iDpRKT_
                0x08003cdc       0x58 bn_affine_bg_animate_actions.o
                0x08003cdc                void _bn::assert::show_args<char [23], int, char [4], int>(char const*, char const*, char const*, int, char const (&) [23], int const&, char const (&) [4], int const&)
 .text._ZN3_bn6assert9show_argsIA23_ciEEvPKcS4_S4_iRKT_RKT0_
                0x08003d34       0x54 bn_affine_bg_animate_actions.o
                0x08003d34                void _bn::assert::show_args<char [23], int>(char const*, char const*, char const*, int, char const (&) [23], int const&)
 .text._ZN3_bn6assert9show_argsIA24_ciEEvPKcS4_S4_iRKT_RKT0_
                0x08003d88       0x54 bn_affine_bg_animate_actions.o
                0x08003d88                void _bn::assert::show_args<char [24], int>(char const*, char const*, char const*, int, char const (&) [24], int const&)
 .text._ZN3_bn6assert9show_argsIA28_ciEEvPKcS4_S4_iRKT_RKT0_
                0x08003ddc       0x54 bn_affine_bg_animate_actions.o
                0x08003ddc                void _bn::assert::show_args<char [28], int>(char const*, char const*, char const*, int, char const (&) [28], int const&)
 .text._ZN3_bn6assert9show_argsIJA19_ciA4_ciEEEvPKcS5_S5_iDpRKT_
                0x08003e30       0x58 bn_affine_bg_animate_actions.o
                0x08003e30                void _bn::assert::show_args<char [19], int, char [4], int>(char const*, char const*, char const*, int, char const (&) [19], int const&, char const (&) [4], int const&)
 .text._ZN2bn13audio_manager12_GLOBAL__N_111static_dataD2Ev
                0x08003e88        0x4 bn_audio_manager.o
 .text._ZN2bn13audio_manager4initEv
                0x08003e8c       0x48 bn_audio_manager.o
                0x08003e8c                bn::audio_manager::init()
 .text._ZN2bn13audio_manager7disableEv
                0x08003ed4        0xc bn_audio_manager.o
                0x08003ed4                bn::audio_manager::disable()
 .text._ZN2bn13audio_manager10sound_dataEt
                0x08003ee0       0x64 bn_audio_manager.o
                0x08003ee0                bn::audio_manager::sound_data(unsigned short)
 .text._ZN2bn13audio_manager6updateEv
                0x08003f44        0xc bn_audio_manager.o
                0x08003f44                bn::audio_manager::update()
 .text._ZN2bn13audio_manager6commitEv
                0x08003f50        0xc bn_audio_manager.o
                0x08003f50                bn::audio_manager::commit()
 .text._ZN2bn13audio_manager4stopEv
                0x08003f5c       0x6c bn_audio_manager.o
                0x08003f5c                bn::audio_manager::stop()
 .text._ZN3_bn6assert9show_argsIA18_ciEEvPKcS4_S4_iRKT_RKT0_
                0x08003fc8       0x54 bn_audio_manager.o
                0x08003fc8                void _bn::assert::show_args<char [18], int>(char const*, char const*, char const*, int, char const (&) [18], int const&)
 .text._ZN3_bn6assert9show_argsIA14_ciEEvPKcS4_S4_iRKT_RKT0_
                0x0800401c       0x54 bn_audio_manager.o
                0x0800401c                void _bn::assert::show_args<char [14], int>(char const*, char const*, char const*, int, char const (&) [14], int const&)
 .text._ZN3_bn6assert9show_argsIA19_ciEEvPKcS4_S4_iRKT_RKT0_
                0x08004070       0x54 bn_audio_manager.o
                0x08004070                void _bn::assert::show_args<char [19], int>(char const*, char const*, char const*, int, char const (&) [19], int const&)
 .text._ZN3_bn6assert9show_argsIA26_ciEEvPKcS4_S4_iRKT_RKT0_
                0x080040c4       0x54 bn_audio_manager.o
                0x080040c4                void _bn::assert::show_args<char [26], int>(char const*, char const*, char const*, int, char const (&) [26], int const&)
 .text._ZN3_bn6assert9show_argsIA33_cEEvPKcS4_S4_iRKT_
                0x08004118       0x48 bn_audio_manager.o
                0x08004118                void _bn::assert::show_args<char [33]>(char const*, char const*, char const*, int, char const (&) [33])
 .text._ZN3_bn6assert9show_argsIA25_cEEvPKcS4_S4_iRKT_
                0x08004160       0x48 bn_audio_manager.o
                0x08004160                void _bn::assert::show_args<char [25]>(char const*, char const*, char const*, int, char const (&) [25])
 .text._ZN3_bn6assert9show_argsIA24_cEEvPKcS4_S4_iRKT_
                0x080041a8       0x48 bn_audio_manager.o
                0x080041a8                void _bn::assert::show_args<char [24]>(char const*, char const*, char const*, int, char const (&) [24])
 .text._ZN3_bn6assert9show_argsIA20_cEEvPKcS4_S4_iRKT_
                0x080041f0       0x48 bn_audio_manager.o
                0x080041f0                void _bn::assert::show_args<char [20]>(char const*, char const*, char const*, int, char const (&) [20])
 .text._ZN3_bn6assert9show_argsIA26_cEEvPKcS4_S4_iRKT_
                0x08004238       0x48 bn_audio_manager.o
                0x08004238                void _bn::assert::show_args<char [26]>(char const*, char const*, char const*, int, char const (&) [26])
 .text._ZN3_bn6assert9show_argsIA25_cN2bn7fixed_tILi12EEEEEvPKcS7_S7_iRKT_RKT0_
                0x08004280       0x54 bn_audio_manager.o
                0x08004280                void _bn::assert::show_args<char [25], bn::fixed_t<12> >(char const*, char const*, char const*, int, char const (&) [25], bn::fixed_t<12> const&)
 .text._ZN3_bn6assert9show_argsIA27_cN2bn7fixed_tILi12EEEEEvPKcS7_S7_iRKT_RKT0_
                0x080042d4       0x54 bn_audio_manager.o
                0x080042d4                void _bn::assert::show_args<char [27], bn::fixed_t<12> >(char const*, char const*, char const*, int, char const (&) [27], bn::fixed_t<12> const&)
 .text._ZN3_bn6assert9show_argsIA25_ciEEvPKcS4_S4_iRKT_RKT0_
                0x08004328       0x54 bn_audio_manager.o
                0x08004328                void _bn::assert::show_args<char [25], int>(char const*, char const*, char const*, int, char const (&) [25], int const&)
 .text._ZN2bn13audio_manager16execute_commandsEv
                0x0800437c      0x6a4 bn_audio_manager.o
                0x0800437c                bn::audio_manager::execute_commands()
 .text._ZN3_bn6assert9show_argsIA17_cEEvPKcS4_S4_iRKT_
                0x08004a20       0x48 bn_audio_manager.o
                0x08004a20                void _bn::assert::show_args<char [17]>(char const*, char const*, char const*, int, char const (&) [17])
 .text.startup._GLOBAL__sub_I__ZN2bn5audio16update_on_vblankEv
                0x08004a68       0x98 bn_audio_manager.o
 .text._ZN3_bn6assert9show_argsIA23_cEEvPKcS4_S4_iRKT_
                0x08004b00       0x48 bn_best_fit_allocator.o
                0x08004b00                void _bn::assert::show_args<char [23]>(char const*, char const*, char const*, int, char const (&) [23])
 .text._ZN2bn18best_fit_allocatorD2Ev
                0x08004b48       0x38 bn_best_fit_allocator.o
                0x08004b48                bn::best_fit_allocator::~best_fit_allocator()
                0x08004b48                bn::best_fit_allocator::~best_fit_allocator()
 .text._ZN3_bn6assert9show_argsIA20_ciEEvPKcS4_S4_iRKT_RKT0_
                0x08004b80       0x54 bn_best_fit_allocator.o
                0x08004b80                void _bn::assert::show_args<char [20], int>(char const*, char const*, char const*, int, char const (&) [20], int const&)
 .text._ZN3_bn6assert9show_argsIA14_cEEvPKcS4_S4_iRKT_
                0x08004bd4       0x48 bn_best_fit_allocator.o
                0x08004bd4                void _bn::assert::show_args<char [14]>(char const*, char const*, char const*, int, char const (&) [14])
 .text._ZN3_bn6assert9show_argsIA21_cEEvPKcS4_S4_iRKT_
                0x08004c1c       0x48 bn_best_fit_allocator.o
                0x08004c1c                void _bn::assert::show_args<char [21]>(char const*, char const*, char const*, int, char const (&) [21])
 .text._ZN2bn18best_fit_allocator5resetEPvi
                0x08004c64       0xbc bn_best_fit_allocator.o
                0x08004c64                bn::best_fit_allocator::reset(void*, int)
 .text._ZN2bn17bg_blocks_manager12_GLOBAL__N_117_hw_commit_offsetEPKtjtPt
                0x08004d20       0x78 bn_bg_blocks_manager.o
 .text._ZN2bn13ostringstream11append_argsIiJA4_ctEEEvRKT_DpRKT0_.isra.0
                0x08004d98       0x24 bn_bg_blocks_manager.o
 .text._ZN2bn13ostringstream11append_argsIiJA4_ciEEEvRKT_DpRKT0_.isra.0
                0x08004dbc       0x24 bn_bg_blocks_manager.o
 .text._ZNK2bn18regular_bg_map_ptr2idEv
                0x08004de0       0x18 bn_bg_blocks_manager.o
                0x08004de0                bn::regular_bg_map_ptr::id() const
 .text._ZNK2bn18regular_bg_map_ptr10dimensionsEv
                0x08004df8       0x20 bn_bg_blocks_manager.o
                0x08004df8                bn::regular_bg_map_ptr::dimensions() const
 .text._ZNK2bn18regular_bg_map_ptr3bigEv
                0x08004e18       0x18 bn_bg_blocks_manager.o
                0x08004e18                bn::regular_bg_map_ptr::big() const
 .text._ZNK2bn20regular_bg_tiles_ptr3cbbEv
                0x08004e30       0x18 bn_bg_blocks_manager.o
                0x08004e30                bn::regular_bg_tiles_ptr::cbb() const
 .text._ZNK2bn17affine_bg_map_ptr2idEv
                0x08004e48       0x18 bn_bg_blocks_manager.o
                0x08004e48                bn::affine_bg_map_ptr::id() const
 .text._ZNK2bn17affine_bg_map_ptr10dimensionsEv
                0x08004e60       0x20 bn_bg_blocks_manager.o
                0x08004e60                bn::affine_bg_map_ptr::dimensions() const
 .text._ZNK2bn19affine_bg_tiles_ptr3cbbEv
                0x08004e80       0x18 bn_bg_blocks_manager.o
                0x08004e80                bn::affine_bg_tiles_ptr::cbb() const
 .text._ZN2bn17bg_blocks_manager10log_statusEv
                0x08004e98      0x45c bn_bg_blocks_manager.o
                0x08004e98                bn::bg_blocks_manager::log_status()
 .text._ZN2bn17bg_blocks_manager15decrease_usagesEi
                0x080052f4       0x98 bn_bg_blocks_manager.o
                0x080052f4                bn::bg_blocks_manager::decrease_usages(int)
 .text._ZN2bn18regular_bg_map_ptrD2Ev
                0x0800538c       0x18 bn_bg_blocks_manager.o
                0x0800538c                bn::regular_bg_map_ptr::~regular_bg_map_ptr()
                0x0800538c                bn::regular_bg_map_ptr::~regular_bg_map_ptr()
 .text._ZN2bn17affine_bg_map_ptrD2Ev
                0x080053a4       0x18 bn_bg_blocks_manager.o
                0x080053a4                bn::affine_bg_map_ptr::~affine_bg_map_ptr()
                0x080053a4                bn::affine_bg_map_ptr::~affine_bg_map_ptr()
 .text._ZN2bn17bg_blocks_manager12_GLOBAL__N_111static_dataD2Ev
                0x080053bc       0x54 bn_bg_blocks_manager.o
 .text._ZN2bn17bg_blocks_manager12_GLOBAL__N_110items_list12insert_afterEiRKNS1_9item_typeE.constprop.0
                0x08005410      0x26c bn_bg_blocks_manager.o
 .text._ZN2bn17bg_blocks_manager4initEv
                0x0800567c       0x8c bn_bg_blocks_manager.o
                0x0800567c                bn::bg_blocks_manager::init()
 .text._ZN2bn17bg_blocks_manager11must_commitEi
                0x08005708       0x18 bn_bg_blocks_manager.o
                0x08005708                bn::bg_blocks_manager::must_commit(int)
 .text._ZN2bn17bg_blocks_manager6updateEv
                0x08005720      0x258 bn_bg_blocks_manager.o
                0x08005720                bn::bg_blocks_manager::update()
 .text._ZN3_bn6assert9show_argsIA52_ctEEvPKcS4_S4_iRKT_RKT0_
                0x08005978       0x54 bn_bg_blocks_manager.o
                0x08005978                void _bn::assert::show_args<char [52], unsigned short>(char const*, char const*, char const*, int, char const (&) [52], unsigned short const&)
 .text._ZN3_bn6assert9show_argsIJA20_ciA4_ctEEEvPKcS5_S5_iDpRKT_
                0x080059cc       0x58 bn_bg_blocks_manager.o
                0x080059cc                void _bn::assert::show_args<char [20], int, char [4], unsigned short>(char const*, char const*, char const*, int, char const (&) [20], int const&, char const (&) [4], unsigned short const&)
 .text._ZN3_bn6assert9show_argsIJA22_ciA4_ciEEEvPKcS5_S5_iDpRKT_
                0x08005a24       0x58 bn_bg_blocks_manager.o
                0x08005a24                void _bn::assert::show_args<char [22], int, char [4], int>(char const*, char const*, char const*, int, char const (&) [22], int const&, char const (&) [4], int const&)
 .text._ZN3_bn6assert9show_argsIJA58_ciA4_ciEEEvPKcS5_S5_iDpRKT_
                0x08005a7c       0x58 bn_bg_blocks_manager.o
                0x08005a7c                void _bn::assert::show_args<char [58], int, char [4], int>(char const*, char const*, char const*, int, char const (&) [58], int const&, char const (&) [4], int const&)
 .text._ZN3_bn6assert9show_argsIA38_cEEvPKcS4_S4_iRKT_
                0x08005ad4       0x48 bn_bg_blocks_manager.o
                0x08005ad4                void _bn::assert::show_args<char [38]>(char const*, char const*, char const*, int, char const (&) [38])
 .text._ZN3_bn6assert9show_argsIA27_ciEEvPKcS4_S4_iRKT_RKT0_
                0x08005b1c       0x54 bn_bg_blocks_manager.o
                0x08005b1c                void _bn::assert::show_args<char [27], int>(char const*, char const*, char const*, int, char const (&) [27], int const&)
 .text._ZN2bn17bg_blocks_manager12_GLOBAL__N_110_hw_commitEPKtNS_16compression_typeEibPt
                0x08005b70       0x6c bn_bg_blocks_manager.o
 .text._ZN3_bn6assert9show_argsIA22_ciEEvPKcS4_S4_iRKT_RKT0_
                0x08005bdc       0x54 bn_bg_blocks_manager.o
                0x08005bdc                void _bn::assert::show_args<char [22], int>(char const*, char const*, char const*, int, char const (&) [22], int const&)
 .text._ZN3_bn6assert9show_argsIA19_cEEvPKcS4_S4_iRKT_
                0x08005c30       0x48 bn_bg_blocks_manager.o
                0x08005c30                void _bn::assert::show_args<char [19]>(char const*, char const*, char const*, int, char const (&) [19])
 .text._ZN2bn17bg_blocks_manager12_GLOBAL__N_116_find_tiles_implEPKtNS_16compression_typeEib
                0x08005c78       0xfc bn_bg_blocks_manager.o
 .text._ZN2bn17bg_blocks_manager12_GLOBAL__N_117_fix_blocks_countERKNS1_9item_typeEi
                0x08005d74       0x78 bn_bg_blocks_manager.o
 .text._ZN3_bn6assert9show_argsIA22_cEEvPKcS4_S4_iRKT_
                0x08005dec       0x48 bn_bg_blocks_manager.o
                0x08005dec                void _bn::assert::show_args<char [22]>(char const*, char const*, char const*, int, char const (&) [22])
 .text._ZNK2bn18regular_bg_map_ptr5tilesEv
                0x08005e34       0x48 bn_bg_blocks_manager.o
                0x08005e34                bn::regular_bg_map_ptr::tiles() const
 .text._ZNK2bn17affine_bg_map_ptr5tilesEv
                0x08005e7c       0x48 bn_bg_blocks_manager.o
                0x08005e7c                bn::affine_bg_map_ptr::tiles() const
 .text._ZNK2bn18regular_bg_map_ptr3bppEv
                0x08005ec4       0x4c bn_bg_blocks_manager.o
                0x08005ec4                bn::regular_bg_map_ptr::bpp() const
 .text._ZN2bn17bg_blocks_manager21update_affine_map_rowEiii
                0x08005f10      0x168 bn_bg_blocks_manager.o
                0x08005f10                bn::bg_blocks_manager::update_affine_map_row(int, int, int)
 .text._ZN2bn17bg_blocks_manager28update_affine_map_bottom_rowEiii
                0x08006078       0x2c bn_bg_blocks_manager.o
                0x08006078                bn::bg_blocks_manager::update_affine_map_bottom_row(int, int, int)
 .text._ZN2bn17bg_blocks_manager23set_affine_map_positionEiii
                0x080060a4      0x214 bn_bg_blocks_manager.o
                0x080060a4                bn::bg_blocks_manager::set_affine_map_position(int, int, int)
 .text._ZN2bn17bg_blocks_manager21update_affine_map_colEiii
                0x080062b8      0x334 bn_bg_blocks_manager.o
                0x080062b8                bn::bg_blocks_manager::update_affine_map_col(int, int, int)
 .text._ZN2bn17bg_blocks_manager27update_affine_map_right_colEiii
                0x080065ec       0x2c bn_bg_blocks_manager.o
                0x080065ec                bn::bg_blocks_manager::update_affine_map_right_col(int, int, int)
 .text._ZN2bn17bg_blocks_manager22update_regular_map_rowEiii
                0x08006618      0x194 bn_bg_blocks_manager.o
                0x08006618                bn::bg_blocks_manager::update_regular_map_row(int, int, int)
 .text._ZN2bn17bg_blocks_manager22update_regular_map_colEiii
                0x080067ac      0x1fc bn_bg_blocks_manager.o
                0x080067ac                bn::bg_blocks_manager::update_regular_map_col(int, int, int)
 .text._ZN2bn17bg_blocks_manager24set_regular_map_positionEiii
                0x080069a8      0x24c bn_bg_blocks_manager.o
                0x080069a8                bn::bg_blocks_manager::set_regular_map_position(int, int, int)
 .text._ZN2bn17bg_blocks_manager21set_regular_map_tilesEiONS_20regular_bg_tiles_ptrE
                0x08006bf4      0x258 bn_bg_blocks_manager.o
                0x08006bf4                bn::bg_blocks_manager::set_regular_map_tiles(int, bn::regular_bg_tiles_ptr&&)
 .text._ZN2bn17bg_blocks_manager23set_regular_map_paletteEiONS_14bg_palette_ptrE
                0x08006e4c      0x220 bn_bg_blocks_manager.o
                0x08006e4c                bn::bg_blocks_manager::set_regular_map_palette(int, bn::bg_palette_ptr&&)
 .text._ZN2bn17bg_blocks_manager12_GLOBAL__N_112_commit_itemERKNS1_9item_typeEb
                0x0800706c      0x1f0 bn_bg_blocks_manager.o
 .text._ZN2bn17bg_blocks_manager12_GLOBAL__N_112_create_itemEiibONS1_11create_dataE
                0x0800725c      0x544 bn_bg_blocks_manager.o
 .text._ZN2bn17bg_blocks_manager12_GLOBAL__N_112_create_implEONS1_11create_dataE
                0x080077a0      0x1fc bn_bg_blocks_manager.o
 .text._ZN2bn17bg_blocks_manager19commit_uncompressedEb
                0x0800799c       0x58 bn_bg_blocks_manager.o
                0x0800799c                bn::bg_blocks_manager::commit_uncompressed(bool)
 .text._ZN2bn17bg_blocks_manager17commit_compressedEv
                0x080079f4       0x48 bn_bg_blocks_manager.o
                0x080079f4                bn::bg_blocks_manager::commit_compressed()
 .text._ZN3_bn6assert9show_argsIJA32_cA15_cPKtA16_ciA17_ciA34_cN2bn11string_viewEEEEvPKcSC_SC_iDpRKT_
                0x08007a3c       0x90 bn_bg_blocks_manager.o
                0x08007a3c                void _bn::assert::show_args<char [32], char [15], unsigned short const*, char [16], int, char [17], int, char [34], bn::string_view>(char const*, char const*, char const*, int, char const (&) [32], char const (&) [15], unsigned short const* const&, char const (&) [16], int const&, char const (&) [17], int const&, char const (&) [34], bn::string_view const&)
 .text._ZN2bn17bg_blocks_manager20create_regular_tilesERKNS_21regular_bg_tiles_itemEb
                0x08007acc      0x138 bn_bg_blocks_manager.o
                0x08007acc                bn::bg_blocks_manager::create_regular_tiles(bn::regular_bg_tiles_item const&, bool)
 .text._ZN3_bn6assert9show_argsIJA30_cA13_cPKtA14_ciA15_ciA17_ciA34_cN2bn11string_viewEEEEvPKcSD_SD_iDpRKT_
                0x08007c04       0xa0 bn_bg_blocks_manager.o
                0x08007c04                void _bn::assert::show_args<char [30], char [13], unsigned short const*, char [14], int, char [15], int, char [17], int, char [34], bn::string_view>(char const*, char const*, char const*, int, char const (&) [30], char const (&) [13], unsigned short const* const&, char const (&) [14], int const&, char const (&) [15], int const&, char const (&) [17], int const&, char const (&) [34], bn::string_view const&)
 .text._ZN3_bn6assert9show_argsIA31_cEEvPKcS4_S4_iRKT_
                0x08007ca4       0x48 bn_bg_blocks_manager.o
                0x08007ca4                void _bn::assert::show_args<char [31]>(char const*, char const*, char const*, int, char const (&) [31])
 .text._ZN3_bn6assert9show_argsIJA37_ciA4_ciEEEvPKcS5_S5_iDpRKT_
                0x08007cec       0x58 bn_bg_blocks_manager.o
                0x08007cec                void _bn::assert::show_args<char [37], int, char [4], int>(char const*, char const*, char const*, int, char const (&) [37], int const&, char const (&) [4], int const&)
 .text._ZN2bn17bg_blocks_manager33set_regular_map_tiles_and_paletteEiONS_20regular_bg_tiles_ptrEONS_14bg_palette_ptrE
                0x08007d44      0x2e8 bn_bg_blocks_manager.o
                0x08007d44                bn::bg_blocks_manager::set_regular_map_tiles_and_palette(int, bn::regular_bg_tiles_ptr&&, bn::bg_palette_ptr&&)
 .text._ZN2bn17bg_blocks_manager12_GLOBAL__N_122_find_regular_map_implERKNS_19regular_bg_map_itemEPKtRKNS_20regular_bg_tiles_ptrERKNS_14bg_palette_ptrE
                0x0800802c      0x2e0 bn_bg_blocks_manager.o
 .text._ZN2bn17bg_blocks_manager18create_regular_mapERKNS_19regular_bg_map_itemEPKtONS_20regular_bg_tiles_ptrEONS_14bg_palette_ptrEb
                0x0800830c      0x280 bn_bg_blocks_manager.o
                0x0800830c                bn::bg_blocks_manager::create_regular_map(bn::regular_bg_map_item const&, unsigned short const*, bn::regular_bg_tiles_ptr&&, bn::bg_palette_ptr&&, bool)
 .text._ZN2bn18regular_bg_map_ptr6createERKNS_15regular_bg_itemEi
                0x0800858c       0xdc bn_bg_blocks_manager.o
                0x0800858c                bn::regular_bg_map_ptr::create(bn::regular_bg_item const&, int)
 .text.startup._GLOBAL__sub_I__ZN2bn7bg_maps16used_cells_countEv
                0x08008668       0x88 bn_bg_blocks_manager.o
 .text._ZN2bn11bgs_manager12_GLOBAL__N_129_check_unique_regular_big_mapERNS1_9item_typeE
                0x080086f0       0x68 bn_bgs_manager.o
 .text._ZN2bn11bgs_manager12_GLOBAL__N_111static_dataD2Ev
                0x08008758       0x10 bn_bgs_manager.o
 .text._ZN2bn11bgs_manager12_GLOBAL__N_133_update_item_hw_affine_attributesERKNS1_9item_typeE
                0x08008768       0x48 bn_bgs_manager.o
 .text._ZN2bn11bgs_manager4initEv
                0x080087b0       0x8c bn_bgs_manager.o
                0x080087b0                bn::bgs_manager::init()
 .text._ZN2bn11bgs_manager5hw_idEPv
                0x0800883c        0x8 bn_bgs_manager.o
                0x0800883c                bn::bgs_manager::hw_id(void*)
 .text._ZN2bn11bgs_manager11hw_positionEPv
                0x08008844        0x4 bn_bgs_manager.o
                0x08008844                bn::bgs_manager::hw_position(void*)
 .text._ZN2bn11bgs_manager14mat_attributesEPv
                0x08008848        0x4 bn_bgs_manager.o
                0x08008848                bn::bgs_manager::mat_attributes(void*)
 .text._ZN2bn11bgs_manager20update_windows_flagsEPj
                0x0800884c       0x7c bn_bgs_manager.o
                0x0800884c                bn::bgs_manager::update_windows_flags(unsigned int*)
 .text._ZN2bn11bgs_manager14update_camerasEv
                0x080088c8      0x14c bn_bgs_manager.o
                0x080088c8                bn::bgs_manager::update_cameras()
 .text._ZN2bn11bgs_manager28update_regular_map_tiles_cbbEii
                0x08008a14       0xa8 bn_bgs_manager.o
                0x08008a14                bn::bgs_manager::update_regular_map_tiles_cbb(int, int)
 .text._ZN2bn11bgs_manager30update_regular_map_palette_bppEiNS_8bpp_modeE
                0x08008abc       0xac bn_bgs_manager.o
                0x08008abc                bn::bgs_manager::update_regular_map_palette_bpp(int, bn::bpp_mode)
 .text._ZN2bn11bgs_manager6reloadEv
                0x08008b68       0x14 bn_bgs_manager.o
                0x08008b68                bn::bgs_manager::reload()
 .text._ZN2bn11bgs_manager36fill_hblank_effect_regular_positionsEiPKNS_7fixed_tILi12EEEPt
                0x08008b7c       0x38 bn_bgs_manager.o
                0x08008b7c                bn::bgs_manager::fill_hblank_effect_regular_positions(int, bn::fixed_t<12> const*, unsigned short*)
 .text._ZN2bn11bgs_manager45fill_hblank_effect_pivot_horizontal_positionsEPvPKNS_7fixed_tILi12EEEPj
                0x08008bb4       0x24 bn_bgs_manager.o
                0x08008bb4                bn::bgs_manager::fill_hblank_effect_pivot_horizontal_positions(void*, bn::fixed_t<12> const*, unsigned int*)
 .text._ZN2bn11bgs_manager43fill_hblank_effect_pivot_vertical_positionsEPvPKNS_7fixed_tILi12EEEPj
                0x08008bd8       0x24 bn_bgs_manager.o
                0x08008bd8                bn::bgs_manager::fill_hblank_effect_pivot_vertical_positions(void*, bn::fixed_t<12> const*, unsigned int*)
 .text._ZN2bn11bgs_manager6commitEb
                0x08008bfc       0x58 bn_bgs_manager.o
                0x08008bfc                bn::bgs_manager::commit(bool)
 .text._ZN2bn11bgs_manager4stopEv
                0x08008c54       0x28 bn_bgs_manager.o
                0x08008c54                bn::bgs_manager::stop()
 .text._ZN3_bn6assert9show_argsIA17_ciEEvPKcS4_S4_iRKT_RKT0_
                0x08008c7c       0x54 bn_bgs_manager.o
                0x08008c7c                void _bn::assert::show_args<char [17], int>(char const*, char const*, char const*, int, char const (&) [17], int const&)
 .text._ZN3_bn6assert9show_argsIA30_cEEvPKcS4_S4_iRKT_
                0x08008cd0       0x48 bn_bgs_manager.o
                0x08008cd0                void _bn::assert::show_args<char [30]>(char const*, char const*, char const*, int, char const (&) [30])
 .text._ZN3_bn6assert9show_argsIA27_cEEvPKcS4_S4_iRKT_
                0x08008d18       0x48 bn_bgs_manager.o
                0x08008d18                void _bn::assert::show_args<char [27]>(char const*, char const*, char const*, int, char const (&) [27])
 .text._ZN3_bn6assert9show_argsIA46_cEEvPKcS4_S4_iRKT_
                0x08008d60       0x48 bn_bgs_manager.o
                0x08008d60                void _bn::assert::show_args<char [46]>(char const*, char const*, char const*, int, char const (&) [46])
 .text._ZN2bn11bgs_manager15rebuild_handlesEv.part.0
                0x08008da8      0x1a8 bn_bgs_manager.o
 .text._ZN3_bn6assert9show_argsIA16_cN2bn7fixed_tILi12EEEEEvPKcS7_S7_iRKT_RKT0_
                0x08008f50       0x54 bn_bgs_manager.o
                0x08008f50                void _bn::assert::show_args<char [16], bn::fixed_t<12> >(char const*, char const*, char const*, int, char const (&) [16], bn::fixed_t<12> const&)
 .text._ZN3_bn6assert9show_argsIA38_cN2bn7fixed_tILi12EEEEEvPKcS7_S7_iRKT_RKT0_
                0x08008fa4       0x54 bn_bgs_manager.o
                0x08008fa4                void _bn::assert::show_args<char [38], bn::fixed_t<12> >(char const*, char const*, char const*, int, char const (&) [38], bn::fixed_t<12> const&)
 .text._ZN2bn18regular_bg_builder11release_mapEv
                0x08008ff8       0x6c bn_bgs_manager.o
                0x08008ff8                bn::regular_bg_builder::release_map()
 .text._ZN2bn11bgs_manager37fill_hblank_effect_regular_attributesEPvPKNS_21regular_bg_attributesEPt
                0x08009064      0x108 bn_bgs_manager.o
                0x08009064                bn::bgs_manager::fill_hblank_effect_regular_attributes(void*, bn::regular_bg_attributes const*, unsigned short*)
 .text._ZN2bn11bgs_manager6updateEv
                0x0800916c      0x16c bn_bgs_manager.o
                0x0800916c                bn::bgs_manager::update()
 .text._ZN2bn11bgs_manager15commit_big_mapsEv
                0x080092d8      0x1d0 bn_bgs_manager.o
                0x080092d8                bn::bgs_manager::commit_big_maps()
 .text._ZN2bn11bgs_manager12_GLOBAL__N_19item_type18update_regular_mapEv
                0x080094a8      0x1c8 bn_bgs_manager.o
 .text._ZN2bn11bgs_manager36fill_hblank_effect_affine_attributesEPvPKNS_20affine_bg_attributesEPt
                0x08009670      0x10c bn_bgs_manager.o
                0x08009670                bn::bgs_manager::fill_hblank_effect_affine_attributes(void*, bn::affine_bg_attributes const*, unsigned short*)
 .text._ZN2bn11bgs_manager10affine_mapEPv
                0x0800977c       0x34 bn_bgs_manager.o
                0x0800977c                bn::bgs_manager::affine_map(void*)
 .text._ZN2bn11bgs_manager11regular_mapEPv
                0x080097b0       0x34 bn_bgs_manager.o
                0x080097b0                bn::bgs_manager::regular_map(void*)
 .text._ZN2bn11bgs_manager12_GLOBAL__N_112_insert_itemERNS1_9item_typeE
                0x080097e4      0x104 bn_bgs_manager.o
 .text._ZN3_bn6assert9show_argsIA13_cEEvPKcS4_S4_iRKT_
                0x080098e8       0x48 bn_bgs_manager.o
                0x080098e8                void _bn::assert::show_args<char [13]>(char const*, char const*, char const*, int, char const (&) [13])
 .text._ZN2bn11bgs_manager6createEONS_18regular_bg_builderE
                0x08009930      0x1f0 bn_bgs_manager.o
                0x08009930                bn::bgs_manager::create(bn::regular_bg_builder&&)
 .text._ZNK2bn15regular_bg_item9create_bgENS_7fixed_tILi12EEES2_
                0x08009b20       0x78 bn_bgs_manager.o
                0x08009b20                bn::regular_bg_item::create_bg(bn::fixed_t<12>, bn::fixed_t<12>) const
 .text._ZN2bn5eraseIPNS_11bgs_manager12_GLOBAL__N_19item_typeEEENS_7ivectorIT_E9size_typeERS7_RKS6_.constprop.0.isra.0
                0x08009b98      0x13c bn_bgs_manager.o
 .text._ZN2bn11bgs_manager15decrease_usagesEPv
                0x08009cd4       0xa8 bn_bgs_manager.o
                0x08009cd4                bn::bgs_manager::decrease_usages(void*)
 .text._ZN2bn14regular_bg_ptrD2Ev
                0x08009d7c       0x18 bn_bgs_manager.o
                0x08009d7c                bn::regular_bg_ptr::~regular_bg_ptr()
                0x08009d7c                bn::regular_bg_ptr::~regular_bg_ptr()
 .text._ZN2bn14regular_bg_ptr12set_priorityEi
                0x08009d94       0x68 bn_bgs_manager.o
                0x08009d94                bn::regular_bg_ptr::set_priority(int)
 .text.startup._GLOBAL__sub_I__ZN2bn3bgs16used_items_countEv
                0x08009dfc       0x90 bn_bgs_manager.o
 .text._ZN2bn10camera_ptrC2ERKS0_
                0x08009e8c       0x20 bn_cameras_manager.o
                0x08009e8c                bn::camera_ptr::camera_ptr(bn::camera_ptr const&)
                0x08009e8c                bn::camera_ptr::camera_ptr(bn::camera_ptr const&)
 .text._ZN2bn10camera_ptraSERKS0_
                0x08009eac       0x54 bn_cameras_manager.o
                0x08009eac                bn::camera_ptr::operator=(bn::camera_ptr const&)
 .text._ZN2bn10camera_ptrD2Ev
                0x08009f00       0x38 bn_cameras_manager.o
                0x08009f00                bn::camera_ptr::~camera_ptr()
                0x08009f00                bn::camera_ptr::~camera_ptr()
 .text._ZNK2bn10camera_ptr8positionEv
                0x08009f38       0x14 bn_cameras_manager.o
                0x08009f38                bn::camera_ptr::position() const
 .text._ZN2bn15cameras_manager4initEv
                0x08009f4c       0x24 bn_cameras_manager.o
                0x08009f4c                bn::cameras_manager::init()
 .text._ZN2bn15cameras_manager6updateEv
                0x08009f70       0x28 bn_cameras_manager.o
                0x08009f70                bn::cameras_manager::update()
 .text.startup._GLOBAL__sub_I__ZN2bn7cameras16used_items_countEv
                0x08009f98       0x24 bn_cameras_manager.o
 .text._ZN2bn4core12_GLOBAL__N_14stopEb
                0x08009fbc       0x58 bn_core.o
 .text._ZN2bn4core12_GLOBAL__N_111update_implEv
                0x0800a014      0x114 bn_core.o
 .text._ZN2bn4core6updateEv
                0x0800a128       0x78 bn_core.o
                0x0800a128                bn::core::update()
 .text._ZN2bn4core4initERKNS_8optionalINS_5colorEEERKNS_11string_viewE
                0x0800a1a0      0x12c bn_core.o
                0x0800a1a0                bn::core::init(bn::optional<bn::color> const&, bn::string_view const&)
 .text._ZN2bn4core4initEv
                0x0800a2cc       0x24 bn_core.o
                0x0800a2cc                bn::core::init()
 .text._ZN2bn4core9on_vblankEv
                0x0800a2f0       0x2c bn_core.o
                0x0800a2f0                bn::core::on_vblank()
 .text._ZN2bn11string_viewC2EPKc
                0x0800a31c       0x40 bn_core.o
                0x0800a31c                bn::string_view::string_view(char const*)
                0x0800a31c                bn::string_view::string_view(char const*)
 .text._ZN3_bn6assert12_GLOBAL__N_110_show_implEPKcS3_S3_iRKN2bn11string_viewE
                0x0800a35c       0x80 bn_core.o
 .text._ZN3_bn6assert4showEPKcS2_S2_iRKN2bn12istring_baseE
                0x0800a3dc       0x18 bn_core.o
                0x0800a3dc                _bn::assert::show(char const*, char const*, char const*, int, bn::istring_base const&)
 .text._ZN3_bn6assert9show_argsIA18_cEEvPKcS4_S4_iRKT_
                0x0800a3f4       0x48 bn_core.o
                0x0800a3f4                void _bn::assert::show_args<char [18]>(char const*, char const*, char const*, int, char const (&) [18])
 .text.startup._GLOBAL__sub_I__ZN2bn4core4initEv
                0x0800a43c       0x4c bn_core.o
 .text._ZN2bn15display_manager12_GLOBAL__N_111static_dataD2Ev
                0x0800a488       0x34 bn_display_manager.o
 .text._ZN2bn15display_manager12_GLOBAL__N_134_update_rect_windows_hw_boundariesEi
                0x0800a4bc       0x7c bn_display_manager.o
 .text._ZN2bn15display_manager4initEv
                0x0800a538       0xa4 bn_display_manager.o
                0x0800a538                bn::display_manager::init()
 .text._ZN2bn15display_manager8set_modeEi
                0x0800a5dc       0x1c bn_display_manager.o
                0x0800a5dc                bn::display_manager::set_mode(int)
 .text._ZN2bn15display_manager15sprites_visibleEv
                0x0800a5f8        0xc bn_display_manager.o
                0x0800a5f8                bn::display_manager::sprites_visible()
 .text._ZN2bn15display_manager19set_sprites_visibleEb
                0x0800a604       0x1c bn_display_manager.o
                0x0800a604                bn::display_manager::set_sprites_visible(bool)
 .text._ZN2bn15display_manager14set_bg_enabledEib
                0x0800a620       0x18 bn_display_manager.o
                0x0800a620                bn::display_manager::set_bg_enabled(int, bool)
 .text._ZN2bn15display_manager15disable_all_bgsEv
                0x0800a638       0x14 bn_display_manager.o
                0x0800a638                bn::display_manager::disable_all_bgs()
 .text._ZN2bn15display_manager13reload_mosaicEv
                0x0800a64c       0x14 bn_display_manager.o
                0x0800a64c                bn::display_manager::reload_mosaic()
 .text._ZN2bn15display_manager36fill_mosaic_hblank_effect_attributesEPKNS_17mosaic_attributesEPt
                0x0800a660       0xb4 bn_display_manager.o
                0x0800a660                bn::display_manager::fill_mosaic_hblank_effect_attributes(bn::mosaic_attributes const*, unsigned short*)
 .text._ZN2bn15display_manager27set_blending_top_bg_enabledEib
                0x0800a714       0x20 bn_display_manager.o
                0x0800a714                bn::display_manager::set_blending_top_bg_enabled(int, bool)
 .text._ZN2bn15display_manager30set_blending_bottom_bg_enabledEib
                0x0800a734       0x20 bn_display_manager.o
                0x0800a734                bn::display_manager::set_blending_bottom_bg_enabled(int, bool)
 .text._ZN2bn15display_manager32blending_transparency_top_weightEv
                0x0800a754       0x18 bn_display_manager.o
                0x0800a754                bn::display_manager::blending_transparency_top_weight()
 .text._ZN2bn15display_manager35blending_transparency_bottom_weightEv
                0x0800a76c       0x28 bn_display_manager.o
                0x0800a76c                bn::display_manager::blending_transparency_bottom_weight()
 .text._ZN2bn15display_manager28reload_blending_transparencyEv
                0x0800a794       0x14 bn_display_manager.o
                0x0800a794                bn::display_manager::reload_blending_transparency()
 .text._ZN2bn15display_manager51fill_blending_transparency_hblank_effect_attributesEPKNS_32blending_transparency_attributesEPt
                0x0800a7a8       0x30 bn_display_manager.o
                0x0800a7a8                bn::display_manager::fill_blending_transparency_hblank_effect_attributes(bn::blending_transparency_attributes const*, unsigned short*)
 .text._ZN2bn15display_manager21blending_fade_enabledEv
                0x0800a7d8        0xc bn_display_manager.o
                0x0800a7d8                bn::display_manager::blending_fade_enabled()
 .text._ZN2bn15display_manager25set_blending_fade_enabledEb
                0x0800a7e4       0x2c bn_display_manager.o
                0x0800a7e4                bn::display_manager::set_blending_fade_enabled(bool)
 .text._ZN2bn15display_manager20reload_blending_fadeEv
                0x0800a810       0x40 bn_display_manager.o
                0x0800a810                bn::display_manager::reload_blending_fade()
 .text._ZN2bn15display_manager39fill_blending_fade_hblank_effect_alphasEPKNS_19blending_fade_alphaEPt
                0x0800a850       0x24 bn_display_manager.o
                0x0800a850                bn::display_manager::fill_blending_fade_hblank_effect_alphas(bn::blending_fade_alpha const*, unsigned short*)
 .text._ZN2bn15display_manager26update_windows_visible_bgsEv
                0x0800a874       0x14 bn_display_manager.o
                0x0800a874                bn::display_manager::update_windows_visible_bgs()
 .text._ZN2bn15display_manager36rect_window_hw_horizontal_boundariesEi
                0x0800a888       0x18 bn_display_manager.o
                0x0800a888                bn::display_manager::rect_window_hw_horizontal_boundaries(int)
 .text._ZN2bn15display_manager34rect_window_hw_vertical_boundariesEi
                0x0800a8a0       0x18 bn_display_manager.o
                0x0800a8a0                bn::display_manager::rect_window_hw_vertical_boundaries(int)
 .text._ZN2bn15display_manager30reload_rect_windows_boundariesEv
                0x0800a8b8       0x14 bn_display_manager.o
                0x0800a8b8                bn::display_manager::reload_rect_windows_boundaries()
 .text._ZN2bn15display_manager52fill_rect_window_hblank_effect_horizontal_boundariesERKSt4pairIiiEPKS1_INS_7fixed_tILi12EEES6_EPt
                0x0800a8cc      0x134 bn_display_manager.o
                0x0800a8cc                bn::display_manager::fill_rect_window_hblank_effect_horizontal_boundaries(std::pair<int, int> const&, std::pair<bn::fixed_t<12>, bn::fixed_t<12> > const*, unsigned short*)
 .text._ZN2bn15display_manager50fill_rect_window_hblank_effect_vertical_boundariesERKSt4pairIiiEPKS1_INS_7fixed_tILi12EEES6_EPt
                0x0800aa00      0x134 bn_display_manager.o
                0x0800aa00                bn::display_manager::fill_rect_window_hblank_effect_vertical_boundaries(std::pair<int, int> const&, std::pair<bn::fixed_t<12>, bn::fixed_t<12> > const*, unsigned short*)
 .text._ZN2bn15display_manager17reload_green_swapEv
                0x0800ab34       0x14 bn_display_manager.o
                0x0800ab34                bn::display_manager::reload_green_swap()
 .text._ZN2bn15display_manager36fill_green_swap_hblank_effect_statesEPKbPt
                0x0800ab48       0x38 bn_display_manager.o
                0x0800ab48                bn::display_manager::fill_green_swap_hblank_effect_states(bool const*, unsigned short*)
 .text._ZN2bn15display_manager14update_camerasEv
                0x0800ab80       0x40 bn_display_manager.o
                0x0800ab80                bn::display_manager::update_cameras()
 .text._ZN2bn15display_manager6updateEv
                0x0800abc0      0x250 bn_display_manager.o
                0x0800abc0                bn::display_manager::update()
 .text._ZN2bn15display_manager6commitEv
                0x0800ae10      0x12c bn_display_manager.o
                0x0800ae10                bn::display_manager::commit()
 .text._ZN2bn15display_manager4stopEv
                0x0800af3c       0x30 bn_display_manager.o
                0x0800af3c                bn::display_manager::stop()
 .text._ZN3_bn6assert9show_argsIA66_cEEvPKcS4_S4_iRKT_
                0x0800af6c       0x48 bn_display_manager.o
                0x0800af6c                void _bn::assert::show_args<char [66]>(char const*, char const*, char const*, int, char const (&) [66])
 .text._ZN3_bn6assert9show_argsIA29_cN2bn7fixed_tILi12EEEEEvPKcS7_S7_iRKT_RKT0_
                0x0800afb4       0x54 bn_display_manager.o
                0x0800afb4                void _bn::assert::show_args<char [29], bn::fixed_t<12> >(char const*, char const*, char const*, int, char const (&) [29], bn::fixed_t<12> const&)
 .text._ZN2bn8blending22set_transparency_alphaENS_7fixed_tILi12EEE
                0x0800b008       0x94 bn_display_manager.o
                0x0800b008                bn::blending::set_transparency_alpha(bn::fixed_t<12>)
 .text._ZN3_bn6assert9show_argsIA18_cN2bn7fixed_tILi12EEEEEvPKcS7_S7_iRKT_RKT0_
                0x0800b09c       0x54 bn_display_manager.o
                0x0800b09c                void _bn::assert::show_args<char [18], bn::fixed_t<12> >(char const*, char const*, char const*, int, char const (&) [18], bn::fixed_t<12> const&)
 .text._ZN2bn14sprites_mosaic11set_stretchENS_7fixed_tILi12EEE
                0x0800b0f0       0x70 bn_display_manager.o
                0x0800b0f0                bn::sprites_mosaic::set_stretch(bn::fixed_t<12>)
 .text.startup._GLOBAL__sub_I__ZNK2bn6window7show_bgERKNS_14regular_bg_ptrE
                0x0800b160       0xa4 bn_display_manager.o
 .text._ZN2bn12gpio_manager5sleepEv
                0x0800b204       0x28 bn_gpio_manager.o
                0x0800b204                bn::gpio_manager::sleep()
 .text._ZN2bn22hblank_effects_manager12_GLOBAL__N_19item_type18_output_values_ptrEv
                0x0800b22c       0x40 bn_hblank_effects_manager.o
 .text._ZN2bn23sprite_position_hbe_ptr17reload_deltas_refEv
                0x0800b26c       0x2c bn_hblank_effects_manager.o
                0x0800b26c                bn::sprite_position_hbe_ptr::reload_deltas_ref()
 .text._ZN2bn22hblank_effects_manager7disableEv
                0x0800b298       0x24 bn_hblank_effects_manager.o
                0x0800b298                bn::hblank_effects_manager::disable()
 .text._ZN2bn22hblank_effects_manager4stopEv
                0x0800b2bc       0x38 bn_hblank_effects_manager.o
                0x0800b2bc                bn::hblank_effects_manager::stop()
 .text._ZN2bn22hblank_effects_manager6commitEv
                0x0800b2f4       0x88 bn_hblank_effects_manager.o
                0x0800b2f4                bn::hblank_effects_manager::commit()
 .text._ZN2bn22hblank_effects_manager12_GLOBAL__N_110_is_uint32ENS0_12handler_typeE
                0x0800b37c       0x64 bn_hblank_effects_manager.o
 .text._ZN2bn22hblank_effects_manager12_GLOBAL__N_19item_type7cleanupEv
                0x0800b3e0       0x9c bn_hblank_effects_manager.o
 .text._ZN2bn22hblank_effects_manager12_GLOBAL__N_126_update_visible_item_indexEi
                0x0800b47c       0x98 bn_hblank_effects_manager.o
 .text._ZN3_bn6assert9show_argsIA42_cEEvPKcS4_S4_iRKT_
                0x0800b514       0x48 bn_hblank_effects_manager.o
                0x0800b514                void _bn::assert::show_args<char [42]>(char const*, char const*, char const*, int, char const (&) [42])
 .text._ZN2bn22hblank_effects_manager12_GLOBAL__N_19item_type12check_updateEv
                0x0800b55c     0x1640 bn_hblank_effects_manager.o
 .text._ZN2bn22hblank_effects_manager6updateEv
                0x0800cb9c      0x1ec bn_hblank_effects_manager.o
                0x0800cb9c                bn::hblank_effects_manager::update()
 .text._ZN3_bn6assert9show_argsIA34_cEEvPKcS4_S4_iRKT_
                0x0800cd88       0x48 bn_hblank_effects_manager.o
                0x0800cd88                void _bn::assert::show_args<char [34]>(char const*, char const*, char const*, int, char const (&) [34])
 .text._ZN2bn22hblank_effects_manager12_GLOBAL__N_17_createEPKviNS0_12handler_typeEb
                0x0800cdd0      0x26c bn_hblank_effects_manager.o
 .text._ZN2bn39sprite_affine_second_attributes_hbe_ptr6createENS_10sprite_ptrERKNS_4spanIKNS_31sprite_affine_second_attributesEEE
                0x0800d03c       0x70 bn_hblank_effects_manager.o
                0x0800d03c                bn::sprite_affine_second_attributes_hbe_ptr::create(bn::sprite_ptr, bn::span<bn::sprite_affine_second_attributes const> const&)
 .text._ZN2bn31sprite_first_attributes_hbe_ptr6createENS_10sprite_ptrERKNS_4spanIKNS_23sprite_first_attributesEEE
                0x0800d0ac       0x70 bn_hblank_effects_manager.o
                0x0800d0ac                bn::sprite_first_attributes_hbe_ptr::create(bn::sprite_ptr, bn::span<bn::sprite_first_attributes const> const&)
 .text._ZN2bn23sprite_position_hbe_ptr17create_horizontalENS_10sprite_ptrERKNS_4spanIKNS_7fixed_tILi12EEEEE
                0x0800d11c       0x70 bn_hblank_effects_manager.o
                0x0800d11c                bn::sprite_position_hbe_ptr::create_horizontal(bn::sprite_ptr, bn::span<bn::fixed_t<12> const> const&)
 .text._ZN2bn40sprite_regular_second_attributes_hbe_ptr6createENS_10sprite_ptrERKNS_4spanIKNS_32sprite_regular_second_attributesEEE
                0x0800d18c       0x70 bn_hblank_effects_manager.o
                0x0800d18c                bn::sprite_regular_second_attributes_hbe_ptr::create(bn::sprite_ptr, bn::span<bn::sprite_regular_second_attributes const> const&)
 .text._ZN2bn31sprite_third_attributes_hbe_ptr6createENS_10sprite_ptrERKNS_4spanIKNS_23sprite_third_attributesEEE
                0x0800d1fc       0x70 bn_hblank_effects_manager.o
                0x0800d1fc                bn::sprite_third_attributes_hbe_ptr::create(bn::sprite_ptr, bn::span<bn::sprite_third_attributes const> const&)
 .text._ZN2bn22hblank_effects_manager4initEv
                0x0800d26c      0x190 bn_hblank_effects_manager.o
                0x0800d26c                bn::hblank_effects_manager::init()
 .text._ZN2bn22hblank_effects_manager15decrease_usagesEi.part.0
                0x0800d3fc      0x154 bn_hblank_effects_manager.o
 .text._ZN2bn7hbe_ptrD2Ev
                0x0800d550       0x34 bn_hblank_effects_manager.o
                0x0800d550                bn::hbe_ptr::~hbe_ptr()
                0x0800d550                bn::hbe_ptr::~hbe_ptr()
 .text.startup._GLOBAL__sub_I__ZN2bn4hbes10used_countEv
                0x0800d584       0xe8 bn_hblank_effects_manager.o
 .text._ZN2bn12hdma_manager4initEv
                0x0800d66c       0x40 bn_hdma_manager.o
                0x0800d66c                bn::hdma_manager::init()
 .text._ZN2bn12hdma_manager10force_stopEv
                0x0800d6ac       0x3c bn_hdma_manager.o
                0x0800d6ac                bn::hdma_manager::force_stop()
 .text._ZN2bn12hdma_manager7disableEv
                0x0800d6e8       0x30 bn_hdma_manager.o
                0x0800d6e8                bn::hdma_manager::disable()
 .text._ZN2bn12hdma_manager6updateEv
                0x0800d718       0x6c bn_hdma_manager.o
                0x0800d718                bn::hdma_manager::update()
 .text._ZN2bn12hdma_manager6commitEb
                0x0800d784      0x120 bn_hdma_manager.o
                0x0800d784                bn::hdma_manager::commit(bool)
 .text.startup._GLOBAL__sub_I__ZN2bn4hdma7runningEv
                0x0800d8a4       0x34 bn_hdma_manager.o
 .text._ZN2bn6keypad9a_pressedEv
                0x0800d8d8       0x10 bn_keypad_manager.o
                0x0800d8d8                bn::keypad::a_pressed()
 .text._ZN2bn6keypad9b_pressedEv
                0x0800d8e8       0x10 bn_keypad_manager.o
                0x0800d8e8                bn::keypad::b_pressed()
 .text._ZN2bn6keypad14select_pressedEv
                0x0800d8f8       0x10 bn_keypad_manager.o
                0x0800d8f8                bn::keypad::select_pressed()
 .text._ZN2bn6keypad13start_pressedEv
                0x0800d908       0x10 bn_keypad_manager.o
                0x0800d908                bn::keypad::start_pressed()
 .text._ZN2bn6keypad10right_heldEv
                0x0800d918       0x10 bn_keypad_manager.o
                0x0800d918                bn::keypad::right_held()
 .text._ZN2bn6keypad13right_pressedEv
                0x0800d928       0x10 bn_keypad_manager.o
                0x0800d928                bn::keypad::right_pressed()
 .text._ZN2bn6keypad9left_heldEv
                0x0800d938       0x10 bn_keypad_manager.o
                0x0800d938                bn::keypad::left_held()
 .text._ZN2bn6keypad12left_pressedEv
                0x0800d948       0x10 bn_keypad_manager.o
                0x0800d948                bn::keypad::left_pressed()
 .text._ZN2bn6keypad7up_heldEv
                0x0800d958       0x10 bn_keypad_manager.o
                0x0800d958                bn::keypad::up_held()
 .text._ZN2bn6keypad10up_pressedEv
                0x0800d968       0x10 bn_keypad_manager.o
                0x0800d968                bn::keypad::up_pressed()
 .text._ZN2bn6keypad9down_heldEv
                0x0800d978        0xc bn_keypad_manager.o
                0x0800d978                bn::keypad::down_held()
 .text._ZN2bn6keypad12down_pressedEv
                0x0800d984        0xc bn_keypad_manager.o
                0x0800d984                bn::keypad::down_pressed()
 .text._ZN2bn6keypad9r_pressedEv
                0x0800d990       0x10 bn_keypad_manager.o
                0x0800d990                bn::keypad::r_pressed()
 .text._ZN2bn6keypad9l_pressedEv
                0x0800d9a0       0x10 bn_keypad_manager.o
                0x0800d9a0                bn::keypad::l_pressed()
 .text._ZN2bn14keypad_manager4stopEv
                0x0800d9b0        0x4 bn_keypad_manager.o
                0x0800d9b0                bn::keypad_manager::stop()
 .text._ZN2bn14keypad_manager6updateEv
                0x0800d9b4       0xa8 bn_keypad_manager.o
                0x0800d9b4                bn::keypad_manager::update()
 .text._ZN2bn14keypad_manager4initERKNS_11string_viewE
                0x0800da5c       0x64 bn_keypad_manager.o
                0x0800da5c                bn::keypad_manager::init(bn::string_view const&)
 .text._ZN2bn12link_manager4initEv
                0x0800dac0        0xc bn_link_manager.o
                0x0800dac0                bn::link_manager::init()
 .text._ZN2bn12link_manager6activeEv
                0x0800dacc        0xc bn_link_manager.o
                0x0800dacc                bn::link_manager::active()
 .text._ZN2bn12link_manager7disableEv
                0x0800dad8       0x18 bn_link_manager.o
                0x0800dad8                bn::link_manager::disable()
 .text._ZN2bn14memory_manager12_GLOBAL__N_111static_dataD2Ev
                0x0800daf0       0x10 bn_memory_manager.o
 .text._ZN2bn14memory_manager4initEv
                0x0800db00       0x2c bn_memory_manager.o
                0x0800db00                bn::memory_manager::init()
 .text.startup._GLOBAL__sub_I__Znwj
                0x0800db2c       0x20 bn_memory_manager.o
 .text._ZN2bn16palettes_manager12_GLOBAL__N_111static_dataD2Ev
                0x0800db4c        0x4 bn_palettes_manager.o
 .text._ZN2bn2hw8palettes9grayscaleEPKNS_5colorEiiPS2_.part.0
                0x0800db50       0x40 bn_palettes_manager.o
 .text._ZN2bn11bg_palettes21set_transparent_colorENS_5colorE
                0x0800db90       0x40 bn_palettes_manager.o
                0x0800db90                bn::bg_palettes::set_transparent_color(bn::color)
 .text._ZN2bn14bg_palette_ptrC2ERKS0_
                0x0800dbd0       0x2c bn_palettes_manager.o
                0x0800dbd0                bn::bg_palette_ptr::bg_palette_ptr(bn::bg_palette_ptr const&)
                0x0800dbd0                bn::bg_palette_ptr::bg_palette_ptr(bn::bg_palette_ptr const&)
 .text._ZNK2bn14bg_palette_ptr3bppEv
                0x0800dbfc       0x20 bn_palettes_manager.o
                0x0800dbfc                bn::bg_palette_ptr::bpp() const
 .text._ZN2bn18sprite_palette_ptrC2ERKS0_
                0x0800dc1c       0x1c bn_palettes_manager.o
                0x0800dc1c                bn::sprite_palette_ptr::sprite_palette_ptr(bn::sprite_palette_ptr const&)
                0x0800dc1c                bn::sprite_palette_ptr::sprite_palette_ptr(bn::sprite_palette_ptr const&)
 .text._ZNK2bn18sprite_palette_ptr3bppEv
                0x0800dc38       0x1c bn_palettes_manager.o
                0x0800dc38                bn::sprite_palette_ptr::bpp() const
 .text._ZNK2bn13palettes_bank10log_statusEv
                0x0800dc54      0x17c bn_palettes_manager.o
                0x0800dc54                bn::palettes_bank::log_status() const
 .text._ZN2bn13palettes_bank10find_bpp_4ERKNS_4spanIKNS_5colorEEEt
                0x0800ddd0      0x118 bn_palettes_manager.o
                0x0800ddd0                bn::palettes_bank::find_bpp_4(bn::span<bn::color const> const&, unsigned short)
 .text._ZN2bn13palettes_bank6reloadEi
                0x0800dee8       0x1c bn_palettes_manager.o
                0x0800dee8                bn::palettes_bank::reload(int)
 .text._ZNK2bn13palettes_bank20retrieve_commit_dataEv
                0x0800df04       0x4c bn_palettes_manager.o
                0x0800df04                bn::palettes_bank::retrieve_commit_data() const
 .text._ZNK2bn13palettes_bank21_apply_global_effectsEiPNS_5colorE
                0x0800df50      0x13c bn_palettes_manager.o
                0x0800df50                bn::palettes_bank::_apply_global_effects(int, bn::color*) const
 .text._ZNK2bn13palettes_bank25fill_hblank_effect_colorsEPKNS_5colorEPt
                0x0800e08c       0x30 bn_palettes_manager.o
                0x0800e08c                bn::palettes_bank::fill_hblank_effect_colors(bn::color const*, unsigned short*) const
 .text._ZNK2bn13palettes_bank7palette13apply_effectsEiPNS_5colorE
                0x0800e0bc       0xbc bn_palettes_manager.o
                0x0800e0bc                bn::palettes_bank::palette::apply_effects(int, bn::color*) const
 .text._ZNK2bn13palettes_bank25fill_hblank_effect_colorsEiPKNS_5colorEPt
                0x0800e178       0x44 bn_palettes_manager.o
                0x0800e178                bn::palettes_bank::fill_hblank_effect_colors(int, bn::color const*, unsigned short*) const
 .text._ZN2bn13palettes_bank15_update_paletteEi
                0x0800e1bc       0x7c bn_palettes_manager.o
                0x0800e1bc                bn::palettes_bank::_update_palette(int)
 .text._ZN2bn13palettes_bank6updateEv
                0x0800e238      0x134 bn_palettes_manager.o
                0x0800e238                bn::palettes_bank::update()
 .text._ZN2bn13palettes_bankC2Ev
                0x0800e36c       0xd4 bn_palettes_manager.o
                0x0800e36c                bn::palettes_bank::palettes_bank()
                0x0800e36c                bn::palettes_bank::palettes_bank()
 .text._ZN2bn16palettes_manager4initERKNS_8optionalINS_5colorEEE
                0x0800e440      0x184 bn_palettes_manager.o
                0x0800e440                bn::palettes_manager::init(bn::optional<bn::color> const&)
 .text._ZN2bn16palettes_manager20sprite_palettes_bankEv
                0x0800e5c4        0x8 bn_palettes_manager.o
                0x0800e5c4                bn::palettes_manager::sprite_palettes_bank()
 .text._ZN2bn16palettes_manager16bg_palettes_bankEv
                0x0800e5cc        0x8 bn_palettes_manager.o
                0x0800e5cc                bn::palettes_manager::bg_palettes_bank()
 .text._ZN2bn16palettes_manager6updateEv
                0x0800e5d4       0x20 bn_palettes_manager.o
                0x0800e5d4                bn::palettes_manager::update()
 .text._ZN2bn16palettes_manager6commitEb
                0x0800e5f4      0x104 bn_palettes_manager.o
                0x0800e5f4                bn::palettes_manager::commit(bool)
 .text._ZN2bn16palettes_manager4stopEv
                0x0800e6f8       0x20 bn_palettes_manager.o
                0x0800e6f8                bn::palettes_manager::stop()
 .text._ZN3_bn6assert9show_argsIA35_cEEvPKcS4_S4_iRKT_
                0x0800e718       0x48 bn_palettes_manager.o
                0x0800e718                void _bn::assert::show_args<char [35]>(char const*, char const*, char const*, int, char const (&) [35])
 .text._ZN2bn13palettes_bank11colors_hashERKNS_4spanIKNS_5colorEEE
                0x0800e760       0x48 bn_palettes_manager.o
                0x0800e760                bn::palettes_bank::colors_hash(bn::span<bn::color const> const&)
 .text._ZN3_bn6assert9show_argsIJA43_ciA38_cA42_cEEEvPKcS6_S6_iDpRKT_
                0x0800e7a8       0x64 bn_palettes_manager.o
                0x0800e7a8                void _bn::assert::show_args<char [43], int, char [38], char [42]>(char const*, char const*, char const*, int, char const (&) [43], int const&, char const (&) [38], char const (&) [42])
 .text._ZN2bn13palettes_bank12create_bpp_8ERKNS_4spanIKNS_5colorEEENS_16compression_typeEb
                0x0800e80c      0x230 bn_palettes_manager.o
                0x0800e80c                bn::palettes_bank::create_bpp_8(bn::span<bn::color const> const&, bn::compression_type, bool)
 .text._ZNK2bn19sprite_palette_item10decompressENS_4spanINS_5colorEEE
                0x0800ea3c      0x16c bn_palettes_manager.o
                0x0800ea3c                bn::sprite_palette_item::decompress(bn::span<bn::color>) const
 .text._ZNK2bn15bg_palette_item10decompressENS_4spanINS_5colorEEE
                0x0800eba8      0x16c bn_palettes_manager.o
                0x0800eba8                bn::bg_palette_item::decompress(bn::span<bn::color>) const
 .text._ZN2bn14iunordered_mapItsNS_15identity_hasherENS_8equal_toItEEE21insert_or_assign_hashEjOSt4pairIKtsE.isra.0
                0x0800ed14      0x110 bn_palettes_manager.o
 .text._ZN2bn13palettes_bank12create_bpp_4ERKNS_4spanIKNS_5colorEEEtb
                0x0800ee24      0x168 bn_palettes_manager.o
                0x0800ee24                bn::palettes_bank::create_bpp_4(bn::span<bn::color const> const&, unsigned short, bool)
 .text._ZN2bn12_GLOBAL__N_112_create_implERKNS_15bg_palette_itemEb
                0x0800ef8c       0x94 bn_palettes_manager.o
 .text._ZN2bn14bg_palette_ptr6createERKNS_15bg_palette_itemE
                0x0800f020       0x54 bn_palettes_manager.o
                0x0800f020                bn::bg_palette_ptr::create(bn::bg_palette_item const&)
 .text._ZN2bn12_GLOBAL__N_112_create_implERKNS_19sprite_palette_itemEb
                0x0800f074       0x7c bn_palettes_manager.o
 .text._ZN2bn18sprite_palette_ptr6createERKNS_19sprite_palette_itemE
                0x0800f0f0       0x48 bn_palettes_manager.o
                0x0800f0f0                bn::sprite_palette_ptr::create(bn::sprite_palette_item const&)
 .text._ZNK2bn19sprite_palette_item14create_paletteEv
                0x0800f138       0x48 bn_palettes_manager.o
                0x0800f138                bn::sprite_palette_item::create_palette() const
 .text._ZN2bn13palettes_bank30_erase_bpp_4_indexes_map_indexEt
                0x0800f180      0x1e0 bn_palettes_manager.o
                0x0800f180                bn::palettes_bank::_erase_bpp_4_indexes_map_index(unsigned short)
 .text._ZN2bn13palettes_bank15decrease_usagesEi
                0x0800f360       0x80 bn_palettes_manager.o
                0x0800f360                bn::palettes_bank::decrease_usages(int)
 .text._ZN2bn14bg_palette_ptraSERKS0_
                0x0800f3e0       0x4c bn_palettes_manager.o
                0x0800f3e0                bn::bg_palette_ptr::operator=(bn::bg_palette_ptr const&)
 .text._ZN2bn14bg_palette_ptrD2Ev
                0x0800f42c       0x20 bn_palettes_manager.o
                0x0800f42c                bn::bg_palette_ptr::~bg_palette_ptr()
                0x0800f42c                bn::bg_palette_ptr::~bg_palette_ptr()
 .text._ZN2bn18sprite_palette_ptraSERKS0_
                0x0800f44c       0x40 bn_palettes_manager.o
                0x0800f44c                bn::sprite_palette_ptr::operator=(bn::sprite_palette_ptr const&)
 .text._ZN2bn18sprite_palette_ptrD2Ev
                0x0800f48c       0x20 bn_palettes_manager.o
                0x0800f48c                bn::sprite_palette_ptr::~sprite_palette_ptr()
                0x0800f48c                bn::sprite_palette_ptr::~sprite_palette_ptr()
 .text.startup._GLOBAL__sub_I__ZN2bn11bg_palettes17used_colors_countEv
                0x0800f4ac       0x34 bn_palettes_manager.o
 .text._ZN2bn26sprite_affine_mats_manager12_GLOBAL__N_119_sprite_double_sizeILi32ELi16EEEbiiiii
                0x0800f4e0       0x84 bn_sprite_affine_mats_manager.o
 .text._ZN2bn26sprite_affine_mats_manager12_GLOBAL__N_119_sprite_double_sizeILi16ELi32EEEbiiiii
                0x0800f564       0x84 bn_sprite_affine_mats_manager.o
 .text._ZN2bn26sprite_affine_mats_manager12_GLOBAL__N_111static_dataD2Ev
                0x0800f5e8       0x3c bn_sprite_affine_mats_manager.o
 .text._ZNK2bn26sprite_affine_mats_manager12_GLOBAL__N_19item_type18sprite_double_sizeEiRKNS_17sprite_shape_sizeE.isra.0
                0x0800f624      0x1ac bn_sprite_affine_mats_manager.o
 .text._ZN2bn26sprite_affine_mats_manager12_GLOBAL__N_124_update_flipped_identityEi
                0x0800f7d0       0xbc bn_sprite_affine_mats_manager.o
 .text._ZN2bn21sprite_affine_mat_ptrC2ERKS0_
                0x0800f88c       0x20 bn_sprite_affine_mats_manager.o
                0x0800f88c                bn::sprite_affine_mat_ptr::sprite_affine_mat_ptr(bn::sprite_affine_mat_ptr const&)
                0x0800f88c                bn::sprite_affine_mat_ptr::sprite_affine_mat_ptr(bn::sprite_affine_mat_ptr const&)
 .text._ZNK2bn21sprite_affine_mat_ptr14rotation_angleEv
                0x0800f8ac       0x14 bn_sprite_affine_mats_manager.o
                0x0800f8ac                bn::sprite_affine_mat_ptr::rotation_angle() const
 .text._ZNK2bn21sprite_affine_mat_ptr16horizontal_scaleEv
                0x0800f8c0       0x18 bn_sprite_affine_mats_manager.o
                0x0800f8c0                bn::sprite_affine_mat_ptr::horizontal_scale() const
 .text._ZNK2bn21sprite_affine_mat_ptr14vertical_scaleEv
                0x0800f8d8       0x18 bn_sprite_affine_mats_manager.o
                0x0800f8d8                bn::sprite_affine_mat_ptr::vertical_scale() const
 .text._ZNK2bn21sprite_affine_mat_ptr16horizontal_shearEv
                0x0800f8f0       0x18 bn_sprite_affine_mats_manager.o
                0x0800f8f0                bn::sprite_affine_mat_ptr::horizontal_shear() const
 .text._ZN2bn21sprite_affine_mat_ptr20set_horizontal_shearENS_7fixed_tILi12EEE
                0x0800f908       0x8c bn_sprite_affine_mats_manager.o
                0x0800f908                bn::sprite_affine_mat_ptr::set_horizontal_shear(bn::fixed_t<12>)
 .text._ZNK2bn21sprite_affine_mat_ptr14vertical_shearEv
                0x0800f994       0x18 bn_sprite_affine_mats_manager.o
                0x0800f994                bn::sprite_affine_mat_ptr::vertical_shear() const
 .text._ZN2bn21sprite_affine_mat_ptr18set_vertical_shearENS_7fixed_tILi12EEE
                0x0800f9ac       0x88 bn_sprite_affine_mats_manager.o
                0x0800f9ac                bn::sprite_affine_mat_ptr::set_vertical_shear(bn::fixed_t<12>)
 .text._ZNK2bn21sprite_affine_mat_ptr15horizontal_flipEv
                0x0800fa34       0x18 bn_sprite_affine_mats_manager.o
                0x0800fa34                bn::sprite_affine_mat_ptr::horizontal_flip() const
 .text._ZN2bn21sprite_affine_mat_ptr19set_horizontal_flipEb
                0x0800fa4c       0x78 bn_sprite_affine_mats_manager.o
                0x0800fa4c                bn::sprite_affine_mat_ptr::set_horizontal_flip(bool)
 .text._ZNK2bn21sprite_affine_mat_ptr13vertical_flipEv
                0x0800fac4       0x18 bn_sprite_affine_mats_manager.o
                0x0800fac4                bn::sprite_affine_mat_ptr::vertical_flip() const
 .text._ZN2bn21sprite_affine_mat_ptr17set_vertical_flipEb
                0x0800fadc       0x74 bn_sprite_affine_mats_manager.o
                0x0800fadc                bn::sprite_affine_mat_ptr::set_vertical_flip(bool)
 .text._ZNK2bn21sprite_affine_mat_ptr16flipped_identityEv
                0x0800fb50       0x14 bn_sprite_affine_mats_manager.o
                0x0800fb50                bn::sprite_affine_mat_ptr::flipped_identity() const
 .text._ZN2bn26sprite_affine_mats_manager13attach_spriteEiRNS_24intrusive_list_node_typeE
                0x0800fb64       0x2c bn_sprite_affine_mats_manager.o
                0x0800fb64                bn::sprite_affine_mats_manager::attach_sprite(int, bn::intrusive_list_node_type&)
 .text._ZN2bn26sprite_affine_mats_manager9set_shearEiNS_7fixed_tILi12EEE
                0x0800fb90       0xd0 bn_sprite_affine_mats_manager.o
                0x0800fb90                bn::sprite_affine_mats_manager::set_shear(int, bn::fixed_t<12>)
 .text._ZN2bn21sprite_affine_mat_ptr9set_shearENS_7fixed_tILi12EEE
                0x0800fc60       0x14 bn_sprite_affine_mats_manager.o
                0x0800fc60                bn::sprite_affine_mat_ptr::set_shear(bn::fixed_t<12>)
 .text._ZN2bn26sprite_affine_mats_manager18sprite_double_sizeEiRKNS_17sprite_shape_sizeE
                0x0800fc74       0x4c bn_sprite_affine_mats_manager.o
                0x0800fc74                bn::sprite_affine_mats_manager::sprite_double_size(int, bn::sprite_shape_size const&)
 .text._ZN2bn26sprite_affine_mats_manager6reloadEi
                0x0800fcc0       0x28 bn_sprite_affine_mats_manager.o
                0x0800fcc0                bn::sprite_affine_mats_manager::reload(int)
 .text._ZN2bn26sprite_affine_mats_manager20retrieve_commit_dataEv
                0x0800fce8       0x38 bn_sprite_affine_mats_manager.o
                0x0800fce8                bn::sprite_affine_mats_manager::retrieve_commit_data()
 .text._ZN3_bn6assert9show_argsIA37_cEEvPKcS4_S4_iRKT_
                0x0800fd20       0x48 bn_sprite_affine_mats_manager.o
                0x0800fd20                void _bn::assert::show_args<char [37]>(char const*, char const*, char const*, int, char const (&) [37])
 .text._ZN2bn26sprite_affine_mats_manager18set_rotation_angleEiNS_7fixed_tILi12EEE
                0x0800fd68      0x144 bn_sprite_affine_mats_manager.o
                0x0800fd68                bn::sprite_affine_mats_manager::set_rotation_angle(int, bn::fixed_t<12>)
 .text._ZN2bn21sprite_affine_mat_ptr18set_rotation_angleENS_7fixed_tILi12EEE
                0x0800feac       0x14 bn_sprite_affine_mats_manager.o
                0x0800feac                bn::sprite_affine_mat_ptr::set_rotation_angle(bn::fixed_t<12>)
 .text._ZN2bn26sprite_affine_mats_manager20set_horizontal_scaleEiNS_7fixed_tILi12EEE
                0x0800fec0      0x104 bn_sprite_affine_mats_manager.o
                0x0800fec0                bn::sprite_affine_mats_manager::set_horizontal_scale(int, bn::fixed_t<12>)
 .text._ZN2bn21sprite_affine_mat_ptr20set_horizontal_scaleENS_7fixed_tILi12EEE
                0x0800ffc4       0x14 bn_sprite_affine_mats_manager.o
                0x0800ffc4                bn::sprite_affine_mat_ptr::set_horizontal_scale(bn::fixed_t<12>)
 .text._ZN2bn26sprite_affine_mats_manager18set_vertical_scaleEiNS_7fixed_tILi12EEE
                0x0800ffd8      0x100 bn_sprite_affine_mats_manager.o
                0x0800ffd8                bn::sprite_affine_mats_manager::set_vertical_scale(int, bn::fixed_t<12>)
 .text._ZN2bn21sprite_affine_mat_ptr18set_vertical_scaleENS_7fixed_tILi12EEE
                0x080100d8       0x14 bn_sprite_affine_mats_manager.o
                0x080100d8                bn::sprite_affine_mat_ptr::set_vertical_scale(bn::fixed_t<12>)
 .text._ZN2bn26sprite_affine_mats_manager9set_scaleEiNS_7fixed_tILi12EEE
                0x080100ec      0x14c bn_sprite_affine_mats_manager.o
                0x080100ec                bn::sprite_affine_mats_manager::set_scale(int, bn::fixed_t<12>)
 .text._ZN2bn21sprite_affine_mat_ptr9set_scaleENS_7fixed_tILi12EEE
                0x08010238       0x14 bn_sprite_affine_mats_manager.o
                0x08010238                bn::sprite_affine_mat_ptr::set_scale(bn::fixed_t<12>)
 .text._ZN3_bn6assert9show_argsIA16_cEEvPKcS4_S4_iRKT_
                0x0801024c       0x48 bn_sprite_affine_mats_manager.o
                0x0801024c                void _bn::assert::show_args<char [16]>(char const*, char const*, char const*, int, char const (&) [16])
 .text._ZN2bn26sprite_affine_mats_manager12_GLOBAL__N_115_new_item_indexEv
                0x08010294       0xd8 bn_sprite_affine_mats_manager.o
 .text._ZN2bn26sprite_affine_mats_manager15create_optionalERKNS_21affine_mat_attributesE
                0x0801036c       0xe4 bn_sprite_affine_mats_manager.o
                0x0801036c                bn::sprite_affine_mats_manager::create_optional(bn::affine_mat_attributes const&)
 .text._ZN2bn21sprite_affine_mat_ptr6createERKNS_21affine_mat_attributesE
                0x08010450       0x40 bn_sprite_affine_mats_manager.o
                0x08010450                bn::sprite_affine_mat_ptr::create(bn::affine_mat_attributes const&)
 .text._ZN2bn21sprite_affine_mat_ptr6createEv
                0x08010490       0xb0 bn_sprite_affine_mats_manager.o
                0x08010490                bn::sprite_affine_mat_ptr::create()
 .text._ZN2bn26sprite_affine_mats_manager15decrease_usagesEi.part.0
                0x08010540       0x70 bn_sprite_affine_mats_manager.o
 .text._ZN2bn21sprite_affine_mat_ptrD2Ev
                0x080105b0       0x34 bn_sprite_affine_mats_manager.o
                0x080105b0                bn::sprite_affine_mat_ptr::~sprite_affine_mat_ptr()
                0x080105b0                bn::sprite_affine_mat_ptr::~sprite_affine_mat_ptr()
 .text._ZN2bn26sprite_affine_mats_manager6updateEv
                0x080105e4      0x2cc bn_sprite_affine_mats_manager.o
                0x080105e4                bn::sprite_affine_mats_manager::update()
 .text._ZN2bn21sprite_affine_mat_ptraSERKS0_
                0x080108b0       0x50 bn_sprite_affine_mats_manager.o
                0x080108b0                bn::sprite_affine_mat_ptr::operator=(bn::sprite_affine_mat_ptr const&)
 .text._ZN2bn26sprite_affine_mats_manager4initEPv
                0x08010900      0x108 bn_sprite_affine_mats_manager.o
                0x08010900                bn::sprite_affine_mats_manager::init(void*)
 .text._ZN2bn26sprite_affine_mats_manager14dettach_spriteEiRNS_24intrusive_list_node_typeE
                0x08010a08       0x4c bn_sprite_affine_mats_manager.o
                0x08010a08                bn::sprite_affine_mats_manager::dettach_sprite(int, bn::intrusive_list_node_type&)
 .text.startup._GLOBAL__sub_I__ZN2bn18sprite_affine_mats10used_countEv
                0x08010a54       0xb4 bn_sprite_affine_mats_manager.o
 .text._ZN2bn22isprite_animate_action9_set_refsERNS_10sprite_ptrERNS_17sprite_tiles_itemERNS_7ivectorItEE
                0x08010b08        0x4 bn_sprite_animate_actions.o
                0x08010b08                bn::isprite_animate_action::_set_refs(bn::sprite_ptr&, bn::sprite_tiles_item&, bn::ivector<unsigned short>&)
 .text._ZN2bn22isprite_animate_action7_assignERKS0_
                0x08010b0c       0x10 bn_sprite_animate_actions.o
                0x08010b0c                bn::isprite_animate_action::_assign(bn::isprite_animate_action const&)
 .text._ZN2bn22isprite_animate_action16set_wait_updatesEi
                0x08010b1c       0x68 bn_sprite_animate_actions.o
                0x08010b1c                bn::isprite_animate_action::set_wait_updates(int)
 .text._ZN3_bn6assert9show_argsIA33_ciEEvPKcS4_S4_iRKT_RKT0_
                0x08010b84       0x54 bn_sprite_animate_actions.o
                0x08010b84                void _bn::assert::show_args<char [33], int>(char const*, char const*, char const*, int, char const (&) [33], int const&)
 .text._ZN2bn22isprite_animate_action24_assign_graphics_indexesERKNS_4spanIKtEE
                0x08010bd8       0x84 bn_sprite_animate_actions.o
                0x08010bd8                bn::isprite_animate_action::_assign_graphics_indexes(bn::span<unsigned short const> const&)
 .text._ZN2bn22isprite_animate_action6updateEv
                0x08010c5c       0xb8 bn_sprite_animate_actions.o
                0x08010c5c                bn::isprite_animate_action::update()
 .text._ZN2bn15sprites_manager12_GLOBAL__N_132_always_update_indexes_to_commitERKNS_20sprites_manager_itemE
                0x08010d14       0x48 bn_sprites_manager.o
 .text._ZN2bn15sprites_manager12_GLOBAL__N_111static_dataD2Ev
                0x08010d5c       0x44 bn_sprites_manager.o
 .text._ZN2bn13ostringstream11append_argsIiJA4_ciEEEvRKT_DpRKT0_.isra.0
                0x08010da0       0x24 bn_sprites_manager.o
 .text._ZN2bn15sprites_manager12_GLOBAL__N_123_update_item_dimensionsERNS_20sprites_manager_itemE
                0x08010dc4       0xc8 bn_sprites_manager.o
 .text._ZN2bn15sprites_manager12_GLOBAL__N_123_update_item_shape_sizeERKNS_17sprite_shape_sizeERNS_20sprites_manager_itemE
                0x08010e8c       0x7c bn_sprites_manager.o
 .text._ZN2bn7sprites7visibleEv
                0x08010f08        0xc bn_sprites_manager.o
                0x08010f08                bn::sprites::visible()
 .text._ZN2bn7sprites11set_visibleEb
                0x08010f14        0xc bn_sprites_manager.o
                0x08010f14                bn::sprites::set_visible(bool)
 .text._ZN2bn10sprite_ptrC2ERKS0_
                0x08010f20        0xc bn_sprites_manager.o
                0x08010f20                bn::sprite_ptr::sprite_ptr(bn::sprite_ptr const&)
                0x08010f20                bn::sprite_ptr::sprite_ptr(bn::sprite_ptr const&)
 .text._ZNK2bn10sprite_ptr1xEv
                0x08010f2c        0x8 bn_sprites_manager.o
                0x08010f2c                bn::sprite_ptr::x() const
 .text._ZN2bn10sprite_ptr5set_xENS_7fixed_tILi12EEE
                0x08010f34       0x48 bn_sprites_manager.o
                0x08010f34                bn::sprite_ptr::set_x(bn::fixed_t<12>)
 .text._ZNK2bn10sprite_ptr1yEv
                0x08010f7c        0x8 bn_sprites_manager.o
                0x08010f7c                bn::sprite_ptr::y() const
 .text._ZN2bn10sprite_ptr5set_yENS_7fixed_tILi12EEE
                0x08010f84       0x48 bn_sprites_manager.o
                0x08010f84                bn::sprite_ptr::set_y(bn::fixed_t<12>)
 .text._ZNK2bn10sprite_ptr8positionEv
                0x08010fcc        0x8 bn_sprites_manager.o
                0x08010fcc                bn::sprite_ptr::position() const
 .text._ZN2bn10sprite_ptr12set_positionERKNS_13fixed_point_tILi12EEE
                0x08010fd4       0x7c bn_sprites_manager.o
                0x08010fd4                bn::sprite_ptr::set_position(bn::fixed_point_t<12> const&)
 .text._ZNK2bn10sprite_ptr14rotation_angleEv
                0x08011050       0x1c bn_sprites_manager.o
                0x08011050                bn::sprite_ptr::rotation_angle() const
 .text._ZNK2bn10sprite_ptr16horizontal_scaleEv
                0x0801106c       0x1c bn_sprites_manager.o
                0x0801106c                bn::sprite_ptr::horizontal_scale() const
 .text._ZNK2bn10sprite_ptr14vertical_scaleEv
                0x08011088       0x1c bn_sprites_manager.o
                0x08011088                bn::sprite_ptr::vertical_scale() const
 .text._ZNK2bn10sprite_ptr16horizontal_shearEv
                0x080110a4       0x1c bn_sprites_manager.o
                0x080110a4                bn::sprite_ptr::horizontal_shear() const
 .text._ZNK2bn10sprite_ptr14vertical_shearEv
                0x080110c0       0x1c bn_sprites_manager.o
                0x080110c0                bn::sprite_ptr::vertical_shear() const
 .text._ZNK2bn10sprite_ptr11bg_priorityEv
                0x080110dc        0x8 bn_sprites_manager.o
                0x080110dc                bn::sprite_ptr::bg_priority() const
 .text._ZNK2bn10sprite_ptr7z_orderEv
                0x080110e4       0x10 bn_sprites_manager.o
                0x080110e4                bn::sprite_ptr::z_order() const
 .text._ZNK2bn10sprite_ptr15horizontal_flipEv
                0x080110f4       0x20 bn_sprites_manager.o
                0x080110f4                bn::sprite_ptr::horizontal_flip() const
 .text._ZN2bn10sprite_ptr19set_horizontal_flipEb
                0x08011114       0x54 bn_sprites_manager.o
                0x08011114                bn::sprite_ptr::set_horizontal_flip(bool)
 .text._ZN2bn10sprite_ptr17set_vertical_flipEb
                0x08011168       0x54 bn_sprites_manager.o
                0x08011168                bn::sprite_ptr::set_vertical_flip(bool)
 .text._ZN2bn10sprite_ptr18set_mosaic_enabledEb
                0x080111bc       0x40 bn_sprites_manager.o
                0x080111bc                bn::sprite_ptr::set_mosaic_enabled(bool)
 .text._ZNK2bn10sprite_ptr16double_size_modeEv
                0x080111fc        0xc bn_sprites_manager.o
                0x080111fc                bn::sprite_ptr::double_size_mode() const
 .text._ZNK2bn10sprite_ptr7visibleEv
                0x08011208        0xc bn_sprites_manager.o
                0x08011208                bn::sprite_ptr::visible() const
 .text._ZN2bn10sprite_ptr11set_visibleEb
                0x08011214       0x64 bn_sprites_manager.o
                0x08011214                bn::sprite_ptr::set_visible(bool)
 .text._ZN2bn14sprite_builderC2ERKNS_11sprite_itemE
                0x08011278       0x6c bn_sprites_manager.o
                0x08011278                bn::sprite_builder::sprite_builder(bn::sprite_item const&)
                0x08011278                bn::sprite_builder::sprite_builder(bn::sprite_item const&)
 .text._ZN2bn14sprite_builder19set_horizontal_flipEb
                0x080112e4       0x1c bn_sprites_manager.o
                0x080112e4                bn::sprite_builder::set_horizontal_flip(bool)
 .text._ZN2bn15sprites_manager4initEv
                0x08011300       0xd0 bn_sprites_manager.o
                0x08011300                bn::sprites_manager::init()
 .text._ZN2bn15sprites_manager5hw_idEPv
                0x080113d0        0x8 bn_sprites_manager.o
                0x080113d0                bn::sprites_manager::hw_id(void*)
 .text._ZN2bn15sprites_manager5shapeEPv
                0x080113d8        0x8 bn_sprites_manager.o
                0x080113d8                bn::sprites_manager::shape(void*)
 .text._ZN2bn15sprites_manager4sizeEPv
                0x080113e0        0x8 bn_sprites_manager.o
                0x080113e0                bn::sprites_manager::size(void*)
 .text._ZN2bn15sprites_manager10shape_sizeEPv
                0x080113e8       0x14 bn_sprites_manager.o
                0x080113e8                bn::sprites_manager::shape_size(void*)
 .text._ZN2bn15sprites_manager11hw_positionEPv
                0x080113fc        0x4 bn_sprites_manager.o
                0x080113fc                bn::sprites_manager::hw_position(void*)
 .text._ZN2bn15sprites_manager19set_horizontal_flipEPvb
                0x08011400       0x50 bn_sprites_manager.o
                0x08011400                bn::sprites_manager::set_horizontal_flip(void*, bool)
 .text._ZN2bn15sprites_manager17set_vertical_flipEPvb
                0x08011450       0x50 bn_sprites_manager.o
                0x08011450                bn::sprites_manager::set_vertical_flip(void*, bool)
 .text._ZN2bn15sprites_manager9view_modeEPv
                0x080114a0        0xc bn_sprites_manager.o
                0x080114a0                bn::sprites_manager::view_mode(void*)
 .text._ZN2bn15sprites_manager10affine_matEPv
                0x080114ac        0x4 bn_sprites_manager.o
                0x080114ac                bn::sprites_manager::affine_mat(void*)
 .text._ZN2bn15sprites_manager22reserved_handles_countEv
                0x080114b0       0x10 bn_sprites_manager.o
                0x080114b0                bn::sprites_manager::reserved_handles_count()
 .text._ZN2bn15sprites_manager6reloadEPv
                0x080114c0       0x58 bn_sprites_manager.o
                0x080114c0                bn::sprites_manager::reload(void*)
 .text._ZN2bn15sprites_manager15reload_blendingEv
                0x08011518       0xd4 bn_sprites_manager.o
                0x08011518                bn::sprites_manager::reload_blending()
 .text._ZN2bn15sprites_manager39fill_hblank_effect_horizontal_positionsEPviPKNS_7fixed_tILi12EEEPt
                0x080115ec       0x44 bn_sprites_manager.o
                0x080115ec                bn::sprites_manager::fill_hblank_effect_horizontal_positions(void*, int, bn::fixed_t<12> const*, unsigned short*)
 .text._ZN2bn15sprites_manager37fill_hblank_effect_vertical_positionsEPviPKNS_7fixed_tILi12EEEPt
                0x08011630       0x44 bn_sprites_manager.o
                0x08011630                bn::sprites_manager::fill_hblank_effect_vertical_positions(void*, int, bn::fixed_t<12> const*, unsigned short*)
 .text._ZN2bn15sprites_manager35fill_hblank_effect_first_attributesEiNS_12sprite_shapeENS_8bpp_modeEiPKNS_23sprite_first_attributesEPt
                0x08011674       0xdc bn_sprites_manager.o
                0x08011674                bn::sprites_manager::fill_hblank_effect_first_attributes(int, bn::sprite_shape, bn::bpp_mode, int, bn::sprite_first_attributes const*, unsigned short*)
 .text._ZN2bn15sprites_manager44fill_hblank_effect_regular_second_attributesEPviNS_11sprite_sizeEPKNS_32sprite_regular_second_attributesEPt
                0x08011750       0x60 bn_sprites_manager.o
                0x08011750                bn::sprites_manager::fill_hblank_effect_regular_second_attributes(void*, int, bn::sprite_size, bn::sprite_regular_second_attributes const*, unsigned short*)
 .text._ZN2bn15sprites_manager43fill_hblank_effect_affine_second_attributesEPviNS_11sprite_sizeEPKNS_31sprite_affine_second_attributesEPt
                0x080117b0       0x58 bn_sprites_manager.o
                0x080117b0                bn::sprites_manager::fill_hblank_effect_affine_second_attributes(void*, int, bn::sprite_size, bn::sprite_affine_second_attributes const*, unsigned short*)
 .text._ZN2bn15sprites_manager14update_camerasEv
                0x08011808       0x20 bn_sprites_manager.o
                0x08011808                bn::sprites_manager::update_cameras()
 .text._ZN2bn15sprites_manager23update_auto_double_sizeEPv
                0x08011828       0x2c bn_sprites_manager.o
                0x08011828                bn::sprites_manager::update_auto_double_size(void*)
 .text._ZN2bn15sprites_manager6commitEb
                0x08011854       0xa4 bn_sprites_manager.o
                0x08011854                bn::sprites_manager::commit(bool)
 .text._ZN3_bn6assert9show_argsIA54_cEEvPKcS4_S4_iRKT_
                0x080118f8       0x48 bn_sprites_manager.o
                0x080118f8                void _bn::assert::show_args<char [54]>(char const*, char const*, char const*, int, char const (&) [54])
 .text._ZN2bn14sprite_builder20set_blending_enabledEb
                0x08011940       0x3c bn_sprites_manager.o
                0x08011940                bn::sprite_builder::set_blending_enabled(bool)
 .text._ZN2bn15sprites_manager20set_blending_enabledEPvb
                0x0801197c       0x9c bn_sprites_manager.o
                0x0801197c                bn::sprites_manager::set_blending_enabled(void*, bool)
 .text._ZN2bn15sprites_manager18set_window_enabledEPvb
                0x08011a18       0x6c bn_sprites_manager.o
                0x08011a18                bn::sprites_manager::set_window_enabled(void*, bool)
 .text._ZN2bn15sprites_manager20set_first_attributesEPvRKNS_23sprite_first_attributesE
                0x08011a84       0xe8 bn_sprites_manager.o
                0x08011a84                bn::sprites_manager::set_first_attributes(void*, bn::sprite_first_attributes const&)
 .text._ZN2bn10sprite_ptr20set_first_attributesERKNS_23sprite_first_attributesE
                0x08011b6c       0x10 bn_sprites_manager.o
                0x08011b6c                bn::sprite_ptr::set_first_attributes(bn::sprite_first_attributes const&)
 .text._ZNK2bn10sprite_ptr16first_attributesEv
                0x08011b7c       0x60 bn_sprites_manager.o
                0x08011b7c                bn::sprite_ptr::first_attributes() const
 .text._ZNK2bn17sprite_shape_size6heightEv.isra.0
                0x08011bdc       0xd0 bn_sprites_manager.o
 .text._ZNK2bn17sprite_shape_size5widthEv.isra.0
                0x08011cac       0xcc bn_sprites_manager.o
 .text._ZN2bn15sprites_manager12_GLOBAL__N_118_remove_affine_matERNS_20sprites_manager_itemE
                0x08011d78       0xe4 bn_sprites_manager.o
 .text._ZN2bn15sprites_manager42remove_identity_affine_mat_when_not_neededEPv
                0x08011e5c        0xc bn_sprites_manager.o
                0x08011e5c                bn::sprites_manager::remove_identity_affine_mat_when_not_needed(void*)
 .text._ZN2bn14sprite_builder15release_paletteEv
                0x08011e68       0x6c bn_sprites_manager.o
                0x08011e68                bn::sprite_builder::release_palette()
 .text._ZN2bn14sprite_builder13release_tilesEv
                0x08011ed4       0x6c bn_sprites_manager.o
                0x08011ed4                bn::sprite_builder::release_tiles()
 .text._ZN2bn15sprites_manager7paletteEPv
                0x08011f40       0x34 bn_sprites_manager.o
                0x08011f40                bn::sprites_manager::palette(void*)
 .text._ZN3_bn6assert9show_argsIA27_chEEvPKcS4_S4_iRKT_RKT0_
                0x08011f74       0x54 bn_sprites_manager.o
                0x08011f74                void _bn::assert::show_args<char [27], unsigned char>(char const*, char const*, char const*, int, char const (&) [27], unsigned char const&)
 .text._ZN2bn20sprites_manager_item13_builder_initERKNS_14sprite_builderE
                0x08011fc8      0x350 bn_sprites_manager.o
                0x08011fc8                bn::sprites_manager_item::_builder_init(bn::sprite_builder const&)
 .text._ZNK2bn20sprites_manager_item15new_double_sizeEi.part.0
                0x08012318       0x30 bn_sprites_manager.o
 .text._ZN2bn15sprites_manager12_GLOBAL__N_118_assign_affine_matEbRNS_20sprites_manager_itemEONS_21sprite_affine_mat_ptrE
                0x08012348      0x11c bn_sprites_manager.o
 .text._ZN2bn15sprites_manager18set_new_affine_matEPvRNS_21affine_mat_attributesE
                0x08012464       0x7c bn_sprites_manager.o
                0x08012464                bn::sprites_manager::set_new_affine_mat(void*, bn::affine_mat_attributes&)
 .text._ZN2bn10sprite_ptr20set_horizontal_shearENS_7fixed_tILi12EEE
                0x080124e0       0x4c bn_sprites_manager.o
                0x080124e0                bn::sprite_ptr::set_horizontal_shear(bn::fixed_t<12>)
 .text._ZN2bn10sprite_ptr18set_vertical_shearENS_7fixed_tILi12EEE
                0x0801252c       0x4c bn_sprites_manager.o
                0x0801252c                bn::sprite_ptr::set_vertical_shear(bn::fixed_t<12>)
 .text._ZN2bn10sprite_ptr9set_shearENS_7fixed_tILi12EEE
                0x08012578       0x50 bn_sprites_manager.o
                0x08012578                bn::sprite_ptr::set_shear(bn::fixed_t<12>)
 .text._ZN2bn10sprite_ptr20set_double_size_modeENS_23sprite_double_size_modeE
                0x080125c8       0x94 bn_sprites_manager.o
                0x080125c8                bn::sprite_ptr::set_double_size_mode(bn::sprite_double_size_mode)
 .text._ZN2bn14sprite_builder11set_z_orderEi
                0x0801265c       0x48 bn_sprites_manager.o
                0x0801265c                bn::sprite_builder::set_z_order(int)
 .text._ZN2bn14sprite_builderC2ERKNS_17sprite_shape_sizeENS_16sprite_tiles_ptrENS_18sprite_palette_ptrE
                0x080126a4      0x298 bn_sprites_manager.o
                0x080126a4                bn::sprite_builder::sprite_builder(bn::sprite_shape_size const&, bn::sprite_tiles_ptr, bn::sprite_palette_ptr)
                0x080126a4                bn::sprite_builder::sprite_builder(bn::sprite_shape_size const&, bn::sprite_tiles_ptr, bn::sprite_palette_ptr)
 .text._ZN2bn15sprites_manager9set_tilesEPvONS_16sprite_tiles_ptrE
                0x0801293c      0x24c bn_sprites_manager.o
                0x0801293c                bn::sprites_manager::set_tiles(void*, bn::sprite_tiles_ptr&&)
 .text._ZN2bn10sprite_ptr9set_tilesEONS_16sprite_tiles_ptrE
                0x08012b88       0x10 bn_sprites_manager.o